Archive member included to satisfy reference by file (symbol)

c:/MaximSDK/Libraries/PeriphDrivers/bin/MAX78000/softfp/libPeriphDriver_softfp.a(mxc_delay.o)
                              c:/Users/user/eclipse-workspace/kws20_demo/build/main.o (MXC_Delay)
c:/MaximSDK/Libraries/PeriphDrivers/bin/MAX78000/softfp/libPeriphDriver_softfp.a(pins_ai85.o)
                              c:/Users/user/eclipse-workspace/kws20_demo/build/camera.o (gpio_cfg_pcif_xclk)
c:/MaximSDK/Libraries/PeriphDrivers/bin/MAX78000/softfp/libPeriphDriver_softfp.a(sys_ai85.o)
                              c:/Users/user/eclipse-workspace/kws20_demo/build/cnn.o (MXC_SYS_ClockDisable)
c:/MaximSDK/Libraries/PeriphDrivers/bin/MAX78000/softfp/libPeriphDriver_softfp.a(nvic_table.o)
                              c:/Users/user/eclipse-workspace/kws20_demo/build/main.o (NVIC_SetVector)
c:/MaximSDK/Libraries/PeriphDrivers/bin/MAX78000/softfp/libPeriphDriver_softfp.a(cameraif_ai85.o)
                              c:/Users/user/eclipse-workspace/kws20_demo/build/camera.o (MXC_PCIF_Init)
c:/MaximSDK/Libraries/PeriphDrivers/bin/MAX78000/softfp/libPeriphDriver_softfp.a(cameraif_reva.o)
                              c:/MaximSDK/Libraries/PeriphDrivers/bin/MAX78000/softfp/libPeriphDriver_softfp.a(cameraif_ai85.o) (MXC_PCIF_RevA_SetDatawidth)
c:/MaximSDK/Libraries/PeriphDrivers/bin/MAX78000/softfp/libPeriphDriver_softfp.a(gpio_ai85.o)
                              c:/Users/user/eclipse-workspace/kws20_demo/build/cnn.o (MXC_GPIO_Config)
c:/MaximSDK/Libraries/PeriphDrivers/bin/MAX78000/softfp/libPeriphDriver_softfp.a(gpio_reva.o)
                              c:/MaximSDK/Libraries/PeriphDrivers/bin/MAX78000/softfp/libPeriphDriver_softfp.a(gpio_ai85.o) (MXC_GPIO_RevA_InGet)
c:/MaximSDK/Libraries/PeriphDrivers/bin/MAX78000/softfp/libPeriphDriver_softfp.a(i2c_me17.o)
                              c:/Users/user/eclipse-workspace/kws20_demo/build/max20303.o (MXC_I2C_Init)
c:/MaximSDK/Libraries/PeriphDrivers/bin/MAX78000/softfp/libPeriphDriver_softfp.a(i2c_reva.o)
                              c:/MaximSDK/Libraries/PeriphDrivers/bin/MAX78000/softfp/libPeriphDriver_softfp.a(i2c_me17.o) (MXC_I2C_RevA_DMACallback)
c:/MaximSDK/Libraries/PeriphDrivers/bin/MAX78000/softfp/libPeriphDriver_softfp.a(i2s_ai85.o)
                              c:/Users/user/eclipse-workspace/kws20_demo/build/main.o (MXC_I2S_Init)
c:/MaximSDK/Libraries/PeriphDrivers/bin/MAX78000/softfp/libPeriphDriver_softfp.a(i2s_reva.o)
                              c:/MaximSDK/Libraries/PeriphDrivers/bin/MAX78000/softfp/libPeriphDriver_softfp.a(i2s_ai85.o) (MXC_I2S_RevA_Init)
c:/MaximSDK/Libraries/PeriphDrivers/bin/MAX78000/softfp/libPeriphDriver_softfp.a(icc_me17.o)
                              c:/Users/user/eclipse-workspace/kws20_demo/build/main.o (MXC_ICC_Enable)
c:/MaximSDK/Libraries/PeriphDrivers/bin/MAX78000/softfp/libPeriphDriver_softfp.a(icc_reva.o)
                              c:/MaximSDK/Libraries/PeriphDrivers/bin/MAX78000/softfp/libPeriphDriver_softfp.a(icc_me17.o) (MXC_ICC_RevA_ID)
c:/MaximSDK/Libraries/PeriphDrivers/bin/MAX78000/softfp/libPeriphDriver_softfp.a(pt_me17.o)
                              c:/Users/user/eclipse-workspace/kws20_demo/build/camera.o (MXC_PT_Init)
c:/MaximSDK/Libraries/PeriphDrivers/bin/MAX78000/softfp/libPeriphDriver_softfp.a(pt_reva.o)
                              c:/MaximSDK/Libraries/PeriphDrivers/bin/MAX78000/softfp/libPeriphDriver_softfp.a(pt_me17.o) (MXC_PT_RevA_Init)
c:/MaximSDK/Libraries/PeriphDrivers/bin/MAX78000/softfp/libPeriphDriver_softfp.a(spi_me17.o)
                              c:/Users/user/eclipse-workspace/kws20_demo/build/tft_fthr.o (MXC_SPI_Init)
c:/MaximSDK/Libraries/PeriphDrivers/bin/MAX78000/softfp/libPeriphDriver_softfp.a(spi_reva.o)
                              c:/MaximSDK/Libraries/PeriphDrivers/bin/MAX78000/softfp/libPeriphDriver_softfp.a(spi_me17.o) (MXC_SPI_RevA_Init)
c:/MaximSDK/Libraries/PeriphDrivers/bin/MAX78000/softfp/libPeriphDriver_softfp.a(tmr_ai85.o)
                              c:/Users/user/eclipse-workspace/kws20_demo/build/ov7692.o (MXC_TMR_Delay)
c:/MaximSDK/Libraries/PeriphDrivers/bin/MAX78000/softfp/libPeriphDriver_softfp.a(tmr_revb.o)
                              c:/MaximSDK/Libraries/PeriphDrivers/bin/MAX78000/softfp/libPeriphDriver_softfp.a(tmr_ai85.o) (MXC_TMR_RevB_Init)
c:/MaximSDK/Libraries/PeriphDrivers/bin/MAX78000/softfp/libPeriphDriver_softfp.a(uart_ai85.o)
                              c:/Users/user/eclipse-workspace/kws20_demo/build/board.o (MXC_UART_Shutdown)
c:/MaximSDK/Libraries/PeriphDrivers/bin/MAX78000/softfp/libPeriphDriver_softfp.a(uart_common.o)
                              c:/MaximSDK/Libraries/PeriphDrivers/bin/MAX78000/softfp/libPeriphDriver_softfp.a(uart_ai85.o) (MXC_UART_Common_ReadCharacter)
c:/MaximSDK/Libraries/PeriphDrivers/bin/MAX78000/softfp/libPeriphDriver_softfp.a(uart_revb.o)
[...]
Memory Configuration

Name             Origin             Length             Attributes
ROM              0x00000000         0x00010000         xr
FLASH            0x10000000         0x00080000         xr
SRAM             0x20000000         0x00020000         xrw
*default*        0x00000000         0xffffffff

Linker script and memory map

LOAD c:/maximsdk/tools/gnutools/bin/../lib/gcc/arm-none-eabi/9.2.1/thumb/v7e-m+fp/softfp/crti.o
LOAD c:/maximsdk/tools/gnutools/bin/../lib/gcc/arm-none-eabi/9.2.1/thumb/v7e-m+fp/softfp/crtbegin.o
LOAD c:/maximsdk/tools/gnutools/bin/../lib/gcc/arm-none-eabi/9.2.1/../../../../arm-none-eabi/lib/thumb/v7e-m+fp/softfp/crt0.o
LOAD c:/Users/user/eclipse-workspace/kws20_demo/build/main.o
LOAD c:/Users/user/eclipse-workspace/kws20_demo/build/softmax.o
LOAD c:/Users/user/eclipse-workspace/kws20_demo/build/cnn.o
LOAD c:/Users/user/eclipse-workspace/kws20_demo/build/img_1_rgb565.o
LOAD c:/Users/user/eclipse-workspace/kws20_demo/build/SansSerif16x16.o
LOAD c:/Users/user/eclipse-workspace/kws20_demo/build/board.o
LOAD c:/Users/user/eclipse-workspace/kws20_demo/build/stdio.o
LOAD c:/Users/user/eclipse-workspace/kws20_demo/build/led.o
LOAD c:/Users/user/eclipse-workspace/kws20_demo/build/pb.o
LOAD c:/Users/user/eclipse-workspace/kws20_demo/build/tft_fthr.o
LOAD c:/Users/user/eclipse-workspace/kws20_demo/build/camera.o
LOAD c:/Users/user/eclipse-workspace/kws20_demo/build/ov7692.o
LOAD c:/Users/user/eclipse-workspace/kws20_demo/build/sccb.o
LOAD c:/Users/user/eclipse-workspace/kws20_demo/build/max20303.o
LOAD c:/Users/user/eclipse-workspace/kws20_demo/build/startup_max78000.o
LOAD c:/Users/user/eclipse-workspace/kws20_demo/build/heap.o
LOAD c:/Users/user/eclipse-workspace/kws20_demo/build/system_max78000.o
START GROUP
LOAD c:/MaximSDK/Libraries/PeriphDrivers/bin/MAX78000/softfp/libPeriphDriver_softfp.a
LOAD c:/maximsdk/tools/gnutools/bin/../lib/gcc/arm-none-eabi/9.2.1/../../../../arm-none-eabi/lib/thumb/v7e-m+fp/softfp\libc.a
LOAD c:/maximsdk/tools/gnutools/bin/../lib/gcc/arm-none-eabi/9.2.1/../../../../arm-none-eabi/lib/thumb/v7e-m+fp/softfp\libm.a
LOAD c:/maximsdk/tools/gnutools/bin/../lib/gcc/arm-none-eabi/9.2.1/../../../../arm-none-eabi/lib/thumb/v7e-m+fp/softfp\libnosys.a
END GROUP
START GROUP
LOAD c:/maximsdk/tools/gnutools/bin/../lib/gcc/arm-none-eabi/9.2.1/thumb/v7e-m+fp/softfp\libgcc.a
LOAD c:/maximsdk/tools/gnutools/bin/../lib/gcc/arm-none-eabi/9.2.1/../../../../arm-none-eabi/lib/thumb/v7e-m+fp/softfp\libc.a
END GROUP
LOAD c:/maximsdk/tools/gnutools/bin/../lib/gcc/arm-none-eabi/9.2.1/thumb/v7e-m+fp/softfp/crtend.o
LOAD c:/maximsdk/tools/gnutools/bin/../lib/gcc/arm-none-eabi/9.2.1/thumb/v7e-m+fp/softfp/crtn.o

.rom
 *(.rom_vector)
 *(.rom_handlers*)

.text           0x10000000    0x4255c
                0x10000000                _text = .
 *(.isr_vector)
 .isr_vector    0x10000000      0x1e0 c:/Users/user/eclipse-workspace/kws20_demo/build/startup_max78000.o
                0x10000000                __isr_vector
 *(.text*)
 .text          0x100001e0       0x40 c:/maximsdk/tools/gnutools/bin/../lib/gcc/arm-none-eabi/9.2.1/thumb/v7e-m+fp/softfp/crtbegin.o
 .text.i2s_isr  0x10000220       0x10 c:/Users/user/eclipse-workspace/kws20_demo/build/main.o
                0x10000220                i2s_isr
 .text.I2SInit  0x10000230       0xac c:/Users/user/eclipse-workspace/kws20_demo/build/main.o
                0x10000230                I2SInit
 .text.check_inference
                0x100002dc      0x220 c:/Users/user/eclipse-workspace/kws20_demo/build/main.o
                0x100002dc                check_inference
 .text.fail     0x100004fc       0x10 c:/Users/user/eclipse-workspace/kws20_demo/build/main.o
                0x100004fc                fail
 .text.cnn_load_data
                0x1000050c       0xa0 c:/Users/user/eclipse-workspace/kws20_demo/build/main.o
                0x1000050c                cnn_load_data
 .text.AddTranspose
                0x100005ac       0xe4 c:/Users/user/eclipse-workspace/kws20_demo/build/main.o
                0x100005ac                AddTranspose
 .text.HPF      0x10000690       0x70 c:/Users/user/eclipse-workspace/kws20_demo/build/main.o
                0x10000690                HPF
 .text.MicReadChunk.part.0
                0x10000700       0xe8 c:/Users/user/eclipse-workspace/kws20_demo/build/main.o
 .text.TFT_Intro
                0x100007e8      0x1d0 c:/Users/user/eclipse-workspace/kws20_demo/build/main.o
                0x100007e8                TFT_Intro
 .text.TFT_End  0x100009b8       0xa4 c:/Users/user/eclipse-workspace/kws20_demo/build/main.o
                0x100009b8                TFT_End
 *fill*         0x10000a5c        0x4 
 .text.startup.main
                0x10000a60      0x488 c:/Users/user/eclipse-workspace/kws20_demo/build/main.o
                0x10000a60                main
 .text.softmax_q17p14_q15
                0x10000ee8       0xa8 c:/Users/user/eclipse-workspace/kws20_demo/build/softmax.o
                0x10000ee8                softmax_q17p14_q15
 .text.CNN_ISR  0x10000f90       0x4c c:/Users/user/eclipse-workspace/kws20_demo/build/cnn.o
                0x10000f90                CNN_ISR
 .text.cnn_load_weights
                0x10000fdc      0xc08 c:/Users/user/eclipse-workspace/kws20_demo/build/cnn.o
                0x10000fdc                cnn_load_weights
 .text.cnn_init
                0x10001be4       0x74 c:/Users/user/eclipse-workspace/kws20_demo/build/cnn.o
                0x10001be4                cnn_init
 .text.cnn_configure
                0x10001c58      0xd48 c:/Users/user/eclipse-workspace/kws20_demo/build/cnn.o
                0x10001c58                cnn_configure
 .text.cnn_start
                0x100029a0       0x4c c:/Users/user/eclipse-workspace/kws20_demo/build/cnn.o
                0x100029a0                cnn_start
 .text.cnn_unload
                0x100029ec       0x8c c:/Users/user/eclipse-workspace/kws20_demo/build/cnn.o
                0x100029ec                cnn_unload
 .text.cnn_enable
                0x10002a78       0x48 c:/Users/user/eclipse-workspace/kws20_demo/build/cnn.o
                0x10002a78                cnn_enable
 .text.cnn_boost_enable
                0x10002ac0       0x24 c:/Users/user/eclipse-workspace/kws20_demo/build/cnn.o
                0x10002ac0                cnn_boost_enable
 .text.mxc_assert
                0x10002ae4       0x10 c:/Users/user/eclipse-workspace/kws20_demo/build/board.o
                0x10002ae4                mxc_assert
 .text.Board_Init
                0x10002af4       0x6c c:/Users/user/eclipse-workspace/kws20_demo/build/board.o
                0x10002af4                Board_Init
 .text.NMI_Handler
                0x10002b60        0x4 c:/Users/user/eclipse-workspace/kws20_demo/build/board.o
                0x10002b60                NMI_Handler
 .text.Microphone_Power
                0x10002b64       0x1c c:/Users/user/eclipse-workspace/kws20_demo/build/board.o
                0x10002b64                Microphone_Power
 .text._close   0x10002b80        0x8 c:/Users/user/eclipse-workspace/kws20_demo/build/stdio.o
                0x10002b80                _close
 .text._isatty  0x10002b88        0x8 c:/Users/user/eclipse-workspace/kws20_demo/build/stdio.o
                0x10002b88                _isatty
 .text._lseek   0x10002b90        0x8 c:/Users/user/eclipse-workspace/kws20_demo/build/stdio.o
                0x10002b90                _lseek
 .text._fstat   0x10002b98        0x8 c:/Users/user/eclipse-workspace/kws20_demo/build/stdio.o
                0x10002b98                _fstat
 .text._read    0x10002ba0       0x50 c:/Users/user/eclipse-workspace/kws20_demo/build/stdio.o
                0x10002ba0                _read
 .text._write   0x10002bf0       0x4c c:/Users/user/eclipse-workspace/kws20_demo/build/stdio.o
                0x10002bf0                _write
 .text.LED_On   0x10002c3c       0x40 c:/Users/user/eclipse-workspace/kws20_demo/build/led.o
                0x10002c3c                LED_On
 .text.LED_Off  0x10002c7c       0x40 c:/Users/user/eclipse-workspace/kws20_demo/build/led.o
                0x10002c7c                LED_Off
 .text.LED_Init
                0x10002cbc       0x40 c:/Users/user/eclipse-workspace/kws20_demo/build/led.o
                0x10002cbc                LED_Init
 .text.PB_Init  0x10002cfc       0x34 c:/Users/user/eclipse-workspace/kws20_demo/build/pb.o
                0x10002cfc                PB_Init
 .text.GPIO0_IRQHandler
                0x10002d30        0x8 c:/Users/user/eclipse-workspace/kws20_demo/build/pb.o
                0x10002d30                GPIO0_IRQHandler
 .text.GPIO1_IRQHandler
                0x10002d38        0x8 c:/Users/user/eclipse-workspace/kws20_demo/build/pb.o
                0x10002d38                GPIO1_IRQHandler
 .text.GPIO2_IRQHandler
                0x10002d40        0x8 c:/Users/user/eclipse-workspace/kws20_demo/build/pb.o
                0x10002d40                GPIO2_IRQHandler
 .text.PB_Get   0x10002d48       0x44 c:/Users/user/eclipse-workspace/kws20_demo/build/pb.o
                0x10002d48                PB_Get
 .text.spi_transmit.constprop.0
                0x10002d8c       0x88 c:/Users/user/eclipse-workspace/kws20_demo/build/tft_fthr.o
 .text.write_data
                0x10002e14       0x28 c:/Users/user/eclipse-workspace/kws20_demo/build/tft_fthr.o
 .text.write_command
                0x10002e3c       0x30 c:/Users/user/eclipse-workspace/kws20_demo/build/tft_fthr.o
 .text.window   0x10002e6c       0x68 c:/Users/user/eclipse-workspace/kws20_demo/build/tft_fthr.o
 .text.WindowMax
                0x10002ed4       0x34 c:/Users/user/eclipse-workspace/kws20_demo/build/tft_fthr.o
 .text.fillrect
                0x10002f08       0x40 c:/Users/user/eclipse-workspace/kws20_demo/build/tft_fthr.o
 .text.tft_character.part.0
                0x10002f48      0x168 c:/Users/user/eclipse-workspace/kws20_demo/build/tft_fthr.o
 .text.ShowImage
                0x100030b0       0x84 c:/Users/user/eclipse-workspace/kws20_demo/build/tft_fthr.o
                0x100030b0                ShowImage
 .text.MXC_TFT_SetRotation
                0x10003134       0x4c c:/Users/user/eclipse-workspace/kws20_demo/build/tft_fthr.o
                0x10003134                MXC_TFT_SetRotation
 .text.MXC_TFT_SetBackGroundColor
                0x10003180       0x40 c:/Users/user/eclipse-workspace/kws20_demo/build/tft_fthr.o
                0x10003180                MXC_TFT_SetBackGroundColor
 .text.MXC_TFT_SetForeGroundColor
                0x100031c0        0xc c:/Users/user/eclipse-workspace/kws20_demo/build/tft_fthr.o
                0x100031c0                MXC_TFT_SetForeGroundColor
 .text.MXC_TFT_Backlight
                0x100031cc       0x1c c:/Users/user/eclipse-workspace/kws20_demo/build/tft_fthr.o
                0x100031cc                MXC_TFT_Backlight
 .text.MXC_TFT_Init
                0x100031e8      0x340 c:/Users/user/eclipse-workspace/kws20_demo/build/tft_fthr.o
                0x100031e8                MXC_TFT_Init
 .text.MXC_TFT_ClearScreen
                0x10003528        0xc c:/Users/user/eclipse-workspace/kws20_demo/build/tft_fthr.o
                0x10003528                MXC_TFT_ClearScreen
 .text.MXC_TFT_ShowImage
                0x10003534       0x18 c:/Users/user/eclipse-workspace/kws20_demo/build/tft_fthr.o
                0x10003534                MXC_TFT_ShowImage
 .text.MXC_TFT_PrintFont
                0x1000354c       0x9c c:/Users/user/eclipse-workspace/kws20_demo/build/tft_fthr.o
                0x1000354c                MXC_TFT_PrintFont
 .text.reg_read
                0x100035e8       0x78 c:/Users/user/eclipse-workspace/kws20_demo/build/max20303.o
 .text.reg_write
                0x10003660       0x60 c:/Users/user/eclipse-workspace/kws20_demo/build/max20303.o
 .text.reg_write_buf.constprop.0
                0x100036c0       0x68 c:/Users/user/eclipse-workspace/kws20_demo/build/max20303.o
 .text.max20303_mic_power
                0x10003728       0x68 c:/Users/user/eclipse-workspace/kws20_demo/build/max20303.o
                0x10003728                max20303_mic_power
 .text.max20303_init
                0x10003790       0x68 c:/Users/user/eclipse-workspace/kws20_demo/build/max20303.o
                0x10003790                max20303_init
 .text          0x100037f8      0x148 c:/Users/user/eclipse-workspace/kws20_demo/build/startup_max78000.o
                0x100037f8                Reset_Handler
                0x10003836                HardFault_Handler
                0x10003838                MemManage_Handler
                0x1000383a                BusFault_Handler
                0x1000383c                UsageFault_Handler
                0x1000383e                SVC_Handler
                0x10003840                DebugMon_Handler
                0x10003842                PendSV_Handler
                0x10003844                SysTick_Handler
                0x10003846                Default_Handler
                0x10003848                PF_IRQHandler
                0x1000384a                WDT0_IRQHandler
                0x1000384c                RSV02_IRQHandler
                0x1000384e                RTC_IRQHandler
                0x10003850                TRNG_IRQHandler
                0x10003852                TMR0_IRQHandler
                0x10003854                TMR1_IRQHandler
                0x10003856                TMR2_IRQHandler
                0x10003858                TMR3_IRQHandler
                0x1000385a                TMR4_IRQHandler
                0x1000385c                TMR5_IRQHandler
                0x1000385e                RSV11_IRQHandler
                0x10003860                RSV12_IRQHandler
                0x10003862                I2C0_IRQHandler
                0x10003864                UART0_IRQHandler
                0x10003866                UART1_IRQHandler
                0x10003868                SPI1_IRQHandler
                0x1000386a                RSV17_IRQHandler
                0x1000386c                RSV18_IRQHandler
                0x1000386e                RSV19_IRQHandler
                0x10003870                ADC_IRQHandler
                0x10003872                RSV21_IRQHandler
                0x10003874                RSV22_IRQHandler
                0x10003876                FLC0_IRQHandler
                0x1000387e                RSV27_IRQHandler
                0x10003880                DMA0_IRQHandler
                0x10003882                DMA1_IRQHandler
                0x10003884                DMA2_IRQHandler
                0x10003886                DMA3_IRQHandler
                0x10003888                RSV32_IRQHandler
                0x1000388a                RSV33_IRQHandler
                0x1000388c                UART2_IRQHandler
                0x1000388e                RSV35_IRQHandler
                0x10003890                I2C1_IRQHandler
                0x10003892                RSV37_IRQHandler
                0x10003894                RSV38_IRQHandler
                0x10003896                RSV39_IRQHandler
                0x10003898                RSV40_IRQHandler
                0x1000389a                RSV41_IRQHandler
                0x1000389c                RSV42_IRQHandler
                0x1000389e                RSV43_IRQHandler
                0x100038a0                RSV44_IRQHandler
                0x100038a2                RSV45_IRQHandler
                0x100038a4                RSV46_IRQHandler
                0x100038a6                RSV47_IRQHandler
                0x100038a8                RSV48_IRQHandler
                0x100038aa                RSV49_IRQHandler
                0x100038ac                RSV50_IRQHandler
                0x100038ae                RSV51_IRQHandler
                0x100038b0                RSV52_IRQHandler
                0x100038b2                WUT_IRQHandler
                0x100038b4                GPIOWAKE_IRQHandler
                0x100038b6                RSV55_IRQHandler
                0x100038b8                SPI0_IRQHandler
                0x100038ba                WDT1_IRQHandler
                0x100038bc                RSV58_IRQHandler
                0x100038be                PT_IRQHandler
                0x100038c0                RSV60_IRQHandler
                0x100038c2                RSV61_IRQHandler
                0x100038c4                I2C2_IRQHandler
                0x100038c6                RISCV_IRQHandler
                0x100038c8                RSV64_IRQHandler
                0x100038ca                RSV65_IRQHandler
                0x100038cc                RSV66_IRQHandler
                0x100038ce                OWM_IRQHandler
                0x100038d0                RSV68_IRQHandler
                0x100038d2                RSV69_IRQHandler
                0x100038d4                RSV70_IRQHandler
                0x100038d6                RSV71_IRQHandler
                0x100038d8                RSV72_IRQHandler
                0x100038da                RSV73_IRQHandler
                0x100038dc                RSV74_IRQHandler
                0x100038de                RSV75_IRQHandler
                0x100038e0                RSV76_IRQHandler
                0x100038e2                RSV77_IRQHandler
                0x100038e4                RSV78_IRQHandler
                0x100038e6                RSV79_IRQHandler
                0x100038e8                RSV80_IRQHandler
                0x100038ea                RSV81_IRQHandler
                0x100038ec                ECC_IRQHandler
                0x100038ee                DVS_IRQHandler
                0x100038f0                SIMO_IRQHandler
                0x100038f2                RSV85_IRQHandler
                0x100038f4                RSV86_IRQHandler
                0x100038f6                RSV87_IRQHandler
                0x100038f8                UART3_IRQHandler
                0x100038fa                RSV89_IRQHandler
                0x100038fc                RSV90_IRQHandler
                0x100038fe                PCIF_IRQHandler
                0x10003900                RSV92_IRQHandler
                0x10003902                RSV93_IRQHandler
                0x10003904                RSV94_IRQHandler
                0x10003906                RSV95_IRQHandler
                0x10003908                RSV96_IRQHandler
                0x1000390a                AES_IRQHandler
                0x1000390c                RSV98_IRQHandler
                0x1000390e                I2S_IRQHandler
                0x10003910                CNN_FIFO_IRQHandler
                0x10003912                CNN_IRQHandler
                0x10003914                RSV102_IRQHandler
                0x10003916                LPCMP_IRQHandler
 .text._sbrk    0x10003940       0x40 c:/Users/user/eclipse-workspace/kws20_demo/build/heap.o
                0x10003940                _sbrk
 .text.SystemCoreClockUpdate
                0x10003980       0x68 c:/Users/user/eclipse-workspace/kws20_demo/build/system_max78000.o
                0x10003980                SystemCoreClockUpdate
 .text.PreInit  0x100039e8        0x4 c:/Users/user/eclipse-workspace/kws20_demo/build/system_max78000.o
                0x100039e8                PreInit
 .text.SystemInit
                0x100039ec       0x30 c:/Users/user/eclipse-workspace/kws20_demo/build/system_max78000.o
                0x100039ec                SystemInit
 .text.MXC_DelayInit
                0x10003a1c       0x80 c:/MaximSDK/Libraries/PeriphDrivers/bin/MAX78000/softfp/libPeriphDriver_softfp.a(mxc_delay.o)
 .text.MXC_DelayAsync
                0x10003a9c       0x3c c:/MaximSDK/Libraries/PeriphDrivers/bin/MAX78000/softfp/libPeriphDriver_softfp.a(mxc_delay.o)
                0x10003a9c                MXC_DelayAsync
 .text.MXC_DelayAbort
                0x10003ad8       0x34 c:/MaximSDK/Libraries/PeriphDrivers/bin/MAX78000/softfp/libPeriphDriver_softfp.a(mxc_delay.o)
                0x10003ad8                MXC_DelayAbort
 .text.MXC_DelayCheck
                0x10003b0c       0x58 c:/MaximSDK/Libraries/PeriphDrivers/bin/MAX78000/softfp/libPeriphDriver_softfp.a(mxc_delay.o)
                0x10003b0c                MXC_DelayCheck
 .text.MXC_Delay
                0x10003b64       0x4c c:/MaximSDK/Libraries/PeriphDrivers/bin/MAX78000/softfp/libPeriphDriver_softfp.a(mxc_delay.o)
                0x10003b64                MXC_Delay
 .text.MXC_SYS_ClockDisable
                0x10003bb0       0x44 c:/MaximSDK/Libraries/PeriphDrivers/bin/MAX78000/softfp/libPeriphDriver_softfp.a(sys_ai85.o)
                0x10003bb0                MXC_SYS_ClockDisable
 .text.MXC_SYS_ClockEnable
                0x10003bf4       0x4c c:/MaximSDK/Libraries/PeriphDrivers/bin/MAX78000/softfp/libPeriphDriver_softfp.a(sys_ai85.o)
                0x10003bf4                MXC_SYS_ClockEnable
 .text.MXC_SYS_Clock_Timeout
                0x10003c40       0x2e c:/MaximSDK/Libraries/PeriphDrivers/bin/MAX78000/softfp/libPeriphDriver_softfp.a(sys_ai85.o)
                0x10003c40                MXC_SYS_Clock_Timeout
 .text.MXC_SYS_ClockSourceEnable
                0x10003c6e       0x6c c:/MaximSDK/Libraries/PeriphDrivers/bin/MAX78000/softfp/libPeriphDriver_softfp.a(sys_ai85.o)
                0x10003c6e                MXC_SYS_ClockSourceEnable
 .text.MXC_SYS_Clock_Select
                0x10003cda       0xde c:/MaximSDK/Libraries/PeriphDrivers/bin/MAX78000/softfp/libPeriphDriver_softfp.a(sys_ai85.o)
                0x10003cda                MXC_SYS_Clock_Select
 .text.MXC_SYS_Reset_Periph
                0x10003db8       0x3c c:/MaximSDK/Libraries/PeriphDrivers/bin/MAX78000/softfp/libPeriphDriver_softfp.a(sys_ai85.o)
                0x10003db8                MXC_SYS_Reset_Periph
 .text.NVIC_SetRAM
                0x10003df4       0x24 c:/MaximSDK/Libraries/PeriphDrivers/bin/MAX78000/softfp/libPeriphDriver_softfp.a(nvic_table.o)
                0x10003df4                NVIC_SetRAM
 .text.NVIC_SetVector
                0x10003e18       0x3c c:/MaximSDK/Libraries/PeriphDrivers/bin/MAX78000/softfp/libPeriphDriver_softfp.a(nvic_table.o)
                0x10003e18                NVIC_SetVector
 .text.MXC_GPIO_Init
                0x10003e54       0x28 c:/MaximSDK/Libraries/PeriphDrivers/bin/MAX78000/softfp/libPeriphDriver_softfp.a(gpio_ai85.o)
                0x10003e54                MXC_GPIO_Init
 .text.MXC_GPIO_Config
                0x10003e7c      0x174 c:/MaximSDK/Libraries/PeriphDrivers/bin/MAX78000/softfp/libPeriphDriver_softfp.a(gpio_ai85.o)
                0x10003e7c                MXC_GPIO_Config
 .text.MXC_GPIO_InGet
                0x10003ff0       0x4c c:/MaximSDK/Libraries/PeriphDrivers/bin/MAX78000/softfp/libPeriphDriver_softfp.a(gpio_ai85.o)
                0x10003ff0                MXC_GPIO_InGet
 .text.MXC_GPIO_OutSet
                0x1000403c       0x34 c:/MaximSDK/Libraries/PeriphDrivers/bin/MAX78000/softfp/libPeriphDriver_softfp.a(gpio_ai85.o)
                0x1000403c                MXC_GPIO_OutSet
 .text.MXC_GPIO_OutClr
                0x10004070       0x34 c:/MaximSDK/Libraries/PeriphDrivers/bin/MAX78000/softfp/libPeriphDriver_softfp.a(gpio_ai85.o)
                0x10004070                MXC_GPIO_OutClr
 .text.MXC_GPIO_Handler
                0x100040a4        0x4 c:/MaximSDK/Libraries/PeriphDrivers/bin/MAX78000/softfp/libPeriphDriver_softfp.a(gpio_ai85.o)
                0x100040a4                MXC_GPIO_Handler
 .text.MXC_GPIO_ClearFlags
                0x100040a8        0x4 c:/MaximSDK/Libraries/PeriphDrivers/bin/MAX78000/softfp/libPeriphDriver_softfp.a(gpio_ai85.o)
                0x100040a8                MXC_GPIO_ClearFlags
 .text.MXC_GPIO_GetFlags
                0x100040ac        0x4 c:/MaximSDK/Libraries/PeriphDrivers/bin/MAX78000/softfp/libPeriphDriver_softfp.a(gpio_ai85.o)
                0x100040ac                MXC_GPIO_GetFlags
 .text.MXC_GPIO_SetVSSEL
                0x100040b0        0x4 c:/MaximSDK/Libraries/PeriphDrivers/bin/MAX78000/softfp/libPeriphDriver_softfp.a(gpio_ai85.o)
                0x100040b0                MXC_GPIO_SetVSSEL
 .text.MXC_GPIO_RevA_InGet
                0x100040b4        0x6 c:/MaximSDK/Libraries/PeriphDrivers/bin/MAX78000/softfp/libPeriphDriver_softfp.a(gpio_reva.o)
                0x100040b4                MXC_GPIO_RevA_InGet
 .text.MXC_GPIO_RevA_OutSet
                0x100040ba        0x4 c:/MaximSDK/Libraries/PeriphDrivers/bin/MAX78000/softfp/libPeriphDriver_softfp.a(gpio_reva.o)
                0x100040ba                MXC_GPIO_RevA_OutSet
 .text.MXC_GPIO_RevA_OutClr
                0x100040be        0x4 c:/MaximSDK/Libraries/PeriphDrivers/bin/MAX78000/softfp/libPeriphDriver_softfp.a(gpio_reva.o)
                0x100040be                MXC_GPIO_RevA_OutClr
 .text.MXC_GPIO_RevA_ClearFlags
                0x100040c2        0x4 c:/MaximSDK/Libraries/PeriphDrivers/bin/MAX78000/softfp/libPeriphDriver_softfp.a(gpio_reva.o)
                0x100040c2                MXC_GPIO_RevA_ClearFlags
 .text.MXC_GPIO_RevA_GetFlags
                0x100040c6        0x4 c:/MaximSDK/Libraries/PeriphDrivers/bin/MAX78000/softfp/libPeriphDriver_softfp.a(gpio_reva.o)
                0x100040c6                MXC_GPIO_RevA_GetFlags
 .text.MXC_GPIO_RevA_SetVSSEL
                0x100040ca       0x24 c:/MaximSDK/Libraries/PeriphDrivers/bin/MAX78000/softfp/libPeriphDriver_softfp.a(gpio_reva.o)
                0x100040ca                MXC_GPIO_RevA_SetVSSEL
 .text.MXC_GPIO_RevA_SetAF
                0x100040ee       0x3c c:/MaximSDK/Libraries/PeriphDrivers/bin/MAX78000/softfp/libPeriphDriver_softfp.a(gpio_reva.o)
                0x100040ee                MXC_GPIO_RevA_SetAF
 .text.MXC_I2C_SetSlaveAddr
                0x1000412a        0x4 c:/MaximSDK/Libraries/PeriphDrivers/bin/MAX78000/softfp/libPeriphDriver_softfp.a(i2c_me17.o)
                0x1000412a                MXC_I2C_SetSlaveAddr
 *fill*         0x1000412e        0x2 
 .text.MXC_I2C_Shutdown
                0x10004130       0x4c c:/MaximSDK/Libraries/PeriphDrivers/bin/MAX78000/softfp/libPeriphDriver_softfp.a(i2c_me17.o)
                0x10004130                MXC_I2C_Shutdown
 .text.MXC_I2C_Init
                0x1000417c       0x74 c:/MaximSDK/Libraries/PeriphDrivers/bin/MAX78000/softfp/libPeriphDriver_softfp.a(i2c_me17.o)
                0x1000417c                MXC_I2C_Init
 .text.MXC_I2C_SetFrequency
                0x100041f0       0x14 c:/MaximSDK/Libraries/PeriphDrivers/bin/MAX78000/softfp/libPeriphDriver_softfp.a(i2c_me17.o)
                0x100041f0                MXC_I2C_SetFrequency
 .text.MXC_I2C_GetFrequency
                0x10004204        0x4 c:/MaximSDK/Libraries/PeriphDrivers/bin/MAX78000/softfp/libPeriphDriver_softfp.a(i2c_me17.o)
                0x10004204                MXC_I2C_GetFrequency
 .text.MXC_I2C_ClearRXFIFO
                0x10004208        0x4 c:/MaximSDK/Libraries/PeriphDrivers/bin/MAX78000/softfp/libPeriphDriver_softfp.a(i2c_me17.o)
                0x10004208                MXC_I2C_ClearRXFIFO
 .text.MXC_I2C_ClearTXFIFO
                0x1000420c        0x4 c:/MaximSDK/Libraries/PeriphDrivers/bin/MAX78000/softfp/libPeriphDriver_softfp.a(i2c_me17.o)
                0x1000420c                MXC_I2C_ClearTXFIFO
 .text.MXC_I2C_Recover
                0x10004210        0x4 c:/MaximSDK/Libraries/PeriphDrivers/bin/MAX78000/softfp/libPeriphDriver_softfp.a(i2c_me17.o)
                0x10004210                MXC_I2C_Recover
 .text.MXC_I2C_SetRXThreshold
                0x10004214        0x4 c:/MaximSDK/Libraries/PeriphDrivers/bin/MAX78000/softfp/libPeriphDriver_softfp.a(i2c_me17.o)
                0x10004214                MXC_I2C_SetRXThreshold
 .text.MXC_I2C_SetTXThreshold
                0x10004218        0x4 c:/MaximSDK/Libraries/PeriphDrivers/bin/MAX78000/softfp/libPeriphDriver_softfp.a(i2c_me17.o)
                0x10004218                MXC_I2C_SetTXThreshold
 .text.MXC_I2C_RevA_Init
                0x1000421c       0xc4 c:/MaximSDK/Libraries/PeriphDrivers/bin/MAX78000/softfp/libPeriphDriver_softfp.a(i2c_reva.o)
                0x1000421c                MXC_I2C_RevA_Init
 .text.MXC_I2C_RevA_SetSlaveAddr
                0x100042e0       0x34 c:/MaximSDK/Libraries/PeriphDrivers/bin/MAX78000/softfp/libPeriphDriver_softfp.a(i2c_reva.o)
                0x100042e0                MXC_I2C_RevA_SetSlaveAddr
 .text.MXC_I2C_RevA_SetFrequency
                0x10004314       0x6c c:/MaximSDK/Libraries/PeriphDrivers/bin/MAX78000/softfp/libPeriphDriver_softfp.a(i2c_reva.o)
                0x10004314                MXC_I2C_RevA_SetFrequency
 .text.MXC_I2C_RevA_GetFrequency
                0x10004380       0x20 c:/MaximSDK/Libraries/PeriphDrivers/bin/MAX78000/softfp/libPeriphDriver_softfp.a(i2c_reva.o)
                0x10004380                MXC_I2C_RevA_GetFrequency
 .text.MXC_I2C_RevA_ClearRXFIFO
                0x100043a0       0x10 c:/MaximSDK/Libraries/PeriphDrivers/bin/MAX78000/softfp/libPeriphDriver_softfp.a(i2c_reva.o)
                0x100043a0                MXC_I2C_RevA_ClearRXFIFO
 .text.MXC_I2C_RevA_ClearTXFIFO
                0x100043b0       0x10 c:/MaximSDK/Libraries/PeriphDrivers/bin/MAX78000/softfp/libPeriphDriver_softfp.a(i2c_reva.o)
                0x100043b0                MXC_I2C_RevA_ClearTXFIFO
 .text.MXC_I2C_RevA_Recover
                0x100043c0       0xc2 c:/MaximSDK/Libraries/PeriphDrivers/bin/MAX78000/softfp/libPeriphDriver_softfp.a(i2c_reva.o)
                0x100043c0                MXC_I2C_RevA_Recover
 .text.MXC_I2C_RevA_SetRXThreshold
                0x10004482       0x1e c:/MaximSDK/Libraries/PeriphDrivers/bin/MAX78000/softfp/libPeriphDriver_softfp.a(i2c_reva.o)
                0x10004482                MXC_I2C_RevA_SetRXThreshold
 .text.MXC_I2C_RevA_SetTXThreshold
                0x100044a0       0x20 c:/MaximSDK/Libraries/PeriphDrivers/bin/MAX78000/softfp/libPeriphDriver_softfp.a(i2c_reva.o)
                0x100044a0                MXC_I2C_RevA_SetTXThreshold
 .text.MXC_I2S_Shutdown
                0x100044c0       0x1c c:/MaximSDK/Libraries/PeriphDrivers/bin/MAX78000/softfp/libPeriphDriver_softfp.a(i2s_ai85.o)
                0x100044c0                MXC_I2S_Shutdown
 .text.MXC_I2S_Init
                0x100044dc       0x34 c:/MaximSDK/Libraries/PeriphDrivers/bin/MAX78000/softfp/libPeriphDriver_softfp.a(i2s_ai85.o)
                0x100044dc                MXC_I2S_Init
 .text.MXC_I2S_ConfigData
                0x10004510        0xc c:/MaximSDK/Libraries/PeriphDrivers/bin/MAX78000/softfp/libPeriphDriver_softfp.a(i2s_ai85.o)
                0x10004510                MXC_I2S_ConfigData
 .text.MXC_I2S_TXDisable
                0x1000451c        0xc c:/MaximSDK/Libraries/PeriphDrivers/bin/MAX78000/softfp/libPeriphDriver_softfp.a(i2s_ai85.o)
                0x1000451c                MXC_I2S_TXDisable
 .text.MXC_I2S_RXEnable
                0x10004528        0xc c:/MaximSDK/Libraries/PeriphDrivers/bin/MAX78000/softfp/libPeriphDriver_softfp.a(i2s_ai85.o)
                0x10004528                MXC_I2S_RXEnable
 .text.MXC_I2S_RXDisable
                0x10004534        0xc c:/MaximSDK/Libraries/PeriphDrivers/bin/MAX78000/softfp/libPeriphDriver_softfp.a(i2s_ai85.o)
                0x10004534                MXC_I2S_RXDisable
 .text.MXC_I2S_SetRXThreshold
                0x10004540        0xc c:/MaximSDK/Libraries/PeriphDrivers/bin/MAX78000/softfp/libPeriphDriver_softfp.a(i2s_ai85.o)
                0x10004540                MXC_I2S_SetRXThreshold
 .text.MXC_I2S_SetFrequency
                0x1000454c       0x10 c:/MaximSDK/Libraries/PeriphDrivers/bin/MAX78000/softfp/libPeriphDriver_softfp.a(i2s_ai85.o)
                0x1000454c                MXC_I2S_SetFrequency
 .text.MXC_I2S_Flush
                0x1000455c        0xc c:/MaximSDK/Libraries/PeriphDrivers/bin/MAX78000/softfp/libPeriphDriver_softfp.a(i2s_ai85.o)
                0x1000455c                MXC_I2S_Flush
 .text.MXC_I2S_EnableInt
                0x10004568        0xc c:/MaximSDK/Libraries/PeriphDrivers/bin/MAX78000/softfp/libPeriphDriver_softfp.a(i2s_ai85.o)
                0x10004568                MXC_I2S_EnableInt
 .text.MXC_I2S_DisableInt
                0x10004574        0xc c:/MaximSDK/Libraries/PeriphDrivers/bin/MAX78000/softfp/libPeriphDriver_softfp.a(i2s_ai85.o)
                0x10004574                MXC_I2S_DisableInt
 .text.MXC_I2S_ClearFlags
                0x10004580        0xc c:/MaximSDK/Libraries/PeriphDrivers/bin/MAX78000/softfp/libPeriphDriver_softfp.a(i2s_ai85.o)
                0x10004580                MXC_I2S_ClearFlags
 .text.MXC_I2S_RevA_Init
                0x1000458c       0x5e c:/MaximSDK/Libraries/PeriphDrivers/bin/MAX78000/softfp/libPeriphDriver_softfp.a(i2s_reva.o)
                0x1000458c                MXC_I2S_RevA_Init
 .text.MXC_I2S_RevA_Shutdown
                0x100045ea       0x28 c:/MaximSDK/Libraries/PeriphDrivers/bin/MAX78000/softfp/libPeriphDriver_softfp.a(i2s_reva.o)
                0x100045ea                MXC_I2S_RevA_Shutdown
 .text.MXC_I2S_RevA_ConfigData
                0x10004612      0x192 c:/MaximSDK/Libraries/PeriphDrivers/bin/MAX78000/softfp/libPeriphDriver_softfp.a(i2s_reva.o)
                0x10004612                MXC_I2S_RevA_ConfigData
 .text.MXC_I2S_RevA_TXDisable
                0x100047a4        0xa c:/MaximSDK/Libraries/PeriphDrivers/bin/MAX78000/softfp/libPeriphDriver_softfp.a(i2s_reva.o)
                0x100047a4                MXC_I2S_RevA_TXDisable
 .text.MXC_I2S_RevA_RXEnable
                0x100047ae        0xa c:/MaximSDK/Libraries/PeriphDrivers/bin/MAX78000/softfp/libPeriphDriver_softfp.a(i2s_reva.o)
                0x100047ae                MXC_I2S_RevA_RXEnable
 .text.MXC_I2S_RevA_RXDisable
                0x100047b8        0xa c:/MaximSDK/Libraries/PeriphDrivers/bin/MAX78000/softfp/libPeriphDriver_softfp.a(i2s_reva.o)
                0x100047b8                MXC_I2S_RevA_RXDisable
 .text.MXC_I2S_RevA_SetRXThreshold
                0x100047c2       0x18 c:/MaximSDK/Libraries/PeriphDrivers/bin/MAX78000/softfp/libPeriphDriver_softfp.a(i2s_reva.o)
                0x100047c2                MXC_I2S_RevA_SetRXThreshold
 .text.MXC_I2S_RevA_SetFrequency
                0x100047da       0x2a c:/MaximSDK/Libraries/PeriphDrivers/bin/MAX78000/softfp/libPeriphDriver_softfp.a(i2s_reva.o)
                0x100047da                MXC_I2S_RevA_SetFrequency
 .text.MXC_I2S_RevA_Flush
                0x10004804       0x10 c:/MaximSDK/Libraries/PeriphDrivers/bin/MAX78000/softfp/libPeriphDriver_softfp.a(i2s_reva.o)
                0x10004804                MXC_I2S_RevA_Flush
 .text.MXC_I2S_RevA_EnableInt
                0x10004814        0x8 c:/MaximSDK/Libraries/PeriphDrivers/bin/MAX78000/softfp/libPeriphDriver_softfp.a(i2s_reva.o)
                0x10004814                MXC_I2S_RevA_EnableInt
 .text.MXC_I2S_RevA_DisableInt
                0x1000481c        0xa c:/MaximSDK/Libraries/PeriphDrivers/bin/MAX78000/softfp/libPeriphDriver_softfp.a(i2s_reva.o)
                0x1000481c                MXC_I2S_RevA_DisableInt
 .text.MXC_I2S_RevA_ClearFlags
                0x10004826        0x8 c:/MaximSDK/Libraries/PeriphDrivers/bin/MAX78000/softfp/libPeriphDriver_softfp.a(i2s_reva.o)
                0x10004826                MXC_I2S_RevA_ClearFlags
 .text.MXC_ICC_Enable
                0x1000482e        0x4 c:/MaximSDK/Libraries/PeriphDrivers/bin/MAX78000/softfp/libPeriphDriver_softfp.a(icc_me17.o)
                0x1000482e                MXC_ICC_Enable
 .text.MXC_ICC_RevA_Enable
                0x10004832       0x24 c:/MaximSDK/Libraries/PeriphDrivers/bin/MAX78000/softfp/libPeriphDriver_softfp.a(icc_reva.o)
                0x10004832                MXC_ICC_RevA_Enable
 *fill*         0x10004856        0x2 
 .text.MXC_SPI_Init
                0x10004858      0x1b8 c:/MaximSDK/Libraries/PeriphDrivers/bin/MAX78000/softfp/libPeriphDriver_softfp.a(spi_me17.o)
                0x10004858                MXC_SPI_Init
 .text.MXC_SPI_SetFrequency
                0x10004a10        0x4 c:/MaximSDK/Libraries/PeriphDrivers/bin/MAX78000/softfp/libPeriphDriver_softfp.a(spi_me17.o)
                0x10004a10                MXC_SPI_SetFrequency
 .text.MXC_SPI_SetDataSize
                0x10004a14        0x4 c:/MaximSDK/Libraries/PeriphDrivers/bin/MAX78000/softfp/libPeriphDriver_softfp.a(spi_me17.o)
                0x10004a14                MXC_SPI_SetDataSize
 .text.MXC_SPI_SetWidth
                0x10004a18        0x4 c:/MaximSDK/Libraries/PeriphDrivers/bin/MAX78000/softfp/libPeriphDriver_softfp.a(spi_me17.o)
                0x10004a18                MXC_SPI_SetWidth
 .text.MXC_SPI_RevA_Init
                0x10004a1c       0xc8 c:/MaximSDK/Libraries/PeriphDrivers/bin/MAX78000/softfp/libPeriphDriver_softfp.a(spi_reva.o)
                0x10004a1c                MXC_SPI_RevA_Init
 .text.MXC_SPI_RevA_SetFrequency
                0x10004ae4       0x68 c:/MaximSDK/Libraries/PeriphDrivers/bin/MAX78000/softfp/libPeriphDriver_softfp.a(spi_reva.o)
                0x10004ae4                MXC_SPI_RevA_SetFrequency
 .text.MXC_SPI_RevA_SetDataSize
                0x10004b4c       0x94 c:/MaximSDK/Libraries/PeriphDrivers/bin/MAX78000/softfp/libPeriphDriver_softfp.a(spi_reva.o)
                0x10004b4c                MXC_SPI_RevA_SetDataSize
 .text.MXC_SPI_RevA_SetWidth
                0x10004be0       0x60 c:/MaximSDK/Libraries/PeriphDrivers/bin/MAX78000/softfp/libPeriphDriver_softfp.a(spi_reva.o)
                0x10004be0                MXC_SPI_RevA_SetWidth
 .text.MXC_TMR_GetTime
                0x10004c40        0x4 c:/MaximSDK/Libraries/PeriphDrivers/bin/MAX78000/softfp/libPeriphDriver_softfp.a(tmr_ai85.o)
                0x10004c40                MXC_TMR_GetTime
 .text.MXC_TMR_RevB_GetTime
                0x10004c44      0x114 c:/MaximSDK/Libraries/PeriphDrivers/bin/MAX78000/softfp/libPeriphDriver_softfp.a(tmr_revb.o)
                0x10004c44                MXC_TMR_RevB_GetTime
 .text.MXC_UART_Shutdown
                0x10004d58       0x60 c:/MaximSDK/Libraries/PeriphDrivers/bin/MAX78000/softfp/libPeriphDriver_softfp.a(uart_ai85.o)
                0x10004d58                MXC_UART_Shutdown
 .text.MXC_UART_Init
                0x10004db8       0x98 c:/MaximSDK/Libraries/PeriphDrivers/bin/MAX78000/softfp/libPeriphDriver_softfp.a(uart_ai85.o)
                0x10004db8                MXC_UART_Init
 .text.MXC_UART_GetFrequency
                0x10004e50       0x78 c:/MaximSDK/Libraries/PeriphDrivers/bin/MAX78000/softfp/libPeriphDriver_softfp.a(uart_ai85.o)
                0x10004e50                MXC_UART_GetFrequency
 .text.MXC_UART_SetFrequency
                0x10004ec8       0xb0 c:/MaximSDK/Libraries/PeriphDrivers/bin/MAX78000/softfp/libPeriphDriver_softfp.a(uart_ai85.o)
                0x10004ec8                MXC_UART_SetFrequency
 .text.MXC_UART_SetDataSize
                0x10004f78        0x4 c:/MaximSDK/Libraries/PeriphDrivers/bin/MAX78000/softfp/libPeriphDriver_softfp.a(uart_ai85.o)
                0x10004f78                MXC_UART_SetDataSize
 .text.MXC_UART_SetStopBits
                0x10004f7c        0x4 c:/MaximSDK/Libraries/PeriphDrivers/bin/MAX78000/softfp/libPeriphDriver_softfp.a(uart_ai85.o)
                0x10004f7c                MXC_UART_SetStopBits
 .text.MXC_UART_SetParity
                0x10004f80        0x4 c:/MaximSDK/Libraries/PeriphDrivers/bin/MAX78000/softfp/libPeriphDriver_softfp.a(uart_ai85.o)
                0x10004f80                MXC_UART_SetParity
 .text.MXC_UART_ReadCharacterRaw
                0x10004f84        0x4 c:/MaximSDK/Libraries/PeriphDrivers/bin/MAX78000/softfp/libPeriphDriver_softfp.a(uart_ai85.o)
                0x10004f84                MXC_UART_ReadCharacterRaw
 .text.MXC_UART_WriteCharacterRaw
                0x10004f88        0x4 c:/MaximSDK/Libraries/PeriphDrivers/bin/MAX78000/softfp/libPeriphDriver_softfp.a(uart_ai85.o)
                0x10004f88                MXC_UART_WriteCharacterRaw
 .text.MXC_UART_ReadCharacter
                0x10004f8c        0x4 c:/MaximSDK/Libraries/PeriphDrivers/bin/MAX78000/softfp/libPeriphDriver_softfp.a(uart_ai85.o)
                0x10004f8c                MXC_UART_ReadCharacter
 .text.MXC_UART_WriteCharacter
                0x10004f90        0x4 c:/MaximSDK/Libraries/PeriphDrivers/bin/MAX78000/softfp/libPeriphDriver_softfp.a(uart_ai85.o)
                0x10004f90                MXC_UART_WriteCharacter
 .text.MXC_UART_GetRXFIFOAvailable
                0x10004f94        0x4 c:/MaximSDK/Libraries/PeriphDrivers/bin/MAX78000/softfp/libPeriphDriver_softfp.a(uart_ai85.o)
                0x10004f94                MXC_UART_GetRXFIFOAvailable
 .text.MXC_UART_GetTXFIFOAvailable
                0x10004f98        0x4 c:/MaximSDK/Libraries/PeriphDrivers/bin/MAX78000/softfp/libPeriphDriver_softfp.a(uart_ai85.o)
                0x10004f98                MXC_UART_GetTXFIFOAvailable
 .text.MXC_UART_SetRXThreshold
                0x10004f9c        0x4 c:/MaximSDK/Libraries/PeriphDrivers/bin/MAX78000/softfp/libPeriphDriver_softfp.a(uart_ai85.o)
                0x10004f9c                MXC_UART_SetRXThreshold
 .text.MXC_UART_Common_ReadCharacter
                0x10004fa0       0x18 c:/MaximSDK/Libraries/PeriphDrivers/bin/MAX78000/softfp/libPeriphDriver_softfp.a(uart_common.o)
                0x10004fa0                MXC_UART_Common_ReadCharacter
 .text.MXC_UART_Common_WriteCharacter
                0x10004fb8       0x1c c:/MaximSDK/Libraries/PeriphDrivers/bin/MAX78000/softfp/libPeriphDriver_softfp.a(uart_common.o)
                0x10004fb8                MXC_UART_Common_WriteCharacter
 .text.MXC_UART_RevB_Init
                0x10004fd4       0x68 c:/MaximSDK/Libraries/PeriphDrivers/bin/MAX78000/softfp/libPeriphDriver_softfp.a(uart_revb.o)
                0x10004fd4                MXC_UART_RevB_Init
 .text.MXC_UART_RevB_SetFrequency
                0x1000503c       0x7c c:/MaximSDK/Libraries/PeriphDrivers/bin/MAX78000/softfp/libPeriphDriver_softfp.a(uart_revb.o)
                0x1000503c                MXC_UART_RevB_SetFrequency
 .text.MXC_UART_RevB_GetFrequency
                0x100050b8       0x7c c:/MaximSDK/Libraries/PeriphDrivers/bin/MAX78000/softfp/libPeriphDriver_softfp.a(uart_revb.o)
                0x100050b8                MXC_UART_RevB_GetFrequency
 .text.MXC_UART_RevB_SetDataSize
                0x10005134       0x40 c:/MaximSDK/Libraries/PeriphDrivers/bin/MAX78000/softfp/libPeriphDriver_softfp.a(uart_revb.o)
                0x10005134                MXC_UART_RevB_SetDataSize
 .text.MXC_UART_RevB_SetStopBits
                0x10005174       0x44 c:/MaximSDK/Libraries/PeriphDrivers/bin/MAX78000/softfp/libPeriphDriver_softfp.a(uart_revb.o)
                0x10005174                MXC_UART_RevB_SetStopBits
 .text.MXC_UART_RevB_SetParity
                0x100051b8       0x94 c:/MaximSDK/Libraries/PeriphDrivers/bin/MAX78000/softfp/libPeriphDriver_softfp.a(uart_revb.o)
                0x100051b8                MXC_UART_RevB_SetParity
 .text.MXC_UART_RevB_ReadCharacterRaw
                0x1000524c       0x38 c:/MaximSDK/Libraries/PeriphDrivers/bin/MAX78000/softfp/libPeriphDriver_softfp.a(uart_revb.o)
                0x1000524c                MXC_UART_RevB_ReadCharacterRaw
 .text.MXC_UART_RevB_WriteCharacterRaw
                0x10005284       0x3c c:/MaximSDK/Libraries/PeriphDrivers/bin/MAX78000/softfp/libPeriphDriver_softfp.a(uart_revb.o)
                0x10005284                MXC_UART_RevB_WriteCharacterRaw
 .text.MXC_UART_RevB_GetRXFIFOAvailable
                0x100052c0        0x8 c:/MaximSDK/Libraries/PeriphDrivers/bin/MAX78000/softfp/libPeriphDriver_softfp.a(uart_revb.o)
                0x100052c0                MXC_UART_RevB_GetRXFIFOAvailable
 .text.MXC_UART_RevB_GetTXFIFOAvailable
                0x100052c8        0xc c:/MaximSDK/Libraries/PeriphDrivers/bin/MAX78000/softfp/libPeriphDriver_softfp.a(uart_revb.o)
                0x100052c8                MXC_UART_RevB_GetTXFIFOAvailable
 .text.MXC_UART_RevB_SetRXThreshold
                0x100052d4       0x3c c:/MaximSDK/Libraries/PeriphDrivers/bin/MAX78000/softfp/libPeriphDriver_softfp.a(uart_revb.o)
                0x100052d4                MXC_UART_RevB_SetRXThreshold
 .text.MXC_GPIO_Common_Init
                0x10005310       0x30 c:/MaximSDK/Libraries/PeriphDrivers/bin/MAX78000/softfp/libPeriphDriver_softfp.a(gpio_common.o)
                0x10005310                MXC_GPIO_Common_Init
 .text.MXC_GPIO_Common_Handler
                0x10005340       0x7c c:/MaximSDK/Libraries/PeriphDrivers/bin/MAX78000/softfp/libPeriphDriver_softfp.a(gpio_common.o)
                0x10005340                MXC_GPIO_Common_Handler
 .text.__errno  0x100053bc        0xc c:/maximsdk/tools/gnutools/bin/../lib/gcc/arm-none-eabi/9.2.1/../../../../arm-none-eabi/lib/thumb/v7e-m+fp/softfp\libc.a(lib_a-errno.o)
                0x100053bc                __errno
 .text.__libc_init_array
                0x100053c8       0x48 c:/maximsdk/tools/gnutools/bin/../lib/gcc/arm-none-eabi/9.2.1/../../../../arm-none-eabi/lib/thumb/v7e-m+fp/softfp\libc.a(lib_a-init.o)
                0x100053c8                __libc_init_array
 .text._malloc_r
                0x10005410      0x574 c:/maximsdk/tools/gnutools/bin/../lib/gcc/arm-none-eabi/9.2.1/../../../../arm-none-eabi/lib/thumb/v7e-m+fp/softfp\libc.a(lib_a-mallocr.o)
                0x10005410                _malloc_r
 .text          0x10005984      0x134 c:/maximsdk/tools/gnutools/bin/../lib/gcc/arm-none-eabi/9.2.1/../../../../arm-none-eabi/lib/thumb/v7e-m+fp/softfp\libc.a(lib_a-memcpy.o)
                0x10005984                memcpy
 .text.memset   0x10005ab8       0xa0 c:/maximsdk/tools/gnutools/bin/../lib/gcc/arm-none-eabi/9.2.1/../../../../arm-none-eabi/lib/thumb/v7e-m+fp/softfp\libc.a(lib_a-memset.o)
                0x10005ab8                memset
 .text.__malloc_lock
                0x10005b58        0xc c:/maximsdk/tools/gnutools/bin/../lib/gcc/arm-none-eabi/9.2.1/../../../../arm-none-eabi/lib/thumb/v7e-m+fp/softfp\libc.a(lib_a-mlock.o)
                0x10005b58                __malloc_lock
 .text.__malloc_unlock
                0x10005b64        0xc c:/maximsdk/tools/gnutools/bin/../lib/gcc/arm-none-eabi/9.2.1/../../../../arm-none-eabi/lib/thumb/v7e-m+fp/softfp\libc.a(lib_a-mlock.o)
                0x10005b64                __malloc_unlock
 .text.printf   0x10005b70       0x28 c:/maximsdk/tools/gnutools/bin/../lib/gcc/arm-none-eabi/9.2.1/../../../../arm-none-eabi/lib/thumb/v7e-m+fp/softfp\libc.a(lib_a-printf.o)
                0x10005b70                printf
 .text._puts_r  0x10005b98       0x9c c:/maximsdk/tools/gnutools/bin/../lib/gcc/arm-none-eabi/9.2.1/../../../../arm-none-eabi/lib/thumb/v7e-m+fp/softfp\libc.a(lib_a-puts.o)
                0x10005b98                _puts_r
 .text.puts     0x10005c34       0x10 c:/maximsdk/tools/gnutools/bin/../lib/gcc/arm-none-eabi/9.2.1/../../../../arm-none-eabi/lib/thumb/v7e-m+fp/softfp\libc.a(lib_a-puts.o)
                0x10005c34                puts
 .text._sbrk_r  0x10005c44       0x24 c:/maximsdk/tools/gnutools/bin/../lib/gcc/arm-none-eabi/9.2.1/../../../../arm-none-eabi/lib/thumb/v7e-m+fp/softfp\libc.a(lib_a-sbrkr.o)
                0x10005c44                _sbrk_r
 .text.sprintf  0x10005c68       0x44 c:/maximsdk/tools/gnutools/bin/../lib/gcc/arm-none-eabi/9.2.1/../../../../arm-none-eabi/lib/thumb/v7e-m+fp/softfp\libc.a(lib_a-sprintf.o)
                0x10005c68                sprintf
 *fill*         0x10005cac       0x14 
 .text          0x10005cc0       0xdc c:/maximsdk/tools/gnutools/bin/../lib/gcc/arm-none-eabi/9.2.1/../../../../arm-none-eabi/lib/thumb/v7e-m+fp/softfp\libc.a(lib_a-strlen.o)
                0x10005cc0                strlen
 *fill*         0x10005d9c        0x4 
 .text._svfprintf_r
                0x10005da0     0x1b34 c:/maximsdk/tools/gnutools/bin/../lib/gcc/arm-none-eabi/9.2.1/../../../../arm-none-eabi/lib/thumb/v7e-m+fp/softfp\libc.a(lib_a-svfprintf.o)
                0x10005da0                _svfprintf_r
 *fill*         0x100078d4        0x4 
 .text._vfprintf_r
                0x100078d8     0x1bdc c:/maximsdk/tools/gnutools/bin/../lib/gcc/arm-none-eabi/9.2.1/../../../../arm-none-eabi/lib/thumb/v7e-m+fp/softfp\libc.a(lib_a-vfprintf.o)
                0x100078d8                _vfprintf_r
 .text.__sbprintf
                0x100094b4       0x84 c:/maximsdk/tools/gnutools/bin/../lib/gcc/arm-none-eabi/9.2.1/../../../../arm-none-eabi/lib/thumb/v7e-m+fp/softfp\libc.a(lib_a-vfprintf.o)
 .text.__swsetup_r
                0x10009538       0xd0 c:/maximsdk/tools/gnutools/bin/../lib/gcc/arm-none-eabi/9.2.1/../../../../arm-none-eabi/lib/thumb/v7e-m+fp/softfp\libc.a(lib_a-wsetup.o)
                0x10009538                __swsetup_r
 .text.startup.register_fini
                0x10009608       0x14 c:/maximsdk/tools/gnutools/bin/../lib/gcc/arm-none-eabi/9.2.1/../../../../arm-none-eabi/lib/thumb/v7e-m+fp/softfp\libc.a(lib_a-__call_atexit.o)
 .text.atexit   0x1000961c        0xc c:/maximsdk/tools/gnutools/bin/../lib/gcc/arm-none-eabi/9.2.1/../../../../arm-none-eabi/lib/thumb/v7e-m+fp/softfp\libc.a(lib_a-atexit.o)
                0x1000961c                atexit
 .text.quorem   0x10009628      0x11c c:/maximsdk/tools/gnutools/bin/../lib/gcc/arm-none-eabi/9.2.1/../../../../arm-none-eabi/lib/thumb/v7e-m+fp/softfp\libc.a(lib_a-dtoa.o)
 *fill*         0x10009744        0x4 
 .text._dtoa_r  0x10009748      0xeec c:/maximsdk/tools/gnutools/bin/../lib/gcc/arm-none-eabi/9.2.1/../../../../arm-none-eabi/lib/thumb/v7e-m+fp/softfp\libc.a(lib_a-dtoa.o)
                0x10009748                _dtoa_r
 .text.__sflush_r
                0x1000a634      0x130 c:/maximsdk/tools/gnutools/bin/../lib/gcc/arm-none-eabi/9.2.1/../../../../arm-none-eabi/lib/thumb/v7e-m+fp/softfp\libc.a(lib_a-fflush.o)
                0x1000a634                __sflush_r
 .text._fflush_r
                0x1000a764       0x5c c:/maximsdk/tools/gnutools/bin/../lib/gcc/arm-none-eabi/9.2.1/../../../../arm-none-eabi/lib/thumb/v7e-m+fp/softfp\libc.a(lib_a-fflush.o)
                0x1000a764                _fflush_r
 .text.std      0x1000a7c0       0x50 c:/maximsdk/tools/gnutools/bin/../lib/gcc/arm-none-eabi/9.2.1/../../../../arm-none-eabi/lib/thumb/v7e-m+fp/softfp\libc.a(lib_a-findfp.o)
 .text._cleanup_r
                0x1000a810        0xc c:/maximsdk/tools/gnutools/bin/../lib/gcc/arm-none-eabi/9.2.1/../../../../arm-none-eabi/lib/thumb/v7e-m+fp/softfp\libc.a(lib_a-findfp.o)
                0x1000a810                _cleanup_r
 .text.__sinit  0x1000a81c       0x54 c:/maximsdk/tools/gnutools/bin/../lib/gcc/arm-none-eabi/9.2.1/../../../../arm-none-eabi/lib/thumb/v7e-m+fp/softfp\libc.a(lib_a-findfp.o)
                0x1000a81c                __sinit
 .text.__sfp_lock_acquire
                0x1000a870        0xc c:/maximsdk/tools/gnutools/bin/../lib/gcc/arm-none-eabi/9.2.1/../../../../arm-none-eabi/lib/thumb/v7e-m+fp/softfp\libc.a(lib_a-findfp.o)
                0x1000a870                __sfp_lock_acquire
 .text.__sfp_lock_release
                0x1000a87c        0xc c:/maximsdk/tools/gnutools/bin/../lib/gcc/arm-none-eabi/9.2.1/../../../../arm-none-eabi/lib/thumb/v7e-m+fp/softfp\libc.a(lib_a-findfp.o)
                0x1000a87c                __sfp_lock_release
 .text.__libc_fini_array
                0x1000a888       0x2c c:/maximsdk/tools/gnutools/bin/../lib/gcc/arm-none-eabi/9.2.1/../../../../arm-none-eabi/lib/thumb/v7e-m+fp/softfp\libc.a(lib_a-fini.o)
                0x1000a888                __libc_fini_array
 .text._malloc_trim_r
                0x1000a8b4       0xa0 c:/maximsdk/tools/gnutools/bin/../lib/gcc/arm-none-eabi/9.2.1/../../../../arm-none-eabi/lib/thumb/v7e-m+fp/softfp\libc.a(lib_a-freer.o)
                0x1000a8b4                _malloc_trim_r
 .text._free_r  0x1000a954      0x208 c:/maximsdk/tools/gnutools/bin/../lib/gcc/arm-none-eabi/9.2.1/../../../../arm-none-eabi/lib/thumb/v7e-m+fp/softfp\libc.a(lib_a-freer.o)
                0x1000a954                _free_r
 .text.__sfvwrite_r
                0x1000ab5c      0x2e0 c:/maximsdk/tools/gnutools/bin/../lib/gcc/arm-none-eabi/9.2.1/../../../../arm-none-eabi/lib/thumb/v7e-m+fp/softfp\libc.a(lib_a-fvwrite.o)
                0x1000ab5c                __sfvwrite_r
 .text._fwalk_reent
                0x1000ae3c       0x48 c:/maximsdk/tools/gnutools/bin/../lib/gcc/arm-none-eabi/9.2.1/../../../../arm-none-eabi/lib/thumb/v7e-m+fp/softfp\libc.a(lib_a-fwalk.o)
                0x1000ae3c                _fwalk_reent
 .text._localeconv_r
                0x1000ae84        0x8 c:/maximsdk/tools/gnutools/bin/../lib/gcc/arm-none-eabi/9.2.1/../../../../arm-none-eabi/lib/thumb/v7e-m+fp/softfp\libc.a(lib_a-localeconv.o)
                0x1000ae84                _localeconv_r
 .text.__retarget_lock_init_recursive
                0x1000ae8c        0x4 c:/maximsdk/tools/gnutools/bin/../lib/gcc/arm-none-eabi/9.2.1/../../../../arm-none-eabi/lib/thumb/v7e-m+fp/softfp\libc.a(lib_a-lock.o)
                0x1000ae8c                __retarget_lock_init_recursive
 .text.__retarget_lock_close_recursive
                0x1000ae90        0x4 c:/maximsdk/tools/gnutools/bin/../lib/gcc/arm-none-eabi/9.2.1/../../../../arm-none-eabi/lib/thumb/v7e-m+fp/softfp\libc.a(lib_a-lock.o)
                0x1000ae90                __retarget_lock_close_recursive
 .text.__retarget_lock_acquire_recursive
                0x1000ae94        0x4 c:/maximsdk/tools/gnutools/bin/../lib/gcc/arm-none-eabi/9.2.1/../../../../arm-none-eabi/lib/thumb/v7e-m+fp/softfp\libc.a(lib_a-lock.o)
                0x1000ae94                __retarget_lock_acquire_recursive
 .text.__retarget_lock_release_recursive
                0x1000ae98        0x4 c:/maximsdk/tools/gnutools/bin/../lib/gcc/arm-none-eabi/9.2.1/../../../../arm-none-eabi/lib/thumb/v7e-m+fp/softfp\libc.a(lib_a-lock.o)
                0x1000ae98                __retarget_lock_release_recursive
 .text.__swhatbuf_r
                0x1000ae9c       0x5c c:/maximsdk/tools/gnutools/bin/../lib/gcc/arm-none-eabi/9.2.1/../../../../arm-none-eabi/lib/thumb/v7e-m+fp/softfp\libc.a(lib_a-makebuf.o)
                0x1000ae9c                __swhatbuf_r
 .text.__smakebuf_r
                0x1000aef8       0x98 c:/maximsdk/tools/gnutools/bin/../lib/gcc/arm-none-eabi/9.2.1/../../../../arm-none-eabi/lib/thumb/v7e-m+fp/softfp\libc.a(lib_a-makebuf.o)
                0x1000aef8                __smakebuf_r
 .text          0x1000af90       0xa0 c:/maximsdk/tools/gnutools/bin/../lib/gcc/arm-none-eabi/9.2.1/../../../../arm-none-eabi/lib/thumb/v7e-m+fp/softfp\libc.a(lib_a-memchr.o)
                0x1000af90                memchr
 .text.memmove  0x1000b030       0xd8 c:/maximsdk/tools/gnutools/bin/../lib/gcc/arm-none-eabi/9.2.1/../../../../arm-none-eabi/lib/thumb/v7e-m+fp/softfp\libc.a(lib_a-memmove.o)
                0x1000b030                memmove
 .text._Balloc  0x1000b108       0x4c c:/maximsdk/tools/gnutools/bin/../lib/gcc/arm-none-eabi/9.2.1/../../../../arm-none-eabi/lib/thumb/v7e-m+fp/softfp\libc.a(lib_a-mprec.o)
                0x1000b108                _Balloc
 .text._Bfree   0x1000b154       0x14 c:/maximsdk/tools/gnutools/bin/../lib/gcc/arm-none-eabi/9.2.1/../../../../arm-none-eabi/lib/thumb/v7e-m+fp/softfp\libc.a(lib_a-mprec.o)
                0x1000b154                _Bfree
 .text.__multadd
                0x1000b168       0x8c c:/maximsdk/tools/gnutools/bin/../lib/gcc/arm-none-eabi/9.2.1/../../../../arm-none-eabi/lib/thumb/v7e-m+fp/softfp\libc.a(lib_a-mprec.o)
                0x1000b168                __multadd
 .text.__hi0bits
                0x1000b1f4       0x40 c:/maximsdk/tools/gnutools/bin/../lib/gcc/arm-none-eabi/9.2.1/../../../../arm-none-eabi/lib/thumb/v7e-m+fp/softfp\libc.a(lib_a-mprec.o)
                0x1000b1f4                __hi0bits
 .text.__lo0bits
                0x1000b234       0x60 c:/maximsdk/tools/gnutools/bin/../lib/gcc/arm-none-eabi/9.2.1/../../../../arm-none-eabi/lib/thumb/v7e-m+fp/softfp\libc.a(lib_a-mprec.o)
                0x1000b234                __lo0bits
 .text.__i2b    0x1000b294       0x14 c:/maximsdk/tools/gnutools/bin/../lib/gcc/arm-none-eabi/9.2.1/../../../../arm-none-eabi/lib/thumb/v7e-m+fp/softfp\libc.a(lib_a-mprec.o)
                0x1000b294                __i2b
 .text.__multiply
                0x1000b2a8      0x144 c:/maximsdk/tools/gnutools/bin/../lib/gcc/arm-none-eabi/9.2.1/../../../../arm-none-eabi/lib/thumb/v7e-m+fp/softfp\libc.a(lib_a-mprec.o)
                0x1000b2a8                __multiply
 .text.__pow5mult
                0x1000b3ec       0xa0 c:/maximsdk/tools/gnutools/bin/../lib/gcc/arm-none-eabi/9.2.1/../../../../arm-none-eabi/lib/thumb/v7e-m+fp/softfp\libc.a(lib_a-mprec.o)
                0x1000b3ec                __pow5mult
 .text.__lshift
                0x1000b48c       0xd4 c:/maximsdk/tools/gnutools/bin/../lib/gcc/arm-none-eabi/9.2.1/../../../../arm-none-eabi/lib/thumb/v7e-m+fp/softfp\libc.a(lib_a-mprec.o)
                0x1000b48c                __lshift
 .text.__mcmp   0x1000b560       0x3c c:/maximsdk/tools/gnutools/bin/../lib/gcc/arm-none-eabi/9.2.1/../../../../arm-none-eabi/lib/thumb/v7e-m+fp/softfp\libc.a(lib_a-mprec.o)
                0x1000b560                __mcmp
 .text.__mdiff  0x1000b59c      0x138 c:/maximsdk/tools/gnutools/bin/../lib/gcc/arm-none-eabi/9.2.1/../../../../arm-none-eabi/lib/thumb/v7e-m+fp/softfp\libc.a(lib_a-mprec.o)
                0x1000b59c                __mdiff
 .text.__d2b    0x1000b6d4       0xbc c:/maximsdk/tools/gnutools/bin/../lib/gcc/arm-none-eabi/9.2.1/../../../../arm-none-eabi/lib/thumb/v7e-m+fp/softfp\libc.a(lib_a-mprec.o)
                0x1000b6d4                __d2b
 .text._realloc_r
                0x1000b790      0x3e0 c:/maximsdk/tools/gnutools/bin/../lib/gcc/arm-none-eabi/9.2.1/../../../../arm-none-eabi/lib/thumb/v7e-m+fp/softfp\libc.a(lib_a-reallocr.o)
                0x1000b790                _realloc_r
 .text.frexp    0x1000bb70       0x70 c:/maximsdk/tools/gnutools/bin/../lib/gcc/arm-none-eabi/9.2.1/../../../../arm-none-eabi/lib/thumb/v7e-m+fp/softfp\libc.a(lib_a-s_frexp.o)
                0x1000bb70                frexp
 .text.__sread  0x1000bbe0       0x24 c:/maximsdk/tools/gnutools/bin/../lib/gcc/arm-none-eabi/9.2.1/../../../../arm-none-eabi/lib/thumb/v7e-m+fp/softfp\libc.a(lib_a-stdio.o)
                0x1000bbe0                __sread
 .text.__swrite
                0x1000bc04       0x40 c:/maximsdk/tools/gnutools/bin/../lib/gcc/arm-none-eabi/9.2.1/../../../../arm-none-eabi/lib/thumb/v7e-m+fp/softfp\libc.a(lib_a-stdio.o)
                0x1000bc04                __swrite
 .text.__sseek  0x1000bc44       0x20 c:/maximsdk/tools/gnutools/bin/../lib/gcc/arm-none-eabi/9.2.1/../../../../arm-none-eabi/lib/thumb/v7e-m+fp/softfp\libc.a(lib_a-stdio.o)
                0x1000bc44                __sseek
 .text.__sclose
                0x1000bc64        0x8 c:/maximsdk/tools/gnutools/bin/../lib/gcc/arm-none-eabi/9.2.1/../../../../arm-none-eabi/lib/thumb/v7e-m+fp/softfp\libc.a(lib_a-stdio.o)
                0x1000bc64                __sclose
 .text.strncpy  0x1000bc6c       0x68 c:/maximsdk/tools/gnutools/bin/../lib/gcc/arm-none-eabi/9.2.1/../../../../arm-none-eabi/lib/thumb/v7e-m+fp/softfp\libc.a(lib_a-strncpy.o)
                0x1000bc6c                strncpy
 .text.__ssprint_r
                0x1000bcd4       0xf8 c:/maximsdk/tools/gnutools/bin/../lib/gcc/arm-none-eabi/9.2.1/../../../../arm-none-eabi/lib/thumb/v7e-m+fp/softfp\libc.a(lib_a-svfiprintf.o)
                0x1000bcd4                __ssprint_r
 .text.__sprint_r.part.0
                0x1000bdcc       0x78 c:/maximsdk/tools/gnutools/bin/../lib/gcc/arm-none-eabi/9.2.1/../../../../arm-none-eabi/lib/thumb/v7e-m+fp/softfp\libc.a(lib_a-vfiprintf.o)
 .text.__sprint_r
                0x1000be44       0x18 c:/maximsdk/tools/gnutools/bin/../lib/gcc/arm-none-eabi/9.2.1/../../../../arm-none-eabi/lib/thumb/v7e-m+fp/softfp\libc.a(lib_a-vfiprintf.o)
                0x1000be44                __sprint_r
 .text._write_r
                0x1000be5c       0x2c c:/maximsdk/tools/gnutools/bin/../lib/gcc/arm-none-eabi/9.2.1/../../../../arm-none-eabi/lib/thumb/v7e-m+fp/softfp\libc.a(lib_a-writer.o)
                0x1000be5c                _write_r
 .text.__register_exitproc
                0x1000be88       0x8c c:/maximsdk/tools/gnutools/bin/../lib/gcc/arm-none-eabi/9.2.1/../../../../arm-none-eabi/lib/thumb/v7e-m+fp/softfp\libc.a(lib_a-__atexit.o)
                0x1000be88                __register_exitproc
 .text._calloc_r
                0x1000bf14       0x60 c:/maximsdk/tools/gnutools/bin/../lib/gcc/arm-none-eabi/9.2.1/../../../../arm-none-eabi/lib/thumb/v7e-m+fp/softfp\libc.a(lib_a-callocr.o)
                0x1000bf14                _calloc_r
 .text._close_r
                0x1000bf74       0x24 c:/maximsdk/tools/gnutools/bin/../lib/gcc/arm-none-eabi/9.2.1/../../../../arm-none-eabi/lib/thumb/v7e-m+fp/softfp\libc.a(lib_a-closer.o)
                0x1000bf74                _close_r
 .text._fclose_r
                0x1000bf98       0xcc c:/maximsdk/tools/gnutools/bin/../lib/gcc/arm-none-eabi/9.2.1/../../../../arm-none-eabi/lib/thumb/v7e-m+fp/softfp\libc.a(lib_a-fclose.o)
                0x1000bf98                _fclose_r
 .text.__fputwc
                0x1000c064       0xa8 c:/maximsdk/tools/gnutools/bin/../lib/gcc/arm-none-eabi/9.2.1/../../../../arm-none-eabi/lib/thumb/v7e-m+fp/softfp\libc.a(lib_a-fputwc.o)
                0x1000c064                __fputwc
 .text._fputwc_r
                0x1000c10c       0x68 c:/maximsdk/tools/gnutools/bin/../lib/gcc/arm-none-eabi/9.2.1/../../../../arm-none-eabi/lib/thumb/v7e-m+fp/softfp\libc.a(lib_a-fputwc.o)
                0x1000c10c                _fputwc_r
 .text._fstat_r
                0x1000c174       0x2c c:/maximsdk/tools/gnutools/bin/../lib/gcc/arm-none-eabi/9.2.1/../../../../arm-none-eabi/lib/thumb/v7e-m+fp/softfp\libc.a(lib_a-fstatr.o)
                0x1000c174                _fstat_r
 .text._isatty_r
                0x1000c1a0       0x24 c:/maximsdk/tools/gnutools/bin/../lib/gcc/arm-none-eabi/9.2.1/../../../../arm-none-eabi/lib/thumb/v7e-m+fp/softfp\libc.a(lib_a-isattyr.o)
                0x1000c1a0                _isatty_r
 .text.__locale_mb_cur_max
                0x1000c1c4        0xc c:/maximsdk/tools/gnutools/bin/../lib/gcc/arm-none-eabi/9.2.1/../../../../arm-none-eabi/lib/thumb/v7e-m+fp/softfp\libc.a(lib_a-locale.o)
                0x1000c1c4                __locale_mb_cur_max
 .text._lseek_r
                0x1000c1d0       0x2c c:/maximsdk/tools/gnutools/bin/../lib/gcc/arm-none-eabi/9.2.1/../../../../arm-none-eabi/lib/thumb/v7e-m+fp/softfp\libc.a(lib_a-lseekr.o)
                0x1000c1d0                _lseek_r
 .text.__ascii_mbtowc
                0x1000c1fc       0x2c c:/maximsdk/tools/gnutools/bin/../lib/gcc/arm-none-eabi/9.2.1/../../../../arm-none-eabi/lib/thumb/v7e-m+fp/softfp\libc.a(lib_a-mbtowc_r.o)
                0x1000c1fc                __ascii_mbtowc
 .text._read_r  0x1000c228       0x2c c:/maximsdk/tools/gnutools/bin/../lib/gcc/arm-none-eabi/9.2.1/../../../../arm-none-eabi/lib/thumb/v7e-m+fp/softfp\libc.a(lib_a-readr.o)
                0x1000c228                _read_r
 .text.__swbuf_r
                0x1000c254       0xb0 c:/maximsdk/tools/gnutools/bin/../lib/gcc/arm-none-eabi/9.2.1/../../../../arm-none-eabi/lib/thumb/v7e-m+fp/softfp\libc.a(lib_a-wbuf.o)
                0x1000c254                __swbuf_r
 .text._wcrtomb_r
                0x1000c304       0x3c c:/maximsdk/tools/gnutools/bin/../lib/gcc/arm-none-eabi/9.2.1/../../../../arm-none-eabi/lib/thumb/v7e-m+fp/softfp\libc.a(lib_a-wcrtomb.o)
                0x1000c304                _wcrtomb_r
 .text.__ascii_wctomb
                0x1000c340       0x1c c:/maximsdk/tools/gnutools/bin/../lib/gcc/arm-none-eabi/9.2.1/../../../../arm-none-eabi/lib/thumb/v7e-m+fp/softfp\libc.a(lib_a-wctomb_r.o)
                0x1000c340                __ascii_wctomb
 .text          0x1000c35c      0x378 c:/maximsdk/tools/gnutools/bin/../lib/gcc/arm-none-eabi/9.2.1/thumb/v7e-m+fp/softfp\libgcc.a(_arm_addsubdf3.o)
                0x1000c35c                __aeabi_drsub
                0x1000c364                __aeabi_dsub
                0x1000c364                __subdf3
                0x1000c368                __aeabi_dadd
                0x1000c368                __adddf3
                0x1000c5e0                __floatunsidf
                0x1000c5e0                __aeabi_ui2d
                0x1000c600                __floatsidf
                0x1000c600                __aeabi_i2d
                0x1000c624                __aeabi_f2d
                0x1000c624                __extendsfdf2
                0x1000c668                __floatundidf
                0x1000c668                __aeabi_ul2d
                0x1000c678                __floatdidf
                0x1000c678                __aeabi_l2d
 .text          0x1000c6d4      0x424 c:/maximsdk/tools/gnutools/bin/../lib/gcc/arm-none-eabi/9.2.1/thumb/v7e-m+fp/softfp\libgcc.a(_arm_muldivdf3.o)
                0x1000c6d4                __aeabi_dmul
                0x1000c6d4                __muldf3
                0x1000c928                __divdf3
                0x1000c928                __aeabi_ddiv
 .text          0x1000caf8      0x110 c:/maximsdk/tools/gnutools/bin/../lib/gcc/arm-none-eabi/9.2.1/thumb/v7e-m+fp/softfp\libgcc.a(_arm_cmpdf2.o)
                0x1000caf8                __gtdf2
                0x1000caf8                __gedf2
                0x1000cb00                __ltdf2
                0x1000cb00                __ledf2
                0x1000cb08                __nedf2
                0x1000cb08                __eqdf2
                0x1000cb08                __cmpdf2
                0x1000cb84                __aeabi_cdrcmple
                0x1000cb94                __aeabi_cdcmpeq
                0x1000cb94                __aeabi_cdcmple
                0x1000cba4                __aeabi_dcmpeq
                0x1000cbb8                __aeabi_dcmplt
                0x1000cbcc                __aeabi_dcmple
                0x1000cbe0                __aeabi_dcmpge
                0x1000cbf4                __aeabi_dcmpgt
 .text          0x1000cc08       0x2c c:/maximsdk/tools/gnutools/bin/../lib/gcc/arm-none-eabi/9.2.1/thumb/v7e-m+fp/softfp\libgcc.a(_arm_unorddf2.o)
                0x1000cc08                __unorddf2
                0x1000cc08                __aeabi_dcmpun
 .text          0x1000cc34       0x50 c:/maximsdk/tools/gnutools/bin/../lib/gcc/arm-none-eabi/9.2.1/thumb/v7e-m+fp/softfp\libgcc.a(_arm_fixdfsi.o)
                0x1000cc34                __aeabi_d2iz
                0x1000cc34                __fixdfsi
 .text          0x1000cc84       0xa0 c:/maximsdk/tools/gnutools/bin/../lib/gcc/arm-none-eabi/9.2.1/thumb/v7e-m+fp/softfp\libgcc.a(_aeabi_ldivmod.o)
                0x1000cc84                __aeabi_ldivmod
 .text          0x1000cd24       0x30 c:/maximsdk/tools/gnutools/bin/../lib/gcc/arm-none-eabi/9.2.1/thumb/v7e-m+fp/softfp\libgcc.a(_aeabi_uldivmod.o)
                0x1000cd24                __aeabi_uldivmod
 .text          0x1000cd54      0x2c4 c:/maximsdk/tools/gnutools/bin/../lib/gcc/arm-none-eabi/9.2.1/thumb/v7e-m+fp/softfp\libgcc.a(_udivmoddi4.o)
                0x1000cd54                __udivmoddi4
 .text          0x1000d018        0x4 c:/maximsdk/tools/gnutools/bin/../lib/gcc/arm-none-eabi/9.2.1/thumb/v7e-m+fp/softfp\libgcc.a(_dvmd_tls.o)
                0x1000d018                __aeabi_idiv0
                0x1000d018                __aeabi_ldiv0
 *(.rodata*)
 .rodata.I2SInit.str1.4
                0x1000d01c       0x30 c:/Users/user/eclipse-workspace/kws20_demo/build/main.o
 .rodata.check_inference.str1.4
                0x1000d04c       0x6d c:/Users/user/eclipse-workspace/kws20_demo/build/main.o
 *fill*         0x1000d0b9        0x3 
 .rodata.fail.str1.4
                0x1000d0bc        0xf c:/Users/user/eclipse-workspace/kws20_demo/build/main.o
 *fill*         0x1000d0cb        0x1 
 .rodata.AddTranspose.str1.4
                0x1000d0cc       0x14 c:/Users/user/eclipse-workspace/kws20_demo/build/main.o
 .rodata.TFT_Intro.str1.4
                0x1000d0e0       0xd9 c:/Users/user/eclipse-workspace/kws20_demo/build/main.o
 *fill*         0x1000d1b9        0x3 
 .rodata.TFT_End.str1.4
                0x1000d1bc       0x42 c:/Users/user/eclipse-workspace/kws20_demo/build/main.o
 *fill*         0x1000d1fe        0x2 
 .rodata.main.str1.4
                0x1000d200      0x28c c:/Users/user/eclipse-workspace/kws20_demo/build/main.o
 .rodata.keywords
                0x1000d48c       0xd2 c:/Users/user/eclipse-workspace/kws20_demo/build/main.o
                0x1000d48c                keywords
 *fill*         0x1000d55e        0x2 
 .rodata.kernels_0
                0x1000d560      0xd28 c:/Users/user/eclipse-workspace/kws20_demo/build/cnn.o
 .rodata.kernels_1
                0x1000e288      0xd28 c:/Users/user/eclipse-workspace/kws20_demo/build/cnn.o
 .rodata.kernels_10
                0x1000efb0      0xd28 c:/Users/user/eclipse-workspace/kws20_demo/build/cnn.o
 .rodata.kernels_11
                0x1000fcd8      0xd28 c:/Users/user/eclipse-workspace/kws20_demo/build/cnn.o
 .rodata.kernels_12
                0x10010a00      0xd28 c:/Users/user/eclipse-workspace/kws20_demo/build/cnn.o
 .rodata.kernels_13
                0x10011728      0xd28 c:/Users/user/eclipse-workspace/kws20_demo/build/cnn.o
 .rodata.kernels_14
                0x10012450      0xd28 c:/Users/user/eclipse-workspace/kws20_demo/build/cnn.o
 .rodata.kernels_15
                0x10013178      0xd28 c:/Users/user/eclipse-workspace/kws20_demo/build/cnn.o
 .rodata.kernels_16
                0x10013ea0      0xd28 c:/Users/user/eclipse-workspace/kws20_demo/build/cnn.o
 .rodata.kernels_17
                0x10014bc8      0xd28 c:/Users/user/eclipse-workspace/kws20_demo/build/cnn.o
 .rodata.kernels_18
                0x100158f0      0xd28 c:/Users/user/eclipse-workspace/kws20_demo/build/cnn.o
 .rodata.kernels_19
                0x10016618      0xd28 c:/Users/user/eclipse-workspace/kws20_demo/build/cnn.o
 .rodata.kernels_2
                0x10017340      0xd28 c:/Users/user/eclipse-workspace/kws20_demo/build/cnn.o
 .rodata.kernels_20
                0x10018068      0xd28 c:/Users/user/eclipse-workspace/kws20_demo/build/cnn.o
 .rodata.kernels_21
                0x10018d90      0xd28 c:/Users/user/eclipse-workspace/kws20_demo/build/cnn.o
 .rodata.kernels_22
                0x10019ab8      0xd28 c:/Users/user/eclipse-workspace/kws20_demo/build/cnn.o
 .rodata.kernels_23
                0x1001a7e0      0xd28 c:/Users/user/eclipse-workspace/kws20_demo/build/cnn.o
 .rodata.kernels_24
                0x1001b508      0xd28 c:/Users/user/eclipse-workspace/kws20_demo/build/cnn.o
 .rodata.kernels_25
                0x1001c230      0xd28 c:/Users/user/eclipse-workspace/kws20_demo/build/cnn.o
 .rodata.kernels_26
                0x1001cf58      0xd28 c:/Users/user/eclipse-workspace/kws20_demo/build/cnn.o
 .rodata.kernels_27
                0x1001dc80      0xd28 c:/Users/user/eclipse-workspace/kws20_demo/build/cnn.o
 .rodata.kernels_28
                0x1001e9a8      0xd28 c:/Users/user/eclipse-workspace/kws20_demo/build/cnn.o
 .rodata.kernels_29
                0x1001f6d0      0xd28 c:/Users/user/eclipse-workspace/kws20_demo/build/cnn.o
 .rodata.kernels_3
                0x100203f8      0xd28 c:/Users/user/eclipse-workspace/kws20_demo/build/cnn.o
 .rodata.kernels_30
                0x10021120      0xd28 c:/Users/user/eclipse-workspace/kws20_demo/build/cnn.o
 .rodata.kernels_31
                0x10021e48      0xd28 c:/Users/user/eclipse-workspace/kws20_demo/build/cnn.o
 .rodata.kernels_32
                0x10022b70      0xd28 c:/Users/user/eclipse-workspace/kws20_demo/build/cnn.o
 .rodata.kernels_33
                0x10023898      0xd28 c:/Users/user/eclipse-workspace/kws20_demo/build/cnn.o
 .rodata.kernels_34
                0x100245c0      0xd28 c:/Users/user/eclipse-workspace/kws20_demo/build/cnn.o
 .rodata.kernels_35
                0x100252e8      0xd28 c:/Users/user/eclipse-workspace/kws20_demo/build/cnn.o
 .rodata.kernels_36
                0x10026010      0xd28 c:/Users/user/eclipse-workspace/kws20_demo/build/cnn.o
 .rodata.kernels_37
                0x10026d38      0xd28 c:/Users/user/eclipse-workspace/kws20_demo/build/cnn.o
 .rodata.kernels_38
                0x10027a60      0xd28 c:/Users/user/eclipse-workspace/kws20_demo/build/cnn.o
 .rodata.kernels_39
                0x10028788      0xd28 c:/Users/user/eclipse-workspace/kws20_demo/build/cnn.o
 .rodata.kernels_4
                0x100294b0      0xd28 c:/Users/user/eclipse-workspace/kws20_demo/build/cnn.o
 .rodata.kernels_40
                0x1002a1d8      0xd28 c:/Users/user/eclipse-workspace/kws20_demo/build/cnn.o
 .rodata.kernels_41
                0x1002af00      0xd28 c:/Users/user/eclipse-workspace/kws20_demo/build/cnn.o
 .rodata.kernels_42
                0x1002bc28      0xd28 c:/Users/user/eclipse-workspace/kws20_demo/build/cnn.o
 .rodata.kernels_43
                0x1002c950      0xd28 c:/Users/user/eclipse-workspace/kws20_demo/build/cnn.o
 .rodata.kernels_44
                0x1002d678      0xd28 c:/Users/user/eclipse-workspace/kws20_demo/build/cnn.o
 .rodata.kernels_45
                0x1002e3a0      0xd28 c:/Users/user/eclipse-workspace/kws20_demo/build/cnn.o
 .rodata.kernels_46
                0x1002f0c8      0xd28 c:/Users/user/eclipse-workspace/kws20_demo/build/cnn.o
 .rodata.kernels_47
                0x1002fdf0      0xd28 c:/Users/user/eclipse-workspace/kws20_demo/build/cnn.o
 .rodata.kernels_48
                0x10030b18      0xd28 c:/Users/user/eclipse-workspace/kws20_demo/build/cnn.o
 .rodata.kernels_49
                0x10031840      0xd28 c:/Users/user/eclipse-workspace/kws20_demo/build/cnn.o
 .rodata.kernels_5
                0x10032568      0xd28 c:/Users/user/eclipse-workspace/kws20_demo/build/cnn.o
 .rodata.kernels_50
                0x10033290      0xd28 c:/Users/user/eclipse-workspace/kws20_demo/build/cnn.o
 .rodata.kernels_51
                0x10033fb8      0xd28 c:/Users/user/eclipse-workspace/kws20_demo/build/cnn.o
 .rodata.kernels_52
                0x10034ce0      0xd28 c:/Users/user/eclipse-workspace/kws20_demo/build/cnn.o
 .rodata.kernels_53
                0x10035a08      0xd28 c:/Users/user/eclipse-workspace/kws20_demo/build/cnn.o
 .rodata.kernels_54
                0x10036730      0xd28 c:/Users/user/eclipse-workspace/kws20_demo/build/cnn.o
 .rodata.kernels_55
                0x10037458      0xd28 c:/Users/user/eclipse-workspace/kws20_demo/build/cnn.o
 .rodata.kernels_56
                0x10038180      0xd28 c:/Users/user/eclipse-workspace/kws20_demo/build/cnn.o
 .rodata.kernels_57
                0x10038ea8      0xd28 c:/Users/user/eclipse-workspace/kws20_demo/build/cnn.o
 .rodata.kernels_58
                0x10039bd0      0xd28 c:/Users/user/eclipse-workspace/kws20_demo/build/cnn.o
 .rodata.kernels_59
                0x1003a8f8      0xd28 c:/Users/user/eclipse-workspace/kws20_demo/build/cnn.o
 .rodata.kernels_6
                0x1003b620      0xd28 c:/Users/user/eclipse-workspace/kws20_demo/build/cnn.o
 .rodata.kernels_60
                0x1003c348      0xd28 c:/Users/user/eclipse-workspace/kws20_demo/build/cnn.o
 .rodata.kernels_61
                0x1003d070      0xd28 c:/Users/user/eclipse-workspace/kws20_demo/build/cnn.o
 .rodata.kernels_62
                0x1003dd98      0xd28 c:/Users/user/eclipse-workspace/kws20_demo/build/cnn.o
 .rodata.kernels_63
                0x1003eac0      0xd28 c:/Users/user/eclipse-workspace/kws20_demo/build/cnn.o
 .rodata.kernels_7
                0x1003f7e8      0xd28 c:/Users/user/eclipse-workspace/kws20_demo/build/cnn.o
 .rodata.kernels_8
                0x10040510      0xd28 c:/Users/user/eclipse-workspace/kws20_demo/build/cnn.o
 .rodata.kernels_9
                0x10041238      0xd28 c:/Users/user/eclipse-workspace/kws20_demo/build/cnn.o
 .rodata.mxc_assert.str1.4
                0x10041f60       0x19 c:/Users/user/eclipse-workspace/kws20_demo/build/board.o
 *fill*         0x10041f79        0x3 
 .rodata.Board_Init.str1.4
                0x10041f7c       0x45 c:/Users/user/eclipse-workspace/kws20_demo/build/board.o
 *fill*         0x10041fc1        0x3 
 .rodata.led_pin
                0x10041fc4       0x24 c:/Users/user/eclipse-workspace/kws20_demo/build/board.o
                0x10041fc4                led_pin
 .rodata.num_leds
                0x10041fe8        0x4 c:/Users/user/eclipse-workspace/kws20_demo/build/board.o
                0x10041fe8                num_leds
 .rodata.num_pbs
                0x10041fec        0x4 c:/Users/user/eclipse-workspace/kws20_demo/build/board.o
                0x10041fec                num_pbs
 .rodata.pb_pin
                0x10041ff0       0x18 c:/Users/user/eclipse-workspace/kws20_demo/build/board.o
                0x10041ff0                pb_pin
 .rodata.LED_On.str1.4
                0x10042008       0x4f c:/Users/user/eclipse-workspace/kws20_demo/build/led.o
 *fill*         0x10042057        0x1 
 .rodata.PB_RegisterCallback.str1.4
                0x10042058       0x4d c:/Users/user/eclipse-workspace/kws20_demo/build/pb.o
 *fill*         0x100420a5        0x3 
 .rodata        0x100420a8       0x14 c:/Users/user/eclipse-workspace/kws20_demo/build/tft_fthr.o
 .rodata.gpio_cfg_i2c0
                0x100420bc        0xc c:/MaximSDK/Libraries/PeriphDrivers/bin/MAX78000/softfp/libPeriphDriver_softfp.a(pins_ai85.o)
                0x100420bc                gpio_cfg_i2c0
 .rodata.gpio_cfg_i2c1
                0x100420c8        0xc c:/MaximSDK/Libraries/PeriphDrivers/bin/MAX78000/softfp/libPeriphDriver_softfp.a(pins_ai85.o)
                0x100420c8                gpio_cfg_i2c1
 .rodata.gpio_cfg_i2c2
                0x100420d4        0xc c:/MaximSDK/Libraries/PeriphDrivers/bin/MAX78000/softfp/libPeriphDriver_softfp.a(pins_ai85.o)
                0x100420d4                gpio_cfg_i2c2
 .rodata.gpio_cfg_i2s0
                0x100420e0        0xc c:/MaximSDK/Libraries/PeriphDrivers/bin/MAX78000/softfp/libPeriphDriver_softfp.a(pins_ai85.o)
                0x100420e0                gpio_cfg_i2s0
 .rodata.gpio_cfg_i2s0_extclk
                0x100420ec        0xc c:/MaximSDK/Libraries/PeriphDrivers/bin/MAX78000/softfp/libPeriphDriver_softfp.a(pins_ai85.o)
                0x100420ec                gpio_cfg_i2s0_extclk
 .rodata.gpio_cfg_uart0
                0x100420f8        0xc c:/MaximSDK/Libraries/PeriphDrivers/bin/MAX78000/softfp/libPeriphDriver_softfp.a(pins_ai85.o)
                0x100420f8                gpio_cfg_uart0
 .rodata.gpio_cfg_uart1
                0x10042104        0xc c:/MaximSDK/Libraries/PeriphDrivers/bin/MAX78000/softfp/libPeriphDriver_softfp.a(pins_ai85.o)
                0x10042104                gpio_cfg_uart1
 .rodata.gpio_cfg_uart2
                0x10042110        0xc c:/MaximSDK/Libraries/PeriphDrivers/bin/MAX78000/softfp/libPeriphDriver_softfp.a(pins_ai85.o)
                0x10042110                gpio_cfg_uart2
 .rodata.gpio_cfg_uart3
                0x1004211c        0xc c:/MaximSDK/Libraries/PeriphDrivers/bin/MAX78000/softfp/libPeriphDriver_softfp.a(pins_ai85.o)
                0x1004211c                gpio_cfg_uart3
 .rodata.MXC_SPI_Init.str1.1
                0x10042128       0x4d c:/MaximSDK/Libraries/PeriphDrivers/bin/MAX78000/softfp/libPeriphDriver_softfp.a(spi_me17.o)
 .rodata.MXC_SPI_RevA_DMACallback.str1.1
                0x10042175       0x4c c:/MaximSDK/Libraries/PeriphDrivers/bin/MAX78000/softfp/libPeriphDriver_softfp.a(spi_reva.o)
 .rodata.MXC_SPI_RevA_TransSetup.str1.1
                0x100421c1       0x22 c:/MaximSDK/Libraries/PeriphDrivers/bin/MAX78000/softfp/libPeriphDriver_softfp.a(spi_reva.o)
                                 0x2f (size before relaxing)
 .rodata.MXC_TMR_RevB_ConfigGeneric.str1.1
                0x100421e3       0x4c c:/MaximSDK/Libraries/PeriphDrivers/bin/MAX78000/softfp/libPeriphDriver_softfp.a(tmr_revb.o)
 .rodata.MXC_GPIO_Common_Handler.str1.1
                0x1004222f       0x62 c:/MaximSDK/Libraries/PeriphDrivers/bin/MAX78000/softfp/libPeriphDriver_softfp.a(gpio_common.o)
 *fill*         0x10042291        0x3 
 .rodata._global_impure_ptr
                0x10042294        0x4 c:/maximsdk/tools/gnutools/bin/../lib/gcc/arm-none-eabi/9.2.1/../../../../arm-none-eabi/lib/thumb/v7e-m+fp/softfp\libc.a(lib_a-impure.o)
                0x10042294                _global_impure_ptr
 .rodata._puts_r.str1.4
                0x10042298       0x4d c:/maximsdk/tools/gnutools/bin/../lib/gcc/arm-none-eabi/9.2.1/../../../../arm-none-eabi/lib/thumb/v7e-m+fp/softfp\libc.a(lib_a-puts.o)
                                  0x2 (size before relaxing)
 .rodata._svfprintf_r.str1.4
                0x10042298       0x42 c:/maximsdk/tools/gnutools/bin/../lib/gcc/arm-none-eabi/9.2.1/../../../../arm-none-eabi/lib/thumb/v7e-m+fp/softfp\libc.a(lib_a-svfprintf.o)
 *fill*         0x100422da        0x2 
 .rodata.blanks.8708
                0x100422dc       0x10 c:/maximsdk/tools/gnutools/bin/../lib/gcc/arm-none-eabi/9.2.1/../../../../arm-none-eabi/lib/thumb/v7e-m+fp/softfp\libc.a(lib_a-svfprintf.o)
 .rodata.zeroes.8709
                0x100422ec       0x10 c:/maximsdk/tools/gnutools/bin/../lib/gcc/arm-none-eabi/9.2.1/../../../../arm-none-eabi/lib/thumb/v7e-m+fp/softfp\libc.a(lib_a-svfprintf.o)
 .rodata._vfprintf_r.str1.4
                0x100422fc       0x42 c:/maximsdk/tools/gnutools/bin/../lib/gcc/arm-none-eabi/9.2.1/../../../../arm-none-eabi/lib/thumb/v7e-m+fp/softfp\libc.a(lib_a-vfprintf.o)
 .rodata.blanks.8723
                0x100422fc       0x10 c:/maximsdk/tools/gnutools/bin/../lib/gcc/arm-none-eabi/9.2.1/../../../../arm-none-eabi/lib/thumb/v7e-m+fp/softfp\libc.a(lib_a-vfprintf.o)
 .rodata.zeroes.8724
                0x1004230c       0x10 c:/maximsdk/tools/gnutools/bin/../lib/gcc/arm-none-eabi/9.2.1/../../../../arm-none-eabi/lib/thumb/v7e-m+fp/softfp\libc.a(lib_a-vfprintf.o)
 .rodata._dtoa_r.str1.4
                0x1004231c        0xd c:/maximsdk/tools/gnutools/bin/../lib/gcc/arm-none-eabi/9.2.1/../../../../arm-none-eabi/lib/thumb/v7e-m+fp/softfp\libc.a(lib_a-dtoa.o)
                                 0x12 (size before relaxing)
 *fill*         0x10042329        0x7 
 .rodata.__mprec_bigtens
                0x10042330       0x28 c:/maximsdk/tools/gnutools/bin/../lib/gcc/arm-none-eabi/9.2.1/../../../../arm-none-eabi/lib/thumb/v7e-m+fp/softfp\libc.a(lib_a-mprec.o)
                0x10042330                __mprec_bigtens
 .rodata.__mprec_tens
                0x10042358       0xc8 c:/maximsdk/tools/gnutools/bin/../lib/gcc/arm-none-eabi/9.2.1/../../../../arm-none-eabi/lib/thumb/v7e-m+fp/softfp\libc.a(lib_a-mprec.o)
                0x10042358                __mprec_tens
 .rodata.p05.7478
                0x10042420        0xc c:/maximsdk/tools/gnutools/bin/../lib/gcc/arm-none-eabi/9.2.1/../../../../arm-none-eabi/lib/thumb/v7e-m+fp/softfp\libc.a(lib_a-mprec.o)
 .rodata._setlocale_r.str1.4
                0x1004242c        0xa c:/maximsdk/tools/gnutools/bin/../lib/gcc/arm-none-eabi/9.2.1/../../../../arm-none-eabi/lib/thumb/v7e-m+fp/softfp\libc.a(lib_a-locale.o)
                                  0xd (size before relaxing)
 *fill*         0x10042436        0x2 
 .rodata.str1.4
                0x10042438        0x2 c:/maximsdk/tools/gnutools/bin/../lib/gcc/arm-none-eabi/9.2.1/../../../../arm-none-eabi/lib/thumb/v7e-m+fp/softfp\libc.a(lib_a-locale.o)
 *fill*         0x1004243a        0x2 
 .rodata._ctype_
                0x1004243c      0x101 c:/maximsdk/tools/gnutools/bin/../lib/gcc/arm-none-eabi/9.2.1/../../../../arm-none-eabi/lib/thumb/v7e-m+fp/softfp\libc.a(lib_a-ctype_.o)
                0x1004243c                _ctype_
 *(.init)
 *fill*         0x1004253d        0x3 
 .init          0x10042540        0x4 c:/maximsdk/tools/gnutools/bin/../lib/gcc/arm-none-eabi/9.2.1/thumb/v7e-m+fp/softfp/crti.o
                0x10042540                _init
 .init          0x10042544        0x8 c:/maximsdk/tools/gnutools/bin/../lib/gcc/arm-none-eabi/9.2.1/thumb/v7e-m+fp/softfp/crtn.o
 *(.fini)
 .fini          0x1004254c        0x4 c:/maximsdk/tools/gnutools/bin/../lib/gcc/arm-none-eabi/9.2.1/thumb/v7e-m+fp/softfp/crti.o
                0x1004254c                _fini
 .fini          0x10042550        0x8 c:/maximsdk/tools/gnutools/bin/../lib/gcc/arm-none-eabi/9.2.1/thumb/v7e-m+fp/softfp/crtn.o
 *(.eh_frame*)
 .eh_frame      0x10042558        0x0 c:/maximsdk/tools/gnutools/bin/../lib/gcc/arm-none-eabi/9.2.1/thumb/v7e-m+fp/softfp/crtbegin.o
 .eh_frame      0x10042558        0x4 c:/maximsdk/tools/gnutools/bin/../lib/gcc/arm-none-eabi/9.2.1/thumb/v7e-m+fp/softfp/crtend.o
                0x1004255c                _etext = .

.glue_7         0x1004255c        0x0
 .glue_7        0x1004255c        0x0 linker stubs

.glue_7t        0x1004255c        0x0
 .glue_7t       0x1004255c        0x0 linker stubs

.vfp11_veneer   0x1004255c        0x0
 .vfp11_veneer  0x1004255c        0x0 linker stubs

.v4_bx          0x1004255c        0x0
 .v4_bx         0x1004255c        0x0 linker stubs

.iplt           0x1004255c        0x0
 .iplt          0x1004255c        0x0 c:/maximsdk/tools/gnutools/bin/../lib/gcc/arm-none-eabi/9.2.1/thumb/v7e-m+fp/softfp/crtbegin.o

.bin_storage    0x1004255c    0x26468
 FILL mask 0xff
                0x1004255c                _bin_start_ = .
 *(.bin_storage_img)
 .bin_storage_img
                0x1004255c    0x25804 c:/Users/user/eclipse-workspace/kws20_demo/build/img_1_rgb565.o
                0x1004255c                img_1_rgb565
 .bin_storage_img
                0x10067d60      0xc64 c:/Users/user/eclipse-workspace/kws20_demo/build/SansSerif16x16.o
                0x10067d60                SansSerif16x16
                0x100689c4                _bin_end_ = .
                0x100689c4                . = ALIGN (0x4)

.rom_code       0x00000000        0x0
                0x00000000                . = ALIGN (0x10)
                0x20000000                _sran_code = .
 *(.rom_code_section)
                0x20000000                _esran_code = .

.flash_code     0x100689c4        0xc
                0x100689d0                . = ALIGN (0x10)
 *fill*         0x100689c4        0xc 
                0x20000000                _sran_code = .
 *(.flash_code_section)
                0x20000000                _esran_code = .

.sram_code      0x20000000        0x0
                0x20000000                . = ALIGN (0x10)
                0x20000000                _sran_code = .
 *(.sram_code_section)
                0x20000000                _esran_code = .

.ARM.exidx      0x100689d0        0x8
                0x100689d0                __exidx_start = .
 *(.ARM.exidx*)
 .ARM.exidx     0x100689d0        0x8 c:/maximsdk/tools/gnutools/bin/../lib/gcc/arm-none-eabi/9.2.1/thumb/v7e-m+fp/softfp\libgcc.a(_udivmoddi4.o)
                0x100689d8                __exidx_end = .

.rel.dyn        0x100689d8        0x0
 .rel.iplt      0x100689d8        0x0 c:/maximsdk/tools/gnutools/bin/../lib/gcc/arm-none-eabi/9.2.1/thumb/v7e-m+fp/softfp/crtbegin.o

.data           0x20000000      0x9d4 load address 0x100689d8
                0x20000000                _data = ALIGN (., 0x4)
 *(.data*)
 .data.font_1   0x20000000        0x4 c:/Users/user/eclipse-workspace/kws20_demo/build/main.o
                0x20000000                font_1
 .data.font_2   0x20000004        0x4 c:/Users/user/eclipse-workspace/kws20_demo/build/main.o
                0x20000004                font_2
 .data.image_bitmap
                0x20000008        0x4 c:/Users/user/eclipse-workspace/kws20_demo/build/main.o
                0x20000008                image_bitmap
 .data.thresholdHigh
                0x2000000c        0x2 c:/Users/user/eclipse-workspace/kws20_demo/build/main.o
                0x2000000c                thresholdHigh
 .data.thresholdLow
                0x2000000e        0x2 c:/Users/user/eclipse-workspace/kws20_demo/build/main.o
                0x2000000e                thresholdLow
 .data.ConsoleUart
                0x20000010        0x4 c:/Users/user/eclipse-workspace/kws20_demo/build/board.o
                0x20000010                ConsoleUart
 .data.overflows
                0x20000014        0x4 c:/MaximSDK/Libraries/PeriphDrivers/bin/MAX78000/softfp/libPeriphDriver_softfp.a(mxc_delay.o)
 .data._impure_ptr
                0x20000018        0x4 c:/maximsdk/tools/gnutools/bin/../lib/gcc/arm-none-eabi/9.2.1/../../../../arm-none-eabi/lib/thumb/v7e-m+fp/softfp\libc.a(lib_a-impure.o)
                0x20000018                _impure_ptr
 *fill*         0x2000001c        0x4 
 .data.impure_data
                0x20000020      0x428 c:/maximsdk/tools/gnutools/bin/../lib/gcc/arm-none-eabi/9.2.1/../../../../arm-none-eabi/lib/thumb/v7e-m+fp/softfp\libc.a(lib_a-impure.o)
 .data.__malloc_av_
                0x20000448      0x408 c:/maximsdk/tools/gnutools/bin/../lib/gcc/arm-none-eabi/9.2.1/../../../../arm-none-eabi/lib/thumb/v7e-m+fp/softfp\libc.a(lib_a-mallocr.o)
                0x20000448                __malloc_av_
 .data.__malloc_sbrk_base
                0x20000850        0x4 c:/maximsdk/tools/gnutools/bin/../lib/gcc/arm-none-eabi/9.2.1/../../../../arm-none-eabi/lib/thumb/v7e-m+fp/softfp\libc.a(lib_a-mallocr.o)
                0x20000850                __malloc_sbrk_base
 .data.__malloc_trim_threshold
                0x20000854        0x4 c:/maximsdk/tools/gnutools/bin/../lib/gcc/arm-none-eabi/9.2.1/../../../../arm-none-eabi/lib/thumb/v7e-m+fp/softfp\libc.a(lib_a-mallocr.o)
                0x20000854                __malloc_trim_threshold
 .data.__atexit_recursive_mutex
                0x20000858        0x4 c:/maximsdk/tools/gnutools/bin/../lib/gcc/arm-none-eabi/9.2.1/../../../../arm-none-eabi/lib/thumb/v7e-m+fp/softfp\libc.a(lib_a-__call_atexit.o)
                0x20000858                __atexit_recursive_mutex
 .data.__global_locale
                0x2000085c      0x16c c:/maximsdk/tools/gnutools/bin/../lib/gcc/arm-none-eabi/9.2.1/../../../../arm-none-eabi/lib/thumb/v7e-m+fp/softfp\libc.a(lib_a-locale.o)
                0x2000085c                __global_locale
                0x200009c8                . = ALIGN (0x4)
                0x200009c8                PROVIDE (__preinit_array_start = .)
 *(.preinit_array)
                0x200009c8                PROVIDE (__preinit_array_end = .)
                0x200009c8                . = ALIGN (0x4)
                0x200009c8                PROVIDE (__init_array_start = .)
 *(SORT_BY_NAME(.init_array.*))
 .init_array.00000
                0x200009c8        0x4 c:/maximsdk/tools/gnutools/bin/../lib/gcc/arm-none-eabi/9.2.1/../../../../arm-none-eabi/lib/thumb/v7e-m+fp/softfp\libc.a(lib_a-__call_atexit.o)
 *(.init_array)
 .init_array    0x200009cc        0x4 c:/maximsdk/tools/gnutools/bin/../lib/gcc/arm-none-eabi/9.2.1/thumb/v7e-m+fp/softfp/crtbegin.o
                0x200009d0                PROVIDE (__init_array_end = .)
                0x200009d0                . = ALIGN (0x4)
                0x200009d0                PROVIDE (__fini_array_start = .)
 *(SORT_BY_NAME(.fini_array.*))
 *(.fini_array)
 .fini_array    0x200009d0        0x4 c:/maximsdk/tools/gnutools/bin/../lib/gcc/arm-none-eabi/9.2.1/thumb/v7e-m+fp/softfp/crtbegin.o
                0x200009d4                PROVIDE (__fini_array_end = .)
                0x200009d4                _edata = ALIGN (., 0x4)
                0x100689d8                __load_data = LOADADDR (.data)

.igot.plt       0x200009d4        0x0 load address 0x100693ac
 .igot.plt      0x200009d4        0x0 c:/maximsdk/tools/gnutools/bin/../lib/gcc/arm-none-eabi/9.2.1/thumb/v7e-m+fp/softfp/crtbegin.o

.bss            0x20000a00     0x58d4 load address 0x100693ac
                0x20000a00                . = ALIGN (0x4)
                0x20000a00                _bss = .
 *(.bss*)
 .bss           0x20000a00       0x1c c:/maximsdk/tools/gnutools/bin/../lib/gcc/arm-none-eabi/9.2.1/thumb/v7e-m+fp/softfp/crtbegin.o
 .bss.Coeff     0x20000a1c        0x2 c:/Users/user/eclipse-workspace/kws20_demo/build/main.o
 .bss.chunkCount.10142
                0x20000a1e        0x2 c:/Users/user/eclipse-workspace/kws20_demo/build/main.o
 .bss.col.10127
                0x20000a20        0x2 c:/Users/user/eclipse-workspace/kws20_demo/build/main.o
 .bss.i2s_flag  0x20000a22        0x1 c:/Users/user/eclipse-workspace/kws20_demo/build/main.o
                0x20000a22                i2s_flag
 *fill*         0x20000a23        0x1 
 .bss.index.10144
                0x20000a24        0x4 c:/Users/user/eclipse-workspace/kws20_demo/build/main.o
 .bss.ml_data   0x20000a28       0x54 c:/Users/user/eclipse-workspace/kws20_demo/build/main.o
 .bss.ml_softmax
                0x20000a7c       0x2a c:/Users/user/eclipse-workspace/kws20_demo/build/main.o
 .bss.row.10126
                0x20000aa6        0x2 c:/Users/user/eclipse-workspace/kws20_demo/build/main.o
 .bss.sum.10143
                0x20000aa8        0x2 c:/Users/user/eclipse-workspace/kws20_demo/build/main.o
 .bss.total.10128
                0x20000aaa        0x2 c:/Users/user/eclipse-workspace/kws20_demo/build/main.o
 .bss.x1        0x20000aac        0x2 c:/Users/user/eclipse-workspace/kws20_demo/build/main.o
 *fill*         0x20000aae        0x2 
 .bss.y0        0x20000ab0        0x4 c:/Users/user/eclipse-workspace/kws20_demo/build/main.o
 .bss.y1        0x20000ab4        0x4 c:/Users/user/eclipse-workspace/kws20_demo/build/main.o
 .bss.blen_pin  0x20000ab8        0x4 c:/Users/user/eclipse-workspace/kws20_demo/build/tft_fthr.o
 .bss.g_background_color
                0x20000abc        0x4 c:/Users/user/eclipse-workspace/kws20_demo/build/tft_fthr.o
 .bss.g_font    0x20000ac0        0x4 c:/Users/user/eclipse-workspace/kws20_demo/build/tft_fthr.o
 .bss.g_foreground_color
                0x20000ac4        0x4 c:/Users/user/eclipse-workspace/kws20_demo/build/tft_fthr.o
 .bss.reset_pin
                0x20000ac8        0x4 c:/Users/user/eclipse-workspace/kws20_demo/build/tft_fthr.o
 .bss.spi       0x20000acc        0x4 c:/Users/user/eclipse-workspace/kws20_demo/build/tft_fthr.o
 .bss.ssel      0x20000ad0        0x4 c:/Users/user/eclipse-workspace/kws20_demo/build/tft_fthr.o
 .bss.tft_rotation
                0x20000ad4        0x1 c:/Users/user/eclipse-workspace/kws20_demo/build/tft_fthr.o
 *fill*         0x20000ad5        0x3 
 .bss.i2c       0x20000ad8        0x4 c:/Users/user/eclipse-workspace/kws20_demo/build/max20303.o
 .bss.heap_end  0x20000adc        0x4 c:/Users/user/eclipse-workspace/kws20_demo/build/heap.o