Archive member included to satisfy reference by file (symbol)

c:/MaximSDK/Libraries/PeriphDrivers/bin/MAX78000/softfp/libPeriphDriver_softfp.a(mxc_delay.o)
                              c:/Users/user/eclipse-workspace/HelloWorld/build/main.o (MXC_Delay)
c:/MaximSDK/Libraries/PeriphDrivers/bin/MAX78000/softfp/libPeriphDriver_softfp.a(pins_ai85.o)
                              c:/Users/user/eclipse-workspace/HelloWorld/build/camera.o (gpio_cfg_pcif_xclk)
c:/MaximSDK/Libraries/PeriphDrivers/bin/MAX78000/softfp/libPeriphDriver_softfp.a(sys_ai85.o)
                              c:/Users/user/eclipse-workspace/HelloWorld/build/board.o (MXC_SYS_ClockEnable)
c:/MaximSDK/Libraries/PeriphDrivers/bin/MAX78000/softfp/libPeriphDriver_softfp.a(nvic_table.o)
                              c:/Users/user/eclipse-workspace/HelloWorld/build/camera.o (NVIC_SetVector)
c:/MaximSDK/Libraries/PeriphDrivers/bin/MAX78000/softfp/libPeriphDriver_softfp.a(cameraif_ai85.o)
                              c:/Users/user/eclipse-workspace/HelloWorld/build/camera.o (MXC_PCIF_Init)
c:/MaximSDK/Libraries/PeriphDrivers/bin/MAX78000/softfp/libPeriphDriver_softfp.a(cameraif_reva.o)
                              c:/MaximSDK/Libraries/PeriphDrivers/bin/MAX78000/softfp/libPeriphDriver_softfp.a(cameraif_ai85.o) (MXC_PCIF_RevA_SetDatawidth)
c:/MaximSDK/Libraries/PeriphDrivers/bin/MAX78000/softfp/libPeriphDriver_softfp.a(gpio_ai85.o)
                              c:/Users/user/eclipse-workspace/HelloWorld/build/led.o (MXC_GPIO_Config)
c:/MaximSDK/Libraries/PeriphDrivers/bin/MAX78000/softfp/libPeriphDriver_softfp.a(gpio_reva.o)
                              c:/MaximSDK/Libraries/PeriphDrivers/bin/MAX78000/softfp/libPeriphDriver_softfp.a(gpio_ai85.o) (MXC_GPIO_RevA_InGet)
c:/MaximSDK/Libraries/PeriphDrivers/bin/MAX78000/softfp/libPeriphDriver_softfp.a(i2c_me17.o)
                              c:/Users/user/eclipse-workspace/HelloWorld/build/max20303.o (MXC_I2C_Init)
c:/MaximSDK/Libraries/PeriphDrivers/bin/MAX78000/softfp/libPeriphDriver_softfp.a(i2c_reva.o)
                              c:/MaximSDK/Libraries/PeriphDrivers/bin/MAX78000/softfp/libPeriphDriver_softfp.a(i2c_me17.o) (MXC_I2C_RevA_DMACallback)
c:/MaximSDK/Libraries/PeriphDrivers/bin/MAX78000/softfp/libPeriphDriver_softfp.a(pt_me17.o)
                              c:/Users/user/eclipse-workspace/HelloWorld/build/camera.o (MXC_PT_Init)
c:/MaximSDK/Libraries/PeriphDrivers/bin/MAX78000/softfp/libPeriphDriver_softfp.a(pt_reva.o)
                              c:/MaximSDK/Libraries/PeriphDrivers/bin/MAX78000/softfp/libPeriphDriver_softfp.a(pt_me17.o) (MXC_PT_RevA_Init)
c:/MaximSDK/Libraries/PeriphDrivers/bin/MAX78000/softfp/libPeriphDriver_softfp.a(spi_me17.o)
                              c:/Users/user/eclipse-workspace/HelloWorld/build/tft_fthr.o (MXC_SPI_Init)
c:/MaximSDK/Libraries/PeriphDrivers/bin/MAX78000/softfp/libPeriphDriver_softfp.a(spi_reva.o)
                              c:/MaximSDK/Libraries/PeriphDrivers/bin/MAX78000/softfp/libPeriphDriver_softfp.a(spi_me17.o) (MXC_SPI_RevA_Init)
c:/MaximSDK/Libraries/PeriphDrivers/bin/MAX78000/softfp/libPeriphDriver_softfp.a(tmr_ai85.o)
                              c:/Users/user/eclipse-workspace/HelloWorld/build/ov7692.o (MXC_TMR_Delay)
c:/MaximSDK/Libraries/PeriphDrivers/bin/MAX78000/softfp/libPeriphDriver_softfp.a(tmr_revb.o)
                              c:/MaximSDK/Libraries/PeriphDrivers/bin/MAX78000/softfp/libPeriphDriver_softfp.a(tmr_ai85.o) (MXC_TMR_RevB_Init)
c:/MaximSDK/Libraries/PeriphDrivers/bin/MAX78000/softfp/libPeriphDriver_softfp.a(uart_ai85.o)
                              c:/Users/user/eclipse-workspace/HelloWorld/build/board.o (MXC_UART_Shutdown)
c:/MaximSDK/Libraries/PeriphDrivers/bin/MAX78000/softfp/libPeriphDriver_softfp.a(uart_common.o)
                              c:/MaximSDK/Libraries/PeriphDrivers/bin/MAX78000/softfp/libPeriphDriver_softfp.a(uart_ai85.o) (MXC_UART_Common_ReadCharacter)
c:/MaximSDK/Libraries/PeriphDrivers/bin/MAX78000/softfp/libPeriphDriver_softfp.a(uart_revb.o)
                              c:/MaximSDK/Libraries/PeriphDrivers/bin/MAX78000/softfp/libPeriphDriver_softfp.a(uart_ai85.o) (MXC_UART_RevB_Init)
c:/MaximSDK/Libraries/PeriphDrivers/bin/MAX78000/softfp/libPeriphDriver_softfp.a(mxc_lock.o)
                              c:/MaximSDK/Libraries/PeriphDrivers/bin/MAX78000/softfp/libPeriphDriver_softfp.a(spi_reva.o) (MXC_FreeLock)
c:/MaximSDK/Libraries/PeriphDrivers/bin/MAX78000/softfp/libPeriphDriver_softfp.a(dma_me17.o)
                              c:/MaximSDK/Libraries/PeriphDrivers/bin/MAX78000/softfp/libPeriphDriver_softfp.a(i2c_reva.o) (MXC_DMA_Init)
c:/MaximSDK/Libraries/PeriphDrivers/bin/MAX78000/softfp/libPeriphDriver_softfp.a(dma_reva.o)
                              c:/MaximSDK/Libraries/PeriphDrivers/bin/MAX78000/softfp/libPeriphDriver_softfp.a(dma_me17.o) (MXC_DMA_RevA_Init)
c:/MaximSDK/Libraries/PeriphDrivers/bin/MAX78000/softfp/libPeriphDriver_softfp.a(gpio_common.o)
[...]
Memory Configuration

Name             Origin             Length             Attributes
ROM              0x00000000         0x00010000         xr
FLASH            0x10000000         0x00080000         xr
SRAM             0x20000000         0x00020000         xrw
*default*        0x00000000         0xffffffff

Linker script and memory map

LOAD c:/maximsdk/tools/gnutools/bin/../lib/gcc/arm-none-eabi/9.2.1/thumb/v7e-m+fp/softfp/crti.o
LOAD c:/maximsdk/tools/gnutools/bin/../lib/gcc/arm-none-eabi/9.2.1/thumb/v7e-m+fp/softfp/crtbegin.o
LOAD c:/maximsdk/tools/gnutools/bin/../lib/gcc/arm-none-eabi/9.2.1/../../../../arm-none-eabi/lib/thumb/v7e-m+fp/softfp/crt0.o
LOAD c:/Users/user/eclipse-workspace/HelloWorld/build/main.o
LOAD c:/Users/user/eclipse-workspace/HelloWorld/build/utils.o
LOAD c:/Users/user/eclipse-workspace/HelloWorld/build/board.o
LOAD c:/Users/user/eclipse-workspace/HelloWorld/build/stdio.o
LOAD c:/Users/user/eclipse-workspace/HelloWorld/build/led.o
LOAD c:/Users/user/eclipse-workspace/HelloWorld/build/pb.o
LOAD c:/Users/user/eclipse-workspace/HelloWorld/build/tft_fthr.o
LOAD c:/Users/user/eclipse-workspace/HelloWorld/build/camera.o
LOAD c:/Users/user/eclipse-workspace/HelloWorld/build/ov7692.o
LOAD c:/Users/user/eclipse-workspace/HelloWorld/build/sccb.o
LOAD c:/Users/user/eclipse-workspace/HelloWorld/build/max20303.o
LOAD c:/Users/user/eclipse-workspace/HelloWorld/build/startup_max78000.o
LOAD c:/Users/user/eclipse-workspace/HelloWorld/build/heap.o
LOAD c:/Users/user/eclipse-workspace/HelloWorld/build/system_max78000.o
START GROUP
LOAD c:/MaximSDK/Libraries/PeriphDrivers/bin/MAX78000/softfp/libPeriphDriver_softfp.a
LOAD c:/maximsdk/tools/gnutools/bin/../lib/gcc/arm-none-eabi/9.2.1/../../../../arm-none-eabi/lib/thumb/v7e-m+fp/softfp\libc.a
LOAD c:/maximsdk/tools/gnutools/bin/../lib/gcc/arm-none-eabi/9.2.1/../../../../arm-none-eabi/lib/thumb/v7e-m+fp/softfp\libm.a
LOAD c:/maximsdk/tools/gnutools/bin/../lib/gcc/arm-none-eabi/9.2.1/../../../../arm-none-eabi/lib/thumb/v7e-m+fp/softfp\libsupc++.a
LOAD c:/maximsdk/tools/gnutools/bin/../lib/gcc/arm-none-eabi/9.2.1/../../../../arm-none-eabi/lib/thumb/v7e-m+fp/softfp\libstdc++.a
LOAD c:/maximsdk/tools/gnutools/bin/../lib/gcc/arm-none-eabi/9.2.1/../../../../arm-none-eabi/lib/thumb/v7e-m+fp/softfp\libnosys.a
END GROUP
START GROUP
LOAD c:/maximsdk/tools/gnutools/bin/../lib/gcc/arm-none-eabi/9.2.1/thumb/v7e-m+fp/softfp\libgcc.a
LOAD c:/maximsdk/tools/gnutools/bin/../lib/gcc/arm-none-eabi/9.2.1/../../../../arm-none-eabi/lib/thumb/v7e-m+fp/softfp\libc.a
END GROUP
LOAD c:/maximsdk/tools/gnutools/bin/../lib/gcc/arm-none-eabi/9.2.1/thumb/v7e-m+fp/softfp/crtend.o
LOAD c:/maximsdk/tools/gnutools/bin/../lib/gcc/arm-none-eabi/9.2.1/thumb/v7e-m+fp/softfp/crtn.o

.rom
 *(.rom_vector)
 *(.rom_handlers*)

.text           0x10000000     0x765c
                0x10000000                _text = .
 *(.isr_vector)
 .isr_vector    0x10000000      0x1e0 c:/Users/user/eclipse-workspace/HelloWorld/build/startup_max78000.o
                0x10000000                __isr_vector
 *(.text*)
 .text          0x100001e0       0x40 c:/maximsdk/tools/gnutools/bin/../lib/gcc/arm-none-eabi/9.2.1/thumb/v7e-m+fp/softfp/crtbegin.o
 .text.startup.main
                0x10000220       0x44 c:/Users/user/eclipse-workspace/HelloWorld/build/main.o
                0x10000220                main
 .text.testfunc
                0x10000264        0x2 c:/Users/user/eclipse-workspace/HelloWorld/build/utils.o
                0x10000264                testfunc
 *fill*         0x10000266        0x2 
 .text.mxc_assert
                0x10000268       0x10 c:/Users/user/eclipse-workspace/HelloWorld/build/board.o
                0x10000268                mxc_assert
 .text.Console_Init
                0x10000278       0x14 c:/Users/user/eclipse-workspace/HelloWorld/build/board.o
                0x10000278                Console_Init
 .text.Board_Init
                0x1000028c       0x58 c:/Users/user/eclipse-workspace/HelloWorld/build/board.o
                0x1000028c                Board_Init
 .text.NMI_Handler
                0x100002e4        0x4 c:/Users/user/eclipse-workspace/HelloWorld/build/board.o
                0x100002e4                NMI_Handler
 .text._close   0x100002e8        0x6 c:/Users/user/eclipse-workspace/HelloWorld/build/stdio.o
                0x100002e8                _close
 .text._isatty  0x100002ee        0x6 c:/Users/user/eclipse-workspace/HelloWorld/build/stdio.o
                0x100002ee                _isatty
 .text._lseek   0x100002f4        0x6 c:/Users/user/eclipse-workspace/HelloWorld/build/stdio.o
                0x100002f4                _lseek
 .text._fstat   0x100002fa        0x6 c:/Users/user/eclipse-workspace/HelloWorld/build/stdio.o
                0x100002fa                _fstat
 .text._read    0x10000300       0x50 c:/Users/user/eclipse-workspace/HelloWorld/build/stdio.o
                0x10000300                _read
 .text._write   0x10000350       0x48 c:/Users/user/eclipse-workspace/HelloWorld/build/stdio.o
                0x10000350                _write
 .text.LED_On   0x10000398       0x3c c:/Users/user/eclipse-workspace/HelloWorld/build/led.o
                0x10000398                LED_On
 .text.LED_Off  0x100003d4       0x3c c:/Users/user/eclipse-workspace/HelloWorld/build/led.o
                0x100003d4                LED_Off
 .text.LED_Init
                0x10000410       0x40 c:/Users/user/eclipse-workspace/HelloWorld/build/led.o
                0x10000410                LED_Init
 .text.PB_Init  0x10000450       0x38 c:/Users/user/eclipse-workspace/HelloWorld/build/pb.o
                0x10000450                PB_Init
 .text.GPIO0_IRQHandler
                0x10000488        0x6 c:/Users/user/eclipse-workspace/HelloWorld/build/pb.o
                0x10000488                GPIO0_IRQHandler
 .text.GPIO1_IRQHandler
                0x1000048e        0x6 c:/Users/user/eclipse-workspace/HelloWorld/build/pb.o
                0x1000048e                GPIO1_IRQHandler
 .text.GPIO2_IRQHandler
                0x10000494        0x6 c:/Users/user/eclipse-workspace/HelloWorld/build/pb.o
                0x10000494                GPIO2_IRQHandler
 *fill*         0x1000049a        0x2 
 .text          0x1000049c      0x148 c:/Users/user/eclipse-workspace/HelloWorld/build/startup_max78000.o
                0x1000049c                Reset_Handler
                0x100004da                HardFault_Handler
                0x100004dc                MemManage_Handler
                0x100004de                BusFault_Handler
                0x100004e0                UsageFault_Handler
                0x100004e2                SVC_Handler
                0x100004e4                DebugMon_Handler
                0x100004e6                PendSV_Handler
                0x100004e8                SysTick_Handler
                0x100004ea                Default_Handler
                0x100004ec                PF_IRQHandler
                0x100004ee                WDT0_IRQHandler
                0x100004f0                RSV02_IRQHandler
                0x100004f2                RTC_IRQHandler
                0x100004f4                TRNG_IRQHandler
                0x100004f6                TMR0_IRQHandler
                0x100004f8                TMR1_IRQHandler
                0x100004fa                TMR2_IRQHandler
                0x100004fc                TMR3_IRQHandler
                0x100004fe                TMR4_IRQHandler
                0x10000500                TMR5_IRQHandler
                0x10000502                RSV11_IRQHandler
                0x10000504                RSV12_IRQHandler
                0x10000506                I2C0_IRQHandler
                0x10000508                UART0_IRQHandler
                0x1000050a                UART1_IRQHandler
                0x1000050c                SPI1_IRQHandler
                0x1000050e                RSV17_IRQHandler
                0x10000510                RSV18_IRQHandler
                0x10000512                RSV19_IRQHandler
                0x10000514                ADC_IRQHandler
                0x10000516                RSV21_IRQHandler
                0x10000518                RSV22_IRQHandler
                0x1000051a                FLC0_IRQHandler
                0x10000522                RSV27_IRQHandler
                0x10000524                DMA0_IRQHandler
                0x10000526                DMA1_IRQHandler
                0x10000528                DMA2_IRQHandler
                0x1000052a                DMA3_IRQHandler
                0x1000052c                RSV32_IRQHandler
                0x1000052e                RSV33_IRQHandler
                0x10000530                UART2_IRQHandler
                0x10000532                RSV35_IRQHandler
                0x10000534                I2C1_IRQHandler
                0x10000536                RSV37_IRQHandler
                0x10000538                RSV38_IRQHandler
                0x1000053a                RSV39_IRQHandler
                0x1000053c                RSV40_IRQHandler
                0x1000053e                RSV41_IRQHandler
                0x10000540                RSV42_IRQHandler
                0x10000542                RSV43_IRQHandler
                0x10000544                RSV44_IRQHandler
                0x10000546                RSV45_IRQHandler
                0x10000548                RSV46_IRQHandler
                0x1000054a                RSV47_IRQHandler
                0x1000054c                RSV48_IRQHandler
                0x1000054e                RSV49_IRQHandler
                0x10000550                RSV50_IRQHandler
                0x10000552                RSV51_IRQHandler
                0x10000554                RSV52_IRQHandler
                0x10000556                WUT_IRQHandler
                0x10000558                GPIOWAKE_IRQHandler
                0x1000055a                RSV55_IRQHandler
                0x1000055c                SPI0_IRQHandler
                0x1000055e                WDT1_IRQHandler
                0x10000560                RSV58_IRQHandler
                0x10000562                PT_IRQHandler
                0x10000564                RSV60_IRQHandler
                0x10000566                RSV61_IRQHandler
                0x10000568                I2C2_IRQHandler
                0x1000056a                RISCV_IRQHandler
                0x1000056c                RSV64_IRQHandler
                0x1000056e                RSV65_IRQHandler
                0x10000570                RSV66_IRQHandler
                0x10000572                OWM_IRQHandler
                0x10000574                RSV68_IRQHandler
                0x10000576                RSV69_IRQHandler
                0x10000578                RSV70_IRQHandler
                0x1000057a                RSV71_IRQHandler
                0x1000057c                RSV72_IRQHandler
                0x1000057e                RSV73_IRQHandler
                0x10000580                RSV74_IRQHandler
                0x10000582                RSV75_IRQHandler
                0x10000584                RSV76_IRQHandler
                0x10000586                RSV77_IRQHandler
                0x10000588                RSV78_IRQHandler
                0x1000058a                RSV79_IRQHandler
                0x1000058c                RSV80_IRQHandler
                0x1000058e                RSV81_IRQHandler
                0x10000590                ECC_IRQHandler
                0x10000592                DVS_IRQHandler
                0x10000594                SIMO_IRQHandler
                0x10000596                RSV85_IRQHandler
                0x10000598                RSV86_IRQHandler
                0x1000059a                RSV87_IRQHandler
                0x1000059c                UART3_IRQHandler
                0x1000059e                RSV89_IRQHandler
                0x100005a0                RSV90_IRQHandler
                0x100005a2                PCIF_IRQHandler
                0x100005a4                RSV92_IRQHandler
                0x100005a6                RSV93_IRQHandler
                0x100005a8                RSV94_IRQHandler
                0x100005aa                RSV95_IRQHandler
                0x100005ac                RSV96_IRQHandler
                0x100005ae                AES_IRQHandler
                0x100005b0                RSV98_IRQHandler
                0x100005b2                I2S_IRQHandler
                0x100005b4                CNN_FIFO_IRQHandler
                0x100005b6                CNN_IRQHandler
                0x100005b8                RSV102_IRQHandler
                0x100005ba                LPCMP_IRQHandler
 .text._sbrk    0x100005e4       0x38 c:/Users/user/eclipse-workspace/HelloWorld/build/heap.o
                0x100005e4                _sbrk
 .text.SystemCoreClockUpdate
                0x1000061c       0x68 c:/Users/user/eclipse-workspace/HelloWorld/build/system_max78000.o
                0x1000061c                SystemCoreClockUpdate
 .text.PreInit  0x10000684        0x4 c:/Users/user/eclipse-workspace/HelloWorld/build/system_max78000.o
                0x10000684                PreInit
 .text.SystemInit
                0x10000688       0x30 c:/Users/user/eclipse-workspace/HelloWorld/build/system_max78000.o
                0x10000688                SystemInit
 .text.MXC_DelayInit
                0x100006b8       0x80 c:/MaximSDK/Libraries/PeriphDrivers/bin/MAX78000/softfp/libPeriphDriver_softfp.a(mxc_delay.o)
 .text.MXC_DelayAsync
                0x10000738       0x3c c:/MaximSDK/Libraries/PeriphDrivers/bin/MAX78000/softfp/libPeriphDriver_softfp.a(mxc_delay.o)
                0x10000738                MXC_DelayAsync
 .text.MXC_DelayAbort
                0x10000774       0x34 c:/MaximSDK/Libraries/PeriphDrivers/bin/MAX78000/softfp/libPeriphDriver_softfp.a(mxc_delay.o)
                0x10000774                MXC_DelayAbort
 .text.MXC_DelayCheck
                0x100007a8       0x58 c:/MaximSDK/Libraries/PeriphDrivers/bin/MAX78000/softfp/libPeriphDriver_softfp.a(mxc_delay.o)
                0x100007a8                MXC_DelayCheck
 .text.MXC_Delay
                0x10000800       0x4c c:/MaximSDK/Libraries/PeriphDrivers/bin/MAX78000/softfp/libPeriphDriver_softfp.a(mxc_delay.o)
                0x10000800                MXC_Delay
 .text.MXC_SYS_ClockDisable
                0x1000084c       0x44 c:/MaximSDK/Libraries/PeriphDrivers/bin/MAX78000/softfp/libPeriphDriver_softfp.a(sys_ai85.o)
                0x1000084c                MXC_SYS_ClockDisable
 .text.MXC_SYS_ClockEnable
                0x10000890       0x4c c:/MaximSDK/Libraries/PeriphDrivers/bin/MAX78000/softfp/libPeriphDriver_softfp.a(sys_ai85.o)
                0x10000890                MXC_SYS_ClockEnable
 .text.MXC_SYS_Clock_Timeout
                0x100008dc       0x2e c:/MaximSDK/Libraries/PeriphDrivers/bin/MAX78000/softfp/libPeriphDriver_softfp.a(sys_ai85.o)
                0x100008dc                MXC_SYS_Clock_Timeout
 .text.MXC_SYS_ClockSourceEnable
                0x1000090a       0x6c c:/MaximSDK/Libraries/PeriphDrivers/bin/MAX78000/softfp/libPeriphDriver_softfp.a(sys_ai85.o)
                0x1000090a                MXC_SYS_ClockSourceEnable
 *fill*         0x10000976        0x2 
 .text.MXC_SYS_Reset_Periph
                0x10000978       0x3c c:/MaximSDK/Libraries/PeriphDrivers/bin/MAX78000/softfp/libPeriphDriver_softfp.a(sys_ai85.o)
                0x10000978                MXC_SYS_Reset_Periph
 .text.MXC_GPIO_Init
                0x100009b4       0x28 c:/MaximSDK/Libraries/PeriphDrivers/bin/MAX78000/softfp/libPeriphDriver_softfp.a(gpio_ai85.o)
                0x100009b4                MXC_GPIO_Init
 .text.MXC_GPIO_Config
                0x100009dc      0x174 c:/MaximSDK/Libraries/PeriphDrivers/bin/MAX78000/softfp/libPeriphDriver_softfp.a(gpio_ai85.o)
                0x100009dc                MXC_GPIO_Config
 .text.MXC_GPIO_OutSet
                0x10000b50       0x34 c:/MaximSDK/Libraries/PeriphDrivers/bin/MAX78000/softfp/libPeriphDriver_softfp.a(gpio_ai85.o)
                0x10000b50                MXC_GPIO_OutSet
 .text.MXC_GPIO_OutClr
                0x10000b84       0x34 c:/MaximSDK/Libraries/PeriphDrivers/bin/MAX78000/softfp/libPeriphDriver_softfp.a(gpio_ai85.o)
                0x10000b84                MXC_GPIO_OutClr
 .text.MXC_GPIO_Handler
                0x10000bb8        0x4 c:/MaximSDK/Libraries/PeriphDrivers/bin/MAX78000/softfp/libPeriphDriver_softfp.a(gpio_ai85.o)
                0x10000bb8                MXC_GPIO_Handler
 .text.MXC_GPIO_ClearFlags
                0x10000bbc        0x4 c:/MaximSDK/Libraries/PeriphDrivers/bin/MAX78000/softfp/libPeriphDriver_softfp.a(gpio_ai85.o)
                0x10000bbc                MXC_GPIO_ClearFlags
 .text.MXC_GPIO_GetFlags
                0x10000bc0        0x4 c:/MaximSDK/Libraries/PeriphDrivers/bin/MAX78000/softfp/libPeriphDriver_softfp.a(gpio_ai85.o)
                0x10000bc0                MXC_GPIO_GetFlags
 .text.MXC_GPIO_RevA_OutSet
                0x10000bc4        0x4 c:/MaximSDK/Libraries/PeriphDrivers/bin/MAX78000/softfp/libPeriphDriver_softfp.a(gpio_reva.o)
                0x10000bc4                MXC_GPIO_RevA_OutSet
 .text.MXC_GPIO_RevA_OutClr
                0x10000bc8        0x4 c:/MaximSDK/Libraries/PeriphDrivers/bin/MAX78000/softfp/libPeriphDriver_softfp.a(gpio_reva.o)
                0x10000bc8                MXC_GPIO_RevA_OutClr
 .text.MXC_GPIO_RevA_ClearFlags
                0x10000bcc        0x4 c:/MaximSDK/Libraries/PeriphDrivers/bin/MAX78000/softfp/libPeriphDriver_softfp.a(gpio_reva.o)
                0x10000bcc                MXC_GPIO_RevA_ClearFlags
 .text.MXC_GPIO_RevA_GetFlags
                0x10000bd0        0x4 c:/MaximSDK/Libraries/PeriphDrivers/bin/MAX78000/softfp/libPeriphDriver_softfp.a(gpio_reva.o)
                0x10000bd0                MXC_GPIO_RevA_GetFlags
 .text.MXC_GPIO_RevA_SetVSSEL
                0x10000bd4       0x24 c:/MaximSDK/Libraries/PeriphDrivers/bin/MAX78000/softfp/libPeriphDriver_softfp.a(gpio_reva.o)
                0x10000bd4                MXC_GPIO_RevA_SetVSSEL
 .text.MXC_GPIO_RevA_SetAF
                0x10000bf8       0x3c c:/MaximSDK/Libraries/PeriphDrivers/bin/MAX78000/softfp/libPeriphDriver_softfp.a(gpio_reva.o)
                0x10000bf8                MXC_GPIO_RevA_SetAF
 .text.MXC_UART_Shutdown
                0x10000c34       0x60 c:/MaximSDK/Libraries/PeriphDrivers/bin/MAX78000/softfp/libPeriphDriver_softfp.a(uart_ai85.o)
                0x10000c34                MXC_UART_Shutdown
 .text.MXC_UART_Init
                0x10000c94       0x98 c:/MaximSDK/Libraries/PeriphDrivers/bin/MAX78000/softfp/libPeriphDriver_softfp.a(uart_ai85.o)
                0x10000c94                MXC_UART_Init
 .text.MXC_UART_GetFrequency
                0x10000d2c       0x78 c:/MaximSDK/Libraries/PeriphDrivers/bin/MAX78000/softfp/libPeriphDriver_softfp.a(uart_ai85.o)
                0x10000d2c                MXC_UART_GetFrequency
 .text.MXC_UART_SetFrequency
                0x10000da4       0xb0 c:/MaximSDK/Libraries/PeriphDrivers/bin/MAX78000/softfp/libPeriphDriver_softfp.a(uart_ai85.o)
                0x10000da4                MXC_UART_SetFrequency
 .text.MXC_UART_SetDataSize
                0x10000e54        0x4 c:/MaximSDK/Libraries/PeriphDrivers/bin/MAX78000/softfp/libPeriphDriver_softfp.a(uart_ai85.o)
                0x10000e54                MXC_UART_SetDataSize
 .text.MXC_UART_SetStopBits
                0x10000e58        0x4 c:/MaximSDK/Libraries/PeriphDrivers/bin/MAX78000/softfp/libPeriphDriver_softfp.a(uart_ai85.o)
                0x10000e58                MXC_UART_SetStopBits
 .text.MXC_UART_SetParity
                0x10000e5c        0x4 c:/MaximSDK/Libraries/PeriphDrivers/bin/MAX78000/softfp/libPeriphDriver_softfp.a(uart_ai85.o)
                0x10000e5c                MXC_UART_SetParity
 .text.MXC_UART_ReadCharacterRaw
                0x10000e60        0x4 c:/MaximSDK/Libraries/PeriphDrivers/bin/MAX78000/softfp/libPeriphDriver_softfp.a(uart_ai85.o)
                0x10000e60                MXC_UART_ReadCharacterRaw
 .text.MXC_UART_WriteCharacterRaw
                0x10000e64        0x4 c:/MaximSDK/Libraries/PeriphDrivers/bin/MAX78000/softfp/libPeriphDriver_softfp.a(uart_ai85.o)
                0x10000e64                MXC_UART_WriteCharacterRaw
 .text.MXC_UART_ReadCharacter
                0x10000e68        0x4 c:/MaximSDK/Libraries/PeriphDrivers/bin/MAX78000/softfp/libPeriphDriver_softfp.a(uart_ai85.o)
                0x10000e68                MXC_UART_ReadCharacter
 .text.MXC_UART_WriteCharacter
                0x10000e6c        0x4 c:/MaximSDK/Libraries/PeriphDrivers/bin/MAX78000/softfp/libPeriphDriver_softfp.a(uart_ai85.o)
                0x10000e6c                MXC_UART_WriteCharacter
 .text.MXC_UART_GetRXFIFOAvailable
                0x10000e70        0x4 c:/MaximSDK/Libraries/PeriphDrivers/bin/MAX78000/softfp/libPeriphDriver_softfp.a(uart_ai85.o)
                0x10000e70                MXC_UART_GetRXFIFOAvailable
 .text.MXC_UART_GetTXFIFOAvailable
                0x10000e74        0x4 c:/MaximSDK/Libraries/PeriphDrivers/bin/MAX78000/softfp/libPeriphDriver_softfp.a(uart_ai85.o)
                0x10000e74                MXC_UART_GetTXFIFOAvailable
 .text.MXC_UART_SetRXThreshold
                0x10000e78        0x4 c:/MaximSDK/Libraries/PeriphDrivers/bin/MAX78000/softfp/libPeriphDriver_softfp.a(uart_ai85.o)
                0x10000e78                MXC_UART_SetRXThreshold
 .text.MXC_UART_Common_ReadCharacter
                0x10000e7c       0x18 c:/MaximSDK/Libraries/PeriphDrivers/bin/MAX78000/softfp/libPeriphDriver_softfp.a(uart_common.o)
                0x10000e7c                MXC_UART_Common_ReadCharacter
 .text.MXC_UART_Common_WriteCharacter
                0x10000e94       0x1c c:/MaximSDK/Libraries/PeriphDrivers/bin/MAX78000/softfp/libPeriphDriver_softfp.a(uart_common.o)
                0x10000e94                MXC_UART_Common_WriteCharacter
 .text.MXC_UART_RevB_Init
                0x10000eb0       0x68 c:/MaximSDK/Libraries/PeriphDrivers/bin/MAX78000/softfp/libPeriphDriver_softfp.a(uart_revb.o)
                0x10000eb0                MXC_UART_RevB_Init
 .text.MXC_UART_RevB_SetFrequency
                0x10000f18       0x7c c:/MaximSDK/Libraries/PeriphDrivers/bin/MAX78000/softfp/libPeriphDriver_softfp.a(uart_revb.o)
                0x10000f18                MXC_UART_RevB_SetFrequency
 .text.MXC_UART_RevB_GetFrequency
                0x10000f94       0x7c c:/MaximSDK/Libraries/PeriphDrivers/bin/MAX78000/softfp/libPeriphDriver_softfp.a(uart_revb.o)
                0x10000f94                MXC_UART_RevB_GetFrequency
 .text.MXC_UART_RevB_SetDataSize
                0x10001010       0x40 c:/MaximSDK/Libraries/PeriphDrivers/bin/MAX78000/softfp/libPeriphDriver_softfp.a(uart_revb.o)
                0x10001010                MXC_UART_RevB_SetDataSize
 .text.MXC_UART_RevB_SetStopBits
                0x10001050       0x44 c:/MaximSDK/Libraries/PeriphDrivers/bin/MAX78000/softfp/libPeriphDriver_softfp.a(uart_revb.o)
                0x10001050                MXC_UART_RevB_SetStopBits
 .text.MXC_UART_RevB_SetParity
                0x10001094       0x94 c:/MaximSDK/Libraries/PeriphDrivers/bin/MAX78000/softfp/libPeriphDriver_softfp.a(uart_revb.o)
                0x10001094                MXC_UART_RevB_SetParity
 .text.MXC_UART_RevB_ReadCharacterRaw
                0x10001128       0x38 c:/MaximSDK/Libraries/PeriphDrivers/bin/MAX78000/softfp/libPeriphDriver_softfp.a(uart_revb.o)
                0x10001128                MXC_UART_RevB_ReadCharacterRaw
 .text.MXC_UART_RevB_WriteCharacterRaw
                0x10001160       0x3c c:/MaximSDK/Libraries/PeriphDrivers/bin/MAX78000/softfp/libPeriphDriver_softfp.a(uart_revb.o)
                0x10001160                MXC_UART_RevB_WriteCharacterRaw
 .text.MXC_UART_RevB_GetRXFIFOAvailable
                0x1000119c        0x8 c:/MaximSDK/Libraries/PeriphDrivers/bin/MAX78000/softfp/libPeriphDriver_softfp.a(uart_revb.o)
                0x1000119c                MXC_UART_RevB_GetRXFIFOAvailable
 .text.MXC_UART_RevB_GetTXFIFOAvailable
                0x100011a4        0xc c:/MaximSDK/Libraries/PeriphDrivers/bin/MAX78000/softfp/libPeriphDriver_softfp.a(uart_revb.o)
                0x100011a4                MXC_UART_RevB_GetTXFIFOAvailable
 .text.MXC_UART_RevB_SetRXThreshold
                0x100011b0       0x3c c:/MaximSDK/Libraries/PeriphDrivers/bin/MAX78000/softfp/libPeriphDriver_softfp.a(uart_revb.o)
                0x100011b0                MXC_UART_RevB_SetRXThreshold
 .text.MXC_GPIO_Common_Init
                0x100011ec       0x30 c:/MaximSDK/Libraries/PeriphDrivers/bin/MAX78000/softfp/libPeriphDriver_softfp.a(gpio_common.o)
                0x100011ec                MXC_GPIO_Common_Init
 .text.MXC_GPIO_Common_Handler
                0x1000121c       0x7c c:/MaximSDK/Libraries/PeriphDrivers/bin/MAX78000/softfp/libPeriphDriver_softfp.a(gpio_common.o)
                0x1000121c                MXC_GPIO_Common_Handler
 .text.__errno  0x10001298        0xc c:/maximsdk/tools/gnutools/bin/../lib/gcc/arm-none-eabi/9.2.1/../../../../arm-none-eabi/lib/thumb/v7e-m+fp/softfp\libc.a(lib_a-errno.o)
                0x10001298                __errno
 .text.__libc_init_array
                0x100012a4       0x48 c:/maximsdk/tools/gnutools/bin/../lib/gcc/arm-none-eabi/9.2.1/../../../../arm-none-eabi/lib/thumb/v7e-m+fp/softfp\libc.a(lib_a-init.o)
                0x100012a4                __libc_init_array
 .text._malloc_r
                0x100012ec      0x574 c:/maximsdk/tools/gnutools/bin/../lib/gcc/arm-none-eabi/9.2.1/../../../../arm-none-eabi/lib/thumb/v7e-m+fp/softfp\libc.a(lib_a-mallocr.o)
                0x100012ec                _malloc_r
 .text          0x10001860      0x134 c:/maximsdk/tools/gnutools/bin/../lib/gcc/arm-none-eabi/9.2.1/../../../../arm-none-eabi/lib/thumb/v7e-m+fp/softfp\libc.a(lib_a-memcpy.o)
                0x10001860                memcpy
 .text.memset   0x10001994       0xa0 c:/maximsdk/tools/gnutools/bin/../lib/gcc/arm-none-eabi/9.2.1/../../../../arm-none-eabi/lib/thumb/v7e-m+fp/softfp\libc.a(lib_a-memset.o)
                0x10001994                memset
 .text.__malloc_lock
                0x10001a34        0xc c:/maximsdk/tools/gnutools/bin/../lib/gcc/arm-none-eabi/9.2.1/../../../../arm-none-eabi/lib/thumb/v7e-m+fp/softfp\libc.a(lib_a-mlock.o)
                0x10001a34                __malloc_lock
 .text.__malloc_unlock
                0x10001a40        0xc c:/maximsdk/tools/gnutools/bin/../lib/gcc/arm-none-eabi/9.2.1/../../../../arm-none-eabi/lib/thumb/v7e-m+fp/softfp\libc.a(lib_a-mlock.o)
                0x10001a40                __malloc_unlock
 .text.printf   0x10001a4c       0x28 c:/maximsdk/tools/gnutools/bin/../lib/gcc/arm-none-eabi/9.2.1/../../../../arm-none-eabi/lib/thumb/v7e-m+fp/softfp\libc.a(lib_a-printf.o)
                0x10001a4c                printf
 .text._puts_r  0x10001a74       0x9c c:/maximsdk/tools/gnutools/bin/../lib/gcc/arm-none-eabi/9.2.1/../../../../arm-none-eabi/lib/thumb/v7e-m+fp/softfp\libc.a(lib_a-puts.o)
                0x10001a74                _puts_r
 .text.puts     0x10001b10       0x10 c:/maximsdk/tools/gnutools/bin/../lib/gcc/arm-none-eabi/9.2.1/../../../../arm-none-eabi/lib/thumb/v7e-m+fp/softfp\libc.a(lib_a-puts.o)
                0x10001b10                puts
 .text._sbrk_r  0x10001b20       0x24 c:/maximsdk/tools/gnutools/bin/../lib/gcc/arm-none-eabi/9.2.1/../../../../arm-none-eabi/lib/thumb/v7e-m+fp/softfp\libc.a(lib_a-sbrkr.o)
                0x10001b20                _sbrk_r
 *fill*         0x10001b44       0x3c 
 .text          0x10001b80       0xdc c:/maximsdk/tools/gnutools/bin/../lib/gcc/arm-none-eabi/9.2.1/../../../../arm-none-eabi/lib/thumb/v7e-m+fp/softfp\libc.a(lib_a-strlen.o)
                0x10001b80                strlen
 *fill*         0x10001c5c        0x4 
 .text._vfprintf_r
                0x10001c60     0x1bdc c:/maximsdk/tools/gnutools/bin/../lib/gcc/arm-none-eabi/9.2.1/../../../../arm-none-eabi/lib/thumb/v7e-m+fp/softfp\libc.a(lib_a-vfprintf.o)
                0x10001c60                _vfprintf_r
 .text.__sbprintf
                0x1000383c       0x84 c:/maximsdk/tools/gnutools/bin/../lib/gcc/arm-none-eabi/9.2.1/../../../../arm-none-eabi/lib/thumb/v7e-m+fp/softfp\libc.a(lib_a-vfprintf.o)
 .text.__swsetup_r
                0x100038c0       0xd0 c:/maximsdk/tools/gnutools/bin/../lib/gcc/arm-none-eabi/9.2.1/../../../../arm-none-eabi/lib/thumb/v7e-m+fp/softfp\libc.a(lib_a-wsetup.o)
                0x100038c0                __swsetup_r
 .text.startup.register_fini
                0x10003990       0x14 c:/maximsdk/tools/gnutools/bin/../lib/gcc/arm-none-eabi/9.2.1/../../../../arm-none-eabi/lib/thumb/v7e-m+fp/softfp\libc.a(lib_a-__call_atexit.o)
 .text.atexit   0x100039a4        0xc c:/maximsdk/tools/gnutools/bin/../lib/gcc/arm-none-eabi/9.2.1/../../../../arm-none-eabi/lib/thumb/v7e-m+fp/softfp\libc.a(lib_a-atexit.o)
                0x100039a4                atexit
 .text.quorem   0x100039b0      0x11c c:/maximsdk/tools/gnutools/bin/../lib/gcc/arm-none-eabi/9.2.1/../../../../arm-none-eabi/lib/thumb/v7e-m+fp/softfp\libc.a(lib_a-dtoa.o)
 *fill*         0x10003acc        0x4 
 .text._dtoa_r  0x10003ad0      0xeec c:/maximsdk/tools/gnutools/bin/../lib/gcc/arm-none-eabi/9.2.1/../../../../arm-none-eabi/lib/thumb/v7e-m+fp/softfp\libc.a(lib_a-dtoa.o)
                0x10003ad0                _dtoa_r
 .text.__sflush_r
                0x100049bc      0x130 c:/maximsdk/tools/gnutools/bin/../lib/gcc/arm-none-eabi/9.2.1/../../../../arm-none-eabi/lib/thumb/v7e-m+fp/softfp\libc.a(lib_a-fflush.o)
                0x100049bc                __sflush_r
 .text._fflush_r
                0x10004aec       0x5c c:/maximsdk/tools/gnutools/bin/../lib/gcc/arm-none-eabi/9.2.1/../../../../arm-none-eabi/lib/thumb/v7e-m+fp/softfp\libc.a(lib_a-fflush.o)
                0x10004aec                _fflush_r
 .text.std      0x10004b48       0x50 c:/maximsdk/tools/gnutools/bin/../lib/gcc/arm-none-eabi/9.2.1/../../../../arm-none-eabi/lib/thumb/v7e-m+fp/softfp\libc.a(lib_a-findfp.o)
 .text._cleanup_r
                0x10004b98        0xc c:/maximsdk/tools/gnutools/bin/../lib/gcc/arm-none-eabi/9.2.1/../../../../arm-none-eabi/lib/thumb/v7e-m+fp/softfp\libc.a(lib_a-findfp.o)
                0x10004b98                _cleanup_r
 .text.__sinit  0x10004ba4       0x54 c:/maximsdk/tools/gnutools/bin/../lib/gcc/arm-none-eabi/9.2.1/../../../../arm-none-eabi/lib/thumb/v7e-m+fp/softfp\libc.a(lib_a-findfp.o)
                0x10004ba4                __sinit
 .text.__sfp_lock_acquire
                0x10004bf8        0xc c:/maximsdk/tools/gnutools/bin/../lib/gcc/arm-none-eabi/9.2.1/../../../../arm-none-eabi/lib/thumb/v7e-m+fp/softfp\libc.a(lib_a-findfp.o)
                0x10004bf8                __sfp_lock_acquire
 .text.__sfp_lock_release
                0x10004c04        0xc c:/maximsdk/tools/gnutools/bin/../lib/gcc/arm-none-eabi/9.2.1/../../../../arm-none-eabi/lib/thumb/v7e-m+fp/softfp\libc.a(lib_a-findfp.o)
                0x10004c04                __sfp_lock_release
 .text.__libc_fini_array
                0x10004c10       0x2c c:/maximsdk/tools/gnutools/bin/../lib/gcc/arm-none-eabi/9.2.1/../../../../arm-none-eabi/lib/thumb/v7e-m+fp/softfp\libc.a(lib_a-fini.o)
                0x10004c10                __libc_fini_array
 .text._malloc_trim_r
                0x10004c3c       0xa0 c:/maximsdk/tools/gnutools/bin/../lib/gcc/arm-none-eabi/9.2.1/../../../../arm-none-eabi/lib/thumb/v7e-m+fp/softfp\libc.a(lib_a-freer.o)
                0x10004c3c                _malloc_trim_r
 .text._free_r  0x10004cdc      0x208 c:/maximsdk/tools/gnutools/bin/../lib/gcc/arm-none-eabi/9.2.1/../../../../arm-none-eabi/lib/thumb/v7e-m+fp/softfp\libc.a(lib_a-freer.o)
                0x10004cdc                _free_r
 .text.__sfvwrite_r
                0x10004ee4      0x2e0 c:/maximsdk/tools/gnutools/bin/../lib/gcc/arm-none-eabi/9.2.1/../../../../arm-none-eabi/lib/thumb/v7e-m+fp/softfp\libc.a(lib_a-fvwrite.o)
                0x10004ee4                __sfvwrite_r
 .text._fwalk_reent
                0x100051c4       0x48 c:/maximsdk/tools/gnutools/bin/../lib/gcc/arm-none-eabi/9.2.1/../../../../arm-none-eabi/lib/thumb/v7e-m+fp/softfp\libc.a(lib_a-fwalk.o)
                0x100051c4                _fwalk_reent
 .text._localeconv_r
                0x1000520c        0x8 c:/maximsdk/tools/gnutools/bin/../lib/gcc/arm-none-eabi/9.2.1/../../../../arm-none-eabi/lib/thumb/v7e-m+fp/softfp\libc.a(lib_a-localeconv.o)
                0x1000520c                _localeconv_r
 .text.__retarget_lock_init_recursive
                0x10005214        0x4 c:/maximsdk/tools/gnutools/bin/../lib/gcc/arm-none-eabi/9.2.1/../../../../arm-none-eabi/lib/thumb/v7e-m+fp/softfp\libc.a(lib_a-lock.o)
                0x10005214                __retarget_lock_init_recursive
 .text.__retarget_lock_close_recursive
                0x10005218        0x4 c:/maximsdk/tools/gnutools/bin/../lib/gcc/arm-none-eabi/9.2.1/../../../../arm-none-eabi/lib/thumb/v7e-m+fp/softfp\libc.a(lib_a-lock.o)
                0x10005218                __retarget_lock_close_recursive
 .text.__retarget_lock_acquire_recursive
                0x1000521c        0x4 c:/maximsdk/tools/gnutools/bin/../lib/gcc/arm-none-eabi/9.2.1/../../../../arm-none-eabi/lib/thumb/v7e-m+fp/softfp\libc.a(lib_a-lock.o)
                0x1000521c                __retarget_lock_acquire_recursive
 .text.__retarget_lock_release_recursive
                0x10005220        0x4 c:/maximsdk/tools/gnutools/bin/../lib/gcc/arm-none-eabi/9.2.1/../../../../arm-none-eabi/lib/thumb/v7e-m+fp/softfp\libc.a(lib_a-lock.o)
                0x10005220                __retarget_lock_release_recursive
 .text.__swhatbuf_r
                0x10005224       0x5c c:/maximsdk/tools/gnutools/bin/../lib/gcc/arm-none-eabi/9.2.1/../../../../arm-none-eabi/lib/thumb/v7e-m+fp/softfp\libc.a(lib_a-makebuf.o)
                0x10005224                __swhatbuf_r
 .text.__smakebuf_r
                0x10005280       0x98 c:/maximsdk/tools/gnutools/bin/../lib/gcc/arm-none-eabi/9.2.1/../../../../arm-none-eabi/lib/thumb/v7e-m+fp/softfp\libc.a(lib_a-makebuf.o)
                0x10005280                __smakebuf_r
 *fill*         0x10005318        0x8 
 .text          0x10005320       0xa0 c:/maximsdk/tools/gnutools/bin/../lib/gcc/arm-none-eabi/9.2.1/../../../../arm-none-eabi/lib/thumb/v7e-m+fp/softfp\libc.a(lib_a-memchr.o)
                0x10005320                memchr
 .text.memmove  0x100053c0       0xd8 c:/maximsdk/tools/gnutools/bin/../lib/gcc/arm-none-eabi/9.2.1/../../../../arm-none-eabi/lib/thumb/v7e-m+fp/softfp\libc.a(lib_a-memmove.o)
                0x100053c0                memmove
 .text._Balloc  0x10005498       0x4c c:/maximsdk/tools/gnutools/bin/../lib/gcc/arm-none-eabi/9.2.1/../../../../arm-none-eabi/lib/thumb/v7e-m+fp/softfp\libc.a(lib_a-mprec.o)
                0x10005498                _Balloc
 .text._Bfree   0x100054e4       0x14 c:/maximsdk/tools/gnutools/bin/../lib/gcc/arm-none-eabi/9.2.1/../../../../arm-none-eabi/lib/thumb/v7e-m+fp/softfp\libc.a(lib_a-mprec.o)
                0x100054e4                _Bfree
 .text.__multadd
                0x100054f8       0x8c c:/maximsdk/tools/gnutools/bin/../lib/gcc/arm-none-eabi/9.2.1/../../../../arm-none-eabi/lib/thumb/v7e-m+fp/softfp\libc.a(lib_a-mprec.o)
                0x100054f8                __multadd
 .text.__hi0bits
                0x10005584       0x40 c:/maximsdk/tools/gnutools/bin/../lib/gcc/arm-none-eabi/9.2.1/../../../../arm-none-eabi/lib/thumb/v7e-m+fp/softfp\libc.a(lib_a-mprec.o)
                0x10005584                __hi0bits
 .text.__lo0bits
                0x100055c4       0x60 c:/maximsdk/tools/gnutools/bin/../lib/gcc/arm-none-eabi/9.2.1/../../../../arm-none-eabi/lib/thumb/v7e-m+fp/softfp\libc.a(lib_a-mprec.o)
                0x100055c4                __lo0bits
 .text.__i2b    0x10005624       0x14 c:/maximsdk/tools/gnutools/bin/../lib/gcc/arm-none-eabi/9.2.1/../../../../arm-none-eabi/lib/thumb/v7e-m+fp/softfp\libc.a(lib_a-mprec.o)
                0x10005624                __i2b
 .text.__multiply
                0x10005638      0x144 c:/maximsdk/tools/gnutools/bin/../lib/gcc/arm-none-eabi/9.2.1/../../../../arm-none-eabi/lib/thumb/v7e-m+fp/softfp\libc.a(lib_a-mprec.o)
                0x10005638                __multiply
 .text.__pow5mult
                0x1000577c       0xa0 c:/maximsdk/tools/gnutools/bin/../lib/gcc/arm-none-eabi/9.2.1/../../../../arm-none-eabi/lib/thumb/v7e-m+fp/softfp\libc.a(lib_a-mprec.o)
                0x1000577c                __pow5mult
 .text.__lshift
                0x1000581c       0xd4 c:/maximsdk/tools/gnutools/bin/../lib/gcc/arm-none-eabi/9.2.1/../../../../arm-none-eabi/lib/thumb/v7e-m+fp/softfp\libc.a(lib_a-mprec.o)
                0x1000581c                __lshift
 .text.__mcmp   0x100058f0       0x3c c:/maximsdk/tools/gnutools/bin/../lib/gcc/arm-none-eabi/9.2.1/../../../../arm-none-eabi/lib/thumb/v7e-m+fp/softfp\libc.a(lib_a-mprec.o)
                0x100058f0                __mcmp
 .text.__mdiff  0x1000592c      0x138 c:/maximsdk/tools/gnutools/bin/../lib/gcc/arm-none-eabi/9.2.1/../../../../arm-none-eabi/lib/thumb/v7e-m+fp/softfp\libc.a(lib_a-mprec.o)
                0x1000592c                __mdiff
 .text.__d2b    0x10005a64       0xbc c:/maximsdk/tools/gnutools/bin/../lib/gcc/arm-none-eabi/9.2.1/../../../../arm-none-eabi/lib/thumb/v7e-m+fp/softfp\libc.a(lib_a-mprec.o)
                0x10005a64                __d2b
 .text._realloc_r
                0x10005b20      0x3e0 c:/maximsdk/tools/gnutools/bin/../lib/gcc/arm-none-eabi/9.2.1/../../../../arm-none-eabi/lib/thumb/v7e-m+fp/softfp\libc.a(lib_a-reallocr.o)
                0x10005b20                _realloc_r
 .text.frexp    0x10005f00       0x70 c:/maximsdk/tools/gnutools/bin/../lib/gcc/arm-none-eabi/9.2.1/../../../../arm-none-eabi/lib/thumb/v7e-m+fp/softfp\libc.a(lib_a-s_frexp.o)
                0x10005f00                frexp
 .text.__sread  0x10005f70       0x24 c:/maximsdk/tools/gnutools/bin/../lib/gcc/arm-none-eabi/9.2.1/../../../../arm-none-eabi/lib/thumb/v7e-m+fp/softfp\libc.a(lib_a-stdio.o)
                0x10005f70                __sread
 .text.__swrite
                0x10005f94       0x40 c:/maximsdk/tools/gnutools/bin/../lib/gcc/arm-none-eabi/9.2.1/../../../../arm-none-eabi/lib/thumb/v7e-m+fp/softfp\libc.a(lib_a-stdio.o)
                0x10005f94                __swrite
 .text.__sseek  0x10005fd4       0x20 c:/maximsdk/tools/gnutools/bin/../lib/gcc/arm-none-eabi/9.2.1/../../../../arm-none-eabi/lib/thumb/v7e-m+fp/softfp\libc.a(lib_a-stdio.o)
                0x10005fd4                __sseek
 .text.__sclose
                0x10005ff4        0x8 c:/maximsdk/tools/gnutools/bin/../lib/gcc/arm-none-eabi/9.2.1/../../../../arm-none-eabi/lib/thumb/v7e-m+fp/softfp\libc.a(lib_a-stdio.o)
                0x10005ff4                __sclose
 .text.strncpy  0x10005ffc       0x68 c:/maximsdk/tools/gnutools/bin/../lib/gcc/arm-none-eabi/9.2.1/../../../../arm-none-eabi/lib/thumb/v7e-m+fp/softfp\libc.a(lib_a-strncpy.o)
                0x10005ffc                strncpy
 .text.__sprint_r.part.0
                0x10006064       0x78 c:/maximsdk/tools/gnutools/bin/../lib/gcc/arm-none-eabi/9.2.1/../../../../arm-none-eabi/lib/thumb/v7e-m+fp/softfp\libc.a(lib_a-vfiprintf.o)
 .text.__sprint_r
                0x100060dc       0x18 c:/maximsdk/tools/gnutools/bin/../lib/gcc/arm-none-eabi/9.2.1/../../../../arm-none-eabi/lib/thumb/v7e-m+fp/softfp\libc.a(lib_a-vfiprintf.o)
                0x100060dc                __sprint_r
 .text._write_r
                0x100060f4       0x2c c:/maximsdk/tools/gnutools/bin/../lib/gcc/arm-none-eabi/9.2.1/../../../../arm-none-eabi/lib/thumb/v7e-m+fp/softfp\libc.a(lib_a-writer.o)
                0x100060f4                _write_r
 .text.__register_exitproc
                0x10006120       0x8c c:/maximsdk/tools/gnutools/bin/../lib/gcc/arm-none-eabi/9.2.1/../../../../arm-none-eabi/lib/thumb/v7e-m+fp/softfp\libc.a(lib_a-__atexit.o)
                0x10006120                __register_exitproc
 .text._calloc_r
                0x100061ac       0x60 c:/maximsdk/tools/gnutools/bin/../lib/gcc/arm-none-eabi/9.2.1/../../../../arm-none-eabi/lib/thumb/v7e-m+fp/softfp\libc.a(lib_a-callocr.o)
                0x100061ac                _calloc_r
 .text._close_r
                0x1000620c       0x24 c:/maximsdk/tools/gnutools/bin/../lib/gcc/arm-none-eabi/9.2.1/../../../../arm-none-eabi/lib/thumb/v7e-m+fp/softfp\libc.a(lib_a-closer.o)
                0x1000620c                _close_r
 .text._fclose_r
                0x10006230       0xcc c:/maximsdk/tools/gnutools/bin/../lib/gcc/arm-none-eabi/9.2.1/../../../../arm-none-eabi/lib/thumb/v7e-m+fp/softfp\libc.a(lib_a-fclose.o)
                0x10006230                _fclose_r
 .text.__fputwc
                0x100062fc       0xa8 c:/maximsdk/tools/gnutools/bin/../lib/gcc/arm-none-eabi/9.2.1/../../../../arm-none-eabi/lib/thumb/v7e-m+fp/softfp\libc.a(lib_a-fputwc.o)
                0x100062fc                __fputwc
 .text._fputwc_r
                0x100063a4       0x68 c:/maximsdk/tools/gnutools/bin/../lib/gcc/arm-none-eabi/9.2.1/../../../../arm-none-eabi/lib/thumb/v7e-m+fp/softfp\libc.a(lib_a-fputwc.o)
                0x100063a4                _fputwc_r
 .text._fstat_r
                0x1000640c       0x2c c:/maximsdk/tools/gnutools/bin/../lib/gcc/arm-none-eabi/9.2.1/../../../../arm-none-eabi/lib/thumb/v7e-m+fp/softfp\libc.a(lib_a-fstatr.o)
                0x1000640c                _fstat_r
 .text._isatty_r
                0x10006438       0x24 c:/maximsdk/tools/gnutools/bin/../lib/gcc/arm-none-eabi/9.2.1/../../../../arm-none-eabi/lib/thumb/v7e-m+fp/softfp\libc.a(lib_a-isattyr.o)
                0x10006438                _isatty_r
 .text.__locale_mb_cur_max
                0x1000645c        0xc c:/maximsdk/tools/gnutools/bin/../lib/gcc/arm-none-eabi/9.2.1/../../../../arm-none-eabi/lib/thumb/v7e-m+fp/softfp\libc.a(lib_a-locale.o)
                0x1000645c                __locale_mb_cur_max
 .text._lseek_r
                0x10006468       0x2c c:/maximsdk/tools/gnutools/bin/../lib/gcc/arm-none-eabi/9.2.1/../../../../arm-none-eabi/lib/thumb/v7e-m+fp/softfp\libc.a(lib_a-lseekr.o)
                0x10006468                _lseek_r
 .text.__ascii_mbtowc
                0x10006494       0x2c c:/maximsdk/tools/gnutools/bin/../lib/gcc/arm-none-eabi/9.2.1/../../../../arm-none-eabi/lib/thumb/v7e-m+fp/softfp\libc.a(lib_a-mbtowc_r.o)
                0x10006494                __ascii_mbtowc
 .text._read_r  0x100064c0       0x2c c:/maximsdk/tools/gnutools/bin/../lib/gcc/arm-none-eabi/9.2.1/../../../../arm-none-eabi/lib/thumb/v7e-m+fp/softfp\libc.a(lib_a-readr.o)
                0x100064c0                _read_r
 .text.__swbuf_r
                0x100064ec       0xb0 c:/maximsdk/tools/gnutools/bin/../lib/gcc/arm-none-eabi/9.2.1/../../../../arm-none-eabi/lib/thumb/v7e-m+fp/softfp\libc.a(lib_a-wbuf.o)
                0x100064ec                __swbuf_r
 .text._wcrtomb_r
                0x1000659c       0x3c c:/maximsdk/tools/gnutools/bin/../lib/gcc/arm-none-eabi/9.2.1/../../../../arm-none-eabi/lib/thumb/v7e-m+fp/softfp\libc.a(lib_a-wcrtomb.o)
                0x1000659c                _wcrtomb_r
 .text.__ascii_wctomb
                0x100065d8       0x1c c:/maximsdk/tools/gnutools/bin/../lib/gcc/arm-none-eabi/9.2.1/../../../../arm-none-eabi/lib/thumb/v7e-m+fp/softfp\libc.a(lib_a-wctomb_r.o)
                0x100065d8                __ascii_wctomb
 .text          0x100065f4      0x378 c:/maximsdk/tools/gnutools/bin/../lib/gcc/arm-none-eabi/9.2.1/thumb/v7e-m+fp/softfp\libgcc.a(_arm_addsubdf3.o)
                0x100065f4                __aeabi_drsub
                0x100065fc                __aeabi_dsub
                0x100065fc                __subdf3
                0x10006600                __aeabi_dadd
                0x10006600                __adddf3
                0x10006878                __floatunsidf
                0x10006878                __aeabi_ui2d
                0x10006898                __floatsidf
                0x10006898                __aeabi_i2d
                0x100068bc                __aeabi_f2d
                0x100068bc                __extendsfdf2
                0x10006900                __floatundidf
                0x10006900                __aeabi_ul2d
                0x10006910                __floatdidf
                0x10006910                __aeabi_l2d
 .text          0x1000696c      0x424 c:/maximsdk/tools/gnutools/bin/../lib/gcc/arm-none-eabi/9.2.1/thumb/v7e-m+fp/softfp\libgcc.a(_arm_muldivdf3.o)
                0x1000696c                __aeabi_dmul
                0x1000696c                __muldf3
                0x10006bc0                __divdf3
                0x10006bc0                __aeabi_ddiv
 .text          0x10006d90      0x110 c:/maximsdk/tools/gnutools/bin/../lib/gcc/arm-none-eabi/9.2.1/thumb/v7e-m+fp/softfp\libgcc.a(_arm_cmpdf2.o)
                0x10006d90                __gtdf2
                0x10006d90                __gedf2
                0x10006d98                __ltdf2
                0x10006d98                __ledf2
                0x10006da0                __nedf2
                0x10006da0                __eqdf2
                0x10006da0                __cmpdf2
                0x10006e1c                __aeabi_cdrcmple
                0x10006e2c                __aeabi_cdcmpeq
                0x10006e2c                __aeabi_cdcmple
                0x10006e3c                __aeabi_dcmpeq
                0x10006e50                __aeabi_dcmplt
                0x10006e64                __aeabi_dcmple
                0x10006e78                __aeabi_dcmpge
                0x10006e8c                __aeabi_dcmpgt
 .text          0x10006ea0       0x2c c:/maximsdk/tools/gnutools/bin/../lib/gcc/arm-none-eabi/9.2.1/thumb/v7e-m+fp/softfp\libgcc.a(_arm_unorddf2.o)
                0x10006ea0                __unorddf2
                0x10006ea0                __aeabi_dcmpun
 .text          0x10006ecc       0x50 c:/maximsdk/tools/gnutools/bin/../lib/gcc/arm-none-eabi/9.2.1/thumb/v7e-m+fp/softfp\libgcc.a(_arm_fixdfsi.o)
                0x10006ecc                __aeabi_d2iz
                0x10006ecc                __fixdfsi
 .text          0x10006f1c       0x30 c:/maximsdk/tools/gnutools/bin/../lib/gcc/arm-none-eabi/9.2.1/thumb/v7e-m+fp/softfp\libgcc.a(_aeabi_uldivmod.o)
                0x10006f1c                __aeabi_uldivmod
 .text          0x10006f4c      0x2c4 c:/maximsdk/tools/gnutools/bin/../lib/gcc/arm-none-eabi/9.2.1/thumb/v7e-m+fp/softfp\libgcc.a(_udivmoddi4.o)
                0x10006f4c                __udivmoddi4
 .text          0x10007210        0x4 c:/maximsdk/tools/gnutools/bin/../lib/gcc/arm-none-eabi/9.2.1/thumb/v7e-m+fp/softfp\libgcc.a(_dvmd_tls.o)
                0x10007210                __aeabi_idiv0
                0x10007210                __aeabi_ldiv0
 *(.rodata*)
 .rodata.main.str1.1
                0x10007214       0x19 c:/Users/user/eclipse-workspace/HelloWorld/build/main.o
 .rodata.mxc_assert.str1.1
                0x1000722d       0x19 c:/Users/user/eclipse-workspace/HelloWorld/build/board.o
 .rodata.Board_Init.str1.1
                0x10007246       0x44 c:/Users/user/eclipse-workspace/HelloWorld/build/board.o
 *fill*         0x1000728a        0x2 
 .rodata.led_pin
                0x1000728c       0x24 c:/Users/user/eclipse-workspace/HelloWorld/build/board.o
                0x1000728c                led_pin
 .rodata.num_leds
                0x100072b0        0x4 c:/Users/user/eclipse-workspace/HelloWorld/build/board.o
                0x100072b0                num_leds
 .rodata.num_pbs
                0x100072b4        0x4 c:/Users/user/eclipse-workspace/HelloWorld/build/board.o
                0x100072b4                num_pbs
 .rodata.pb_pin
                0x100072b8       0x18 c:/Users/user/eclipse-workspace/HelloWorld/build/board.o
                0x100072b8                pb_pin
 .rodata.LED_On.str1.1
                0x100072d0       0x4f c:/Users/user/eclipse-workspace/HelloWorld/build/led.o
 *fill*         0x1000731f        0x1 
 .rodata.gpio_cfg_uart0
                0x10007320        0xc c:/MaximSDK/Libraries/PeriphDrivers/bin/MAX78000/softfp/libPeriphDriver_softfp.a(pins_ai85.o)
                0x10007320                gpio_cfg_uart0
 .rodata.gpio_cfg_uart1
                0x1000732c        0xc c:/MaximSDK/Libraries/PeriphDrivers/bin/MAX78000/softfp/libPeriphDriver_softfp.a(pins_ai85.o)
                0x1000732c                gpio_cfg_uart1
 .rodata.gpio_cfg_uart2
                0x10007338        0xc c:/MaximSDK/Libraries/PeriphDrivers/bin/MAX78000/softfp/libPeriphDriver_softfp.a(pins_ai85.o)
                0x10007338                gpio_cfg_uart2
 .rodata.gpio_cfg_uart3
                0x10007344        0xc c:/MaximSDK/Libraries/PeriphDrivers/bin/MAX78000/softfp/libPeriphDriver_softfp.a(pins_ai85.o)
                0x10007344                gpio_cfg_uart3
 .rodata.MXC_GPIO_Common_Handler.str1.1
                0x10007350       0x62 c:/MaximSDK/Libraries/PeriphDrivers/bin/MAX78000/softfp/libPeriphDriver_softfp.a(gpio_common.o)
 *fill*         0x100073b2        0x2 
 .rodata._global_impure_ptr
                0x100073b4        0x4 c:/maximsdk/tools/gnutools/bin/../lib/gcc/arm-none-eabi/9.2.1/../../../../arm-none-eabi/lib/thumb/v7e-m+fp/softfp\libc.a(lib_a-impure.o)
                0x100073b4                _global_impure_ptr
 .rodata._puts_r.str1.4
                0x100073b8        0x2 c:/maximsdk/tools/gnutools/bin/../lib/gcc/arm-none-eabi/9.2.1/../../../../arm-none-eabi/lib/thumb/v7e-m+fp/softfp\libc.a(lib_a-puts.o)
 *fill*         0x100073ba        0x2 
 .rodata._vfprintf_r.str1.4
                0x100073bc       0x42 c:/maximsdk/tools/gnutools/bin/../lib/gcc/arm-none-eabi/9.2.1/../../../../arm-none-eabi/lib/thumb/v7e-m+fp/softfp\libc.a(lib_a-vfprintf.o)
 *fill*         0x100073fe        0x2 
 .rodata.blanks.8723
                0x10007400       0x10 c:/maximsdk/tools/gnutools/bin/../lib/gcc/arm-none-eabi/9.2.1/../../../../arm-none-eabi/lib/thumb/v7e-m+fp/softfp\libc.a(lib_a-vfprintf.o)
 .rodata.zeroes.8724
                0x10007410       0x10 c:/maximsdk/tools/gnutools/bin/../lib/gcc/arm-none-eabi/9.2.1/../../../../arm-none-eabi/lib/thumb/v7e-m+fp/softfp\libc.a(lib_a-vfprintf.o)
 .rodata._dtoa_r.str1.4
                0x10007420        0xd c:/maximsdk/tools/gnutools/bin/../lib/gcc/arm-none-eabi/9.2.1/../../../../arm-none-eabi/lib/thumb/v7e-m+fp/softfp\libc.a(lib_a-dtoa.o)
                                 0x12 (size before relaxing)
 *fill*         0x1000742d        0x3 
 .rodata.__mprec_bigtens
                0x10007430       0x28 c:/maximsdk/tools/gnutools/bin/../lib/gcc/arm-none-eabi/9.2.1/../../../../arm-none-eabi/lib/thumb/v7e-m+fp/softfp\libc.a(lib_a-mprec.o)
                0x10007430                __mprec_bigtens
 .rodata.__mprec_tens
                0x10007458       0xc8 c:/maximsdk/tools/gnutools/bin/../lib/gcc/arm-none-eabi/9.2.1/../../../../arm-none-eabi/lib/thumb/v7e-m+fp/softfp\libc.a(lib_a-mprec.o)
                0x10007458                __mprec_tens
 .rodata.p05.7478
                0x10007520        0xc c:/maximsdk/tools/gnutools/bin/../lib/gcc/arm-none-eabi/9.2.1/../../../../arm-none-eabi/lib/thumb/v7e-m+fp/softfp\libc.a(lib_a-mprec.o)
 .rodata._setlocale_r.str1.4
                0x1000752c        0xa c:/maximsdk/tools/gnutools/bin/../lib/gcc/arm-none-eabi/9.2.1/../../../../arm-none-eabi/lib/thumb/v7e-m+fp/softfp\libc.a(lib_a-locale.o)
                                  0xd (size before relaxing)
 *fill*         0x10007536        0x2 
 .rodata.str1.4
                0x10007538        0x2 c:/maximsdk/tools/gnutools/bin/../lib/gcc/arm-none-eabi/9.2.1/../../../../arm-none-eabi/lib/thumb/v7e-m+fp/softfp\libc.a(lib_a-locale.o)
 *fill*         0x1000753a        0x2 
 .rodata._ctype_
                0x1000753c      0x101 c:/maximsdk/tools/gnutools/bin/../lib/gcc/arm-none-eabi/9.2.1/../../../../arm-none-eabi/lib/thumb/v7e-m+fp/softfp\libc.a(lib_a-ctype_.o)
                0x1000753c                _ctype_
 *(.init)
 *fill*         0x1000763d        0x3 
 .init          0x10007640        0x4 c:/maximsdk/tools/gnutools/bin/../lib/gcc/arm-none-eabi/9.2.1/thumb/v7e-m+fp/softfp/crti.o
                0x10007640                _init
 .init          0x10007644        0x8 c:/maximsdk/tools/gnutools/bin/../lib/gcc/arm-none-eabi/9.2.1/thumb/v7e-m+fp/softfp/crtn.o
 *(.fini)
 .fini          0x1000764c        0x4 c:/maximsdk/tools/gnutools/bin/../lib/gcc/arm-none-eabi/9.2.1/thumb/v7e-m+fp/softfp/crti.o
                0x1000764c                _fini
 .fini          0x10007650        0x8 c:/maximsdk/tools/gnutools/bin/../lib/gcc/arm-none-eabi/9.2.1/thumb/v7e-m+fp/softfp/crtn.o
 *(.eh_frame*)
 .eh_frame      0x10007658        0x0 c:/maximsdk/tools/gnutools/bin/../lib/gcc/arm-none-eabi/9.2.1/thumb/v7e-m+fp/softfp/crtbegin.o
 .eh_frame      0x10007658        0x4 c:/maximsdk/tools/gnutools/bin/../lib/gcc/arm-none-eabi/9.2.1/thumb/v7e-m+fp/softfp/crtend.o
                0x1000765c                _etext = .

.glue_7         0x1000765c        0x0
 .glue_7        0x1000765c        0x0 linker stubs

.glue_7t        0x1000765c        0x0
 .glue_7t       0x1000765c        0x0 linker stubs

.vfp11_veneer   0x1000765c        0x0
 .vfp11_veneer  0x1000765c        0x0 linker stubs

.v4_bx          0x1000765c        0x0
 .v4_bx         0x1000765c        0x0 linker stubs

.iplt           0x1000765c        0x0
 .iplt          0x1000765c        0x0 c:/maximsdk/tools/gnutools/bin/../lib/gcc/arm-none-eabi/9.2.1/thumb/v7e-m+fp/softfp/crtbegin.o

.bin_storage    0x1000765c        0x0
 FILL mask 0xff
                0x1000765c                _bin_start_ = .
 *(.bin_storage_img)
                0x1000765c                _bin_end_ = .
                0x1000765c                . = ALIGN (0x4)

.rom_code       0x00000000        0x0
                0x00000000                . = ALIGN (0x10)
                0x20000000                _sran_code = .
 *(.rom_code_section)
                0x20000000                _esran_code = .

.flash_code     0x1000765c        0x4
                0x10007660                . = ALIGN (0x10)
 *fill*         0x1000765c        0x4 
                0x20000000                _sran_code = .
 *(.flash_code_section)
                0x20000000                _esran_code = .

.sram_code      0x20000000        0x0
                0x20000000                . = ALIGN (0x10)
                0x20000000                _sran_code = .
 *(.sram_code_section)
                0x20000000                _esran_code = .

.ARM.exidx      0x10007660        0x8
                0x10007660                __exidx_start = .
 *(.ARM.exidx*)
 .ARM.exidx     0x10007660        0x8 c:/maximsdk/tools/gnutools/bin/../lib/gcc/arm-none-eabi/9.2.1/thumb/v7e-m+fp/softfp\libgcc.a(_udivmoddi4.o)
                0x10007668                __exidx_end = .

.rel.dyn        0x10007668        0x0
 .rel.iplt      0x10007668        0x0 c:/maximsdk/tools/gnutools/bin/../lib/gcc/arm-none-eabi/9.2.1/thumb/v7e-m+fp/softfp/crtbegin.o

.data           0x20000000      0x9c4 load address 0x10007668
                0x20000000                _data = ALIGN (., 0x4)
 *(.data*)
 .data.ConsoleUart
                0x20000000        0x4 c:/Users/user/eclipse-workspace/HelloWorld/build/board.o
                0x20000000                ConsoleUart
 .data.overflows
                0x20000004        0x4 c:/MaximSDK/Libraries/PeriphDrivers/bin/MAX78000/softfp/libPeriphDriver_softfp.a(mxc_delay.o)
 .data._impure_ptr
                0x20000008        0x4 c:/maximsdk/tools/gnutools/bin/../lib/gcc/arm-none-eabi/9.2.1/../../../../arm-none-eabi/lib/thumb/v7e-m+fp/softfp\libc.a(lib_a-impure.o)
                0x20000008                _impure_ptr
 *fill*         0x2000000c        0x4 
 .data.impure_data
                0x20000010      0x428 c:/maximsdk/tools/gnutools/bin/../lib/gcc/arm-none-eabi/9.2.1/../../../../arm-none-eabi/lib/thumb/v7e-m+fp/softfp\libc.a(lib_a-impure.o)
 .data.__malloc_av_
                0x20000438      0x408 c:/maximsdk/tools/gnutools/bin/../lib/gcc/arm-none-eabi/9.2.1/../../../../arm-none-eabi/lib/thumb/v7e-m+fp/softfp\libc.a(lib_a-mallocr.o)
                0x20000438                __malloc_av_
 .data.__malloc_sbrk_base
                0x20000840        0x4 c:/maximsdk/tools/gnutools/bin/../lib/gcc/arm-none-eabi/9.2.1/../../../../arm-none-eabi/lib/thumb/v7e-m+fp/softfp\libc.a(lib_a-mallocr.o)
                0x20000840                __malloc_sbrk_base
 .data.__malloc_trim_threshold
                0x20000844        0x4 c:/maximsdk/tools/gnutools/bin/../lib/gcc/arm-none-eabi/9.2.1/../../../../arm-none-eabi/lib/thumb/v7e-m+fp/softfp\libc.a(lib_a-mallocr.o)
                0x20000844                __malloc_trim_threshold
 .data.__atexit_recursive_mutex
                0x20000848        0x4 c:/maximsdk/tools/gnutools/bin/../lib/gcc/arm-none-eabi/9.2.1/../../../../arm-none-eabi/lib/thumb/v7e-m+fp/softfp\libc.a(lib_a-__call_atexit.o)
                0x20000848                __atexit_recursive_mutex
 .data.__global_locale
                0x2000084c      0x16c c:/maximsdk/tools/gnutools/bin/../lib/gcc/arm-none-eabi/9.2.1/../../../../arm-none-eabi/lib/thumb/v7e-m+fp/softfp\libc.a(lib_a-locale.o)
                0x2000084c                __global_locale
                0x200009b8                . = ALIGN (0x4)
                0x200009b8                PROVIDE (__preinit_array_start = .)
 *(.preinit_array)
                0x200009b8                PROVIDE (__preinit_array_end = .)
                0x200009b8                . = ALIGN (0x4)
                0x200009b8                PROVIDE (__init_array_start = .)
 *(SORT_BY_NAME(.init_array.*))
 .init_array.00000
                0x200009b8        0x4 c:/maximsdk/tools/gnutools/bin/../lib/gcc/arm-none-eabi/9.2.1/../../../../arm-none-eabi/lib/thumb/v7e-m+fp/softfp\libc.a(lib_a-__call_atexit.o)
 *(.init_array)
 .init_array    0x200009bc        0x4 c:/maximsdk/tools/gnutools/bin/../lib/gcc/arm-none-eabi/9.2.1/thumb/v7e-m+fp/softfp/crtbegin.o
                0x200009c0                PROVIDE (__init_array_end = .)
                0x200009c0                . = ALIGN (0x4)
                0x200009c0                PROVIDE (__fini_array_start = .)
 *(SORT_BY_NAME(.fini_array.*))
 *(.fini_array)
 .fini_array    0x200009c0        0x4 c:/maximsdk/tools/gnutools/bin/../lib/gcc/arm-none-eabi/9.2.1/thumb/v7e-m+fp/softfp/crtbegin.o
                0x200009c4                PROVIDE (__fini_array_end = .)
                0x200009c4                _edata = ALIGN (., 0x4)
                0x10007668                __load_data = LOADADDR (.data)

.igot.plt       0x200009c4        0x0 load address 0x1000802c
 .igot.plt      0x200009c4        0x0 c:/maximsdk/tools/gnutools/bin/../lib/gcc/arm-none-eabi/9.2.1/thumb/v7e-m+fp/softfp/crtbegin.o

.bss            0x200009c4      0x48c load address 0x1000802c
                0x200009c4                . = ALIGN (0x4)
                0x200009c4                _bss = .
 *(.bss*)
 .bss           0x200009c4       0x1c c:/maximsdk/tools/gnutools/bin/../lib/gcc/arm-none-eabi/9.2.1/thumb/v7e-m+fp/softfp/crtbegin.o
 .bss.heap_end  0x200009e0        0x4 c:/Users/user/eclipse-workspace/HelloWorld/build/heap.o
 .bss.cbFunc    0x200009e4        0x4 c:/MaximSDK/Libraries/PeriphDrivers/bin/MAX78000/softfp/libPeriphDriver_softfp.a(mxc_delay.o)
 .bss.ctrl_save
                0x200009e8        0x4 c:/MaximSDK/Libraries/PeriphDrivers/bin/MAX78000/softfp/libPeriphDriver_softfp.a(mxc_delay.o)
 .bss.endtick   0x200009ec        0x4 c:/MaximSDK/Libraries/PeriphDrivers/bin/MAX78000/softfp/libPeriphDriver_softfp.a(mxc_delay.o)
 .bss.callback  0x200009f0      0x200 c:/MaximSDK/Libraries/PeriphDrivers/bin/MAX78000/softfp/libPeriphDriver_softfp.a(gpio_common.o)
 .bss.cbparam   0x20000bf0      0x200 c:/MaximSDK/Libraries/PeriphDrivers/bin/MAX78000/softfp/libPeriphDriver_softfp.a(gpio_common.o)
 .bss.initialized
                0x20000df0        0x1 c:/MaximSDK/Libraries/PeriphDrivers/bin/MAX78000/softfp/libPeriphDriver_softfp.a(gpio_common.o)
 *fill*         0x20000df1        0x3 
 .bss.__malloc_current_mallinfo
                0x20000df4       0x28 c:/maximsdk/tools/gnutools/bin/../lib/gcc/arm-none-eabi/9.2.1/../../../../arm-none-eabi/lib/thumb/v7e-m+fp/softfp\libc.a(lib_a-mallocr.o)
                0x20000df4                __malloc_current_mallinfo
 .bss.__malloc_max_sbrked_mem
                0x20000e1c        0x4 c:/maximsdk/tools/gnutools/bin/../lib/gcc/arm-none-eabi/9.2.1/../../../../arm-none-eabi/lib/thumb/v7e-m+fp/softfp\libc.a(lib_a-mallocr.o)
                0x20000e1c                __malloc_max_sbrked_mem
 .bss.__malloc_max_total_mem
                0x20000e20        0x4 c:/maximsdk/tools/gnutools/bin/../lib/gcc/arm-none-eabi/9.2.1/../../../../arm-none-eabi/lib/thumb/v7e-m+fp/softfp\libc.a(lib_a-mallocr.o)
                0x20000e20                __malloc_max_total_mem
 .bss.__malloc_top_pad
                0x20000e24        0x4 c:/maximsdk/tools/gnutools/bin/../lib/gcc/arm-none-eabi/9.2.1/../../../../arm-none-eabi/lib/thumb/v7e-m+fp/softfp\libc.a(lib_a-mallocr.o)
                0x20000e24                __malloc_top_pad
 *(COMMON)
 COMMON         0x20000e28       0x21 c:/maximsdk/tools/gnutools/bin/../lib/gcc/arm-none-eabi/9.2.1/../../../../arm-none-eabi/lib/thumb/v7e-m+fp/softfp\libc.a(lib_a-lock.o)
                0x20000e28                __lock___atexit_recursive_mutex
                0x20000e2c                __lock___arc4random_mutex
                0x20000e30                __lock___env_recursive_mutex
                0x20000e34                __lock___sinit_recursive_mutex
                0x20000e38                __lock___malloc_recursive_mutex
                0x20000e3c                __lock___at_quick_exit_mutex
                0x20000e40                __lock___dd_hash_mutex
                0x20000e44                __lock___tz_mutex
                0x20000e48                __lock___sfp_recursive_mutex
 *fill*         0x20000e49        0x3 
 COMMON         0x20000e4c        0x4 c:/maximsdk/tools/gnutools/bin/../lib/gcc/arm-none-eabi/9.2.1/../../../../arm-none-eabi/lib/thumb/v7e-m+fp/softfp\libc.a(lib_a-reent.o)
                0x20000e4c                errno
                0x20000e50                _ebss = ALIGN (., 0x4)

.shared         0x20000e50        0x4 load address 0x1000802c
                0x20000e50                . = ALIGN (0x4)
                0x20000e50                _shared = .
 *(.mailbox*)
                0x20000e50                . = ALIGN (0x4)
 *(.shared*)
 .shared        0x20000e50        0x4 c:/Users/user/eclipse-workspace/HelloWorld/build/system_max78000.o
                0x20000e50                SystemCoreClock
                0x20000e54                _eshared = ALIGN (., 0x4)
                0x1000802c                __shared_data = LOADADDR (.shared)
                0x20020000                __StackTop = (ORIGIN (SRAM) + LENGTH (SRAM))
                0x2001f000                __StackLimit = (__StackTop - SIZEOF (.stack_dummy))

.stack_dummy    0x20000e58     0x1000 load address 0x10008030
 *(.stack*)
 .stack         0x20000e58     0x1000 c:/Users/user/eclipse-workspace/HelloWorld/build/startup_max78000.o

.heap           0x20000e58      0xc00 load address 0x10008030
                0x20000e58                . = ALIGN (0x4)
 *(.heap*)
 .heap          0x20000e58      0xc00 c:/Users/user/eclipse-workspace/HelloWorld/build/startup_max78000.o
                0x20000e58                __HeapBase
                0x2001f000                __HeapLimit = ABSOLUTE (__StackLimit)
                0x20020000                PROVIDE (__stack = __StackTop)
                0x00000001                ASSERT ((__StackLimit >= _ebss), region RAM overflowed with stack)
OUTPUT(c:/Users/user/eclipse-workspace/HelloWorld/build/HelloWorld.elf elf32-littlearm)

.ARM.attributes
                0x00000000       0x2e
 .ARM.attributes
                0x00000000       0x1e c:/maximsdk/tools/gnutools/bin/../lib/gcc/arm-none-eabi/9.2.1/thumb/v7e-m+fp/softfp/crti.o
 .ARM.attributes
                0x0000001e       0x32 c:/maximsdk/tools/gnutools/bin/../lib/gcc/arm-none-eabi/9.2.1/thumb/v7e-m+fp/softfp/crtbegin.o
 .ARM.attributes
                0x00000050       0x32 c:/Users/user/eclipse-workspace/HelloWorld/build/main.o
 .ARM.attributes
                0x00000082       0x32 c:/Users/user/eclipse-workspace/HelloWorld/build/utils.o
 .ARM.attributes
                0x000000b4       0x32 c:/Users/user/eclipse-workspace/HelloWorld/build/board.o
 .ARM.attributes
                0x000000e6       0x32 c:/Users/user/eclipse-workspace/HelloWorld/build/stdio.o
 .ARM.attributes
                0x00000118       0x32 c:/Users/user/eclipse-workspace/HelloWorld/build/led.o
 .ARM.attributes
                0x0000014a       0x32 c:/Users/user/eclipse-workspace/HelloWorld/build/pb.o
 .ARM.attributes
                0x0000017c       0x1b c:/Users/user/eclipse-workspace/HelloWorld/build/startup_max78000.o
 .ARM.attributes
                0x00000197       0x32 c:/Users/user/eclipse-workspace/HelloWorld/build/heap.o
 .ARM.attributes
                0x000001c9       0x32 c:/Users/user/eclipse-workspace/HelloWorld/build/system_max78000.o
 .ARM.attributes
                0x000001fb       0x37 c:/MaximSDK/Libraries/PeriphDrivers/bin/MAX78000/softfp/libPeriphDriver_softfp.a(mxc_delay.o)
 .ARM.attributes
                0x00000232       0x37 c:/MaximSDK/Libraries/PeriphDrivers/bin/MAX78000/softfp/libPeriphDriver_softfp.a(pins_ai85.o)
 .ARM.attributes
                0x00000269       0x37 c:/MaximSDK/Libraries/PeriphDrivers/bin/MAX78000/softfp/libPeriphDriver_softfp.a(sys_ai85.o)
 .ARM.attributes
                0x000002a0       0x37 c:/MaximSDK/Libraries/PeriphDrivers/bin/MAX78000/softfp/libPeriphDriver_softfp.a(gpio_ai85.o)
 .ARM.attributes
                0x000002d7       0x37 c:/MaximSDK/Libraries/PeriphDrivers/bin/MAX78000/softfp/libPeriphDriver_softfp.a(gpio_reva.o)
 .ARM.attributes
                0x0000030e       0x37 c:/MaximSDK/Libraries/PeriphDrivers/bin/MAX78000/softfp/libPeriphDriver_softfp.a(uart_ai85.o)
 .ARM.attributes
                0x00000345       0x37 c:/MaximSDK/Libraries/PeriphDrivers/bin/MAX78000/softfp/libPeriphDriver_softfp.a(uart_common.o)
 .ARM.attributes
                0x0000037c       0x37 c:/MaximSDK/Libraries/PeriphDrivers/bin/MAX78000/softfp/libPeriphDriver_softfp.a(uart_revb.o)
 .ARM.attributes
                0x000003b3       0x37 c:/MaximSDK/Libraries/PeriphDrivers/bin/MAX78000/softfp/libPeriphDriver_softfp.a(gpio_common.o)
 .ARM.attributes
                0x000003ea       0x32 c:/maximsdk/tools/gnutools/bin/../lib/gcc/arm-none-eabi/9.2.1/../../../../arm-none-eabi/lib/thumb/v7e-m+fp/softfp\libc.a(lib_a-errno.o)
 .ARM.attributes
                0x0000041c       0x30 c:/maximsdk/tools/gnutools/bin/../lib/gcc/arm-none-eabi/9.2.1/../../../../arm-none-eabi/lib/thumb/v7e-m+fp/softfp\libc.a(lib_a-impure.o)
 .ARM.attributes
                0x0000044c       0x32 c:/maximsdk/tools/gnutools/bin/../lib/gcc/arm-none-eabi/9.2.1/../../../../arm-none-eabi/lib/thumb/v7e-m+fp/softfp\libc.a(lib_a-init.o)
 .ARM.attributes
                0x0000047e       0x32 c:/maximsdk/tools/gnutools/bin/../lib/gcc/arm-none-eabi/9.2.1/../../../../arm-none-eabi/lib/thumb/v7e-m+fp/softfp\libc.a(lib_a-mallocr.o)
 .ARM.attributes
                0x000004b0       0x1c c:/maximsdk/tools/gnutools/bin/../lib/gcc/arm-none-eabi/9.2.1/../../../../arm-none-eabi/lib/thumb/v7e-m+fp/softfp\libc.a(lib_a-memcpy.o)
 .ARM.attributes
                0x000004cc       0x32 c:/maximsdk/tools/gnutools/bin/../lib/gcc/arm-none-eabi/9.2.1/../../../../arm-none-eabi/lib/thumb/v7e-m+fp/softfp\libc.a(lib_a-memset.o)
 .ARM.attributes
                0x000004fe       0x32 c:/maximsdk/tools/gnutools/bin/../lib/gcc/arm-none-eabi/9.2.1/../../../../arm-none-eabi/lib/thumb/v7e-m+fp/softfp\libc.a(lib_a-mlock.o)
 .ARM.attributes
                0x00000530       0x32 c:/maximsdk/tools/gnutools/bin/../lib/gcc/arm-none-eabi/9.2.1/../../../../arm-none-eabi/lib/thumb/v7e-m+fp/softfp\libc.a(lib_a-printf.o)
 .ARM.attributes
                0x00000562       0x32 c:/maximsdk/tools/gnutools/bin/../lib/gcc/arm-none-eabi/9.2.1/../../../../arm-none-eabi/lib/thumb/v7e-m+fp/softfp\libc.a(lib_a-puts.o)
 .ARM.attributes
                0x00000594       0x32 c:/maximsdk/tools/gnutools/bin/../lib/gcc/arm-none-eabi/9.2.1/../../../../arm-none-eabi/lib/thumb/v7e-m+fp/softfp\libc.a(lib_a-sbrkr.o)
 .ARM.attributes
                0x000005c6       0x1c c:/maximsdk/tools/gnutools/bin/../lib/gcc/arm-none-eabi/9.2.1/../../../../arm-none-eabi/lib/thumb/v7e-m+fp/softfp\libc.a(lib_a-strlen.o)
 .ARM.attributes
                0x000005e2       0x32 c:/maximsdk/tools/gnutools/bin/../lib/gcc/arm-none-eabi/9.2.1/../../../../arm-none-eabi/lib/thumb/v7e-m+fp/softfp\libc.a(lib_a-vfprintf.o)
 .ARM.attributes
                0x00000614       0x32 c:/maximsdk/tools/gnutools/bin/../lib/gcc/arm-none-eabi/9.2.1/../../../../arm-none-eabi/lib/thumb/v7e-m+fp/softfp\libc.a(lib_a-wsetup.o)
 .ARM.attributes
                0x00000646       0x32 c:/maximsdk/tools/gnutools/bin/../lib/gcc/arm-none-eabi/9.2.1/../../../../arm-none-eabi/lib/thumb/v7e-m+fp/softfp\libc.a(lib_a-__call_atexit.o)
 .ARM.attributes
                0x00000678       0x32 c:/maximsdk/tools/gnutools/bin/../lib/gcc/arm-none-eabi/9.2.1/../../../../arm-none-eabi/lib/thumb/v7e-m+fp/softfp\libc.a(lib_a-atexit.o)
 .ARM.attributes
                0x000006aa       0x32 c:/maximsdk/tools/gnutools/bin/../lib/gcc/arm-none-eabi/9.2.1/../../../../arm-none-eabi/lib/thumb/v7e-m+fp/softfp\libc.a(lib_a-dtoa.o)
 .ARM.attributes
                0x000006dc       0x32 c:/maximsdk/tools/gnutools/bin/../lib/gcc/arm-none-eabi/9.2.1/../../../../arm-none-eabi/lib/thumb/v7e-m+fp/softfp\libc.a(lib_a-fflush.o)
 .ARM.attributes
                0x0000070e       0x32 c:/maximsdk/tools/gnutools/bin/../lib/gcc/arm-none-eabi/9.2.1/../../../../arm-none-eabi/lib/thumb/v7e-m+fp/softfp\libc.a(lib_a-findfp.o)
 .ARM.attributes
                0x00000740       0x32 c:/maximsdk/tools/gnutools/bin/../lib/gcc/arm-none-eabi/9.2.1/../../../../arm-none-eabi/lib/thumb/v7e-m+fp/softfp\libc.a(lib_a-fini.o)
 .ARM.attributes
                0x00000772       0x32 c:/maximsdk/tools/gnutools/bin/../lib/gcc/arm-none-eabi/9.2.1/../../../../arm-none-eabi/lib/thumb/v7e-m+fp/softfp\libc.a(lib_a-freer.o)
 .ARM.attributes
                0x000007a4       0x32 c:/maximsdk/tools/gnutools/bin/../lib/gcc/arm-none-eabi/9.2.1/../../../../arm-none-eabi/lib/thumb/v7e-m+fp/softfp\libc.a(lib_a-fvwrite.o)
 .ARM.attributes
                0x000007d6       0x32 c:/maximsdk/tools/gnutools/bin/../lib/gcc/arm-none-eabi/9.2.1/../../../../arm-none-eabi/lib/thumb/v7e-m+fp/softfp\libc.a(lib_a-fwalk.o)
 .ARM.attributes
                0x00000808       0x32 c:/maximsdk/tools/gnutools/bin/../lib/gcc/arm-none-eabi/9.2.1/../../../../arm-none-eabi/lib/thumb/v7e-m+fp/softfp\libc.a(lib_a-localeconv.o)
 .ARM.attributes
                0x0000083a       0x32 c:/maximsdk/tools/gnutools/bin/../lib/gcc/arm-none-eabi/9.2.1/../../../../arm-none-eabi/lib/thumb/v7e-m+fp/softfp\libc.a(lib_a-lock.o)
 .ARM.attributes
                0x0000086c       0x32 c:/maximsdk/tools/gnutools/bin/../lib/gcc/arm-none-eabi/9.2.1/../../../../arm-none-eabi/lib/thumb/v7e-m+fp/softfp\libc.a(lib_a-makebuf.o)
 .ARM.attributes
                0x0000089e       0x1c c:/maximsdk/tools/gnutools/bin/../lib/gcc/arm-none-eabi/9.2.1/../../../../arm-none-eabi/lib/thumb/v7e-m+fp/softfp\libc.a(lib_a-memchr.o)
 .ARM.attributes
                0x000008ba       0x32 c:/maximsdk/tools/gnutools/bin/../lib/gcc/arm-none-eabi/9.2.1/../../../../arm-none-eabi/lib/thumb/v7e-m+fp/softfp\libc.a(lib_a-memmove.o)
 .ARM.attributes
                0x000008ec       0x32 c:/maximsdk/tools/gnutools/bin/../lib/gcc/arm-none-eabi/9.2.1/../../../../arm-none-eabi/lib/thumb/v7e-m+fp/softfp\libc.a(lib_a-mprec.o)
 .ARM.attributes
                0x0000091e       0x32 c:/maximsdk/tools/gnutools/bin/../lib/gcc/arm-none-eabi/9.2.1/../../../../arm-none-eabi/lib/thumb/v7e-m+fp/softfp\libc.a(lib_a-reallocr.o)
 .ARM.attributes
                0x00000950       0x32 c:/maximsdk/tools/gnutools/bin/../lib/gcc/arm-none-eabi/9.2.1/../../../../arm-none-eabi/lib/thumb/v7e-m+fp/softfp\libc.a(lib_a-reent.o)
 .ARM.attributes
                0x00000982       0x32 c:/maximsdk/tools/gnutools/bin/../lib/gcc/arm-none-eabi/9.2.1/../../../../arm-none-eabi/lib/thumb/v7e-m+fp/softfp\libc.a(lib_a-s_frexp.o)
 .ARM.attributes
                0x000009b4       0x32 c:/maximsdk/tools/gnutools/bin/../lib/gcc/arm-none-eabi/9.2.1/../../../../arm-none-eabi/lib/thumb/v7e-m+fp/softfp\libc.a(lib_a-stdio.o)
 .ARM.attributes
                0x000009e6       0x32 c:/maximsdk/tools/gnutools/bin/../lib/gcc/arm-none-eabi/9.2.1/../../../../arm-none-eabi/lib/thumb/v7e-m+fp/softfp\libc.a(lib_a-strncpy.o)
 .ARM.attributes
                0x00000a18       0x32 c:/maximsdk/tools/gnutools/bin/../lib/gcc/arm-none-eabi/9.2.1/../../../../arm-none-eabi/lib/thumb/v7e-m+fp/softfp\libc.a(lib_a-vfiprintf.o)
 .ARM.attributes
                0x00000a4a       0x32 c:/maximsdk/tools/gnutools/bin/../lib/gcc/arm-none-eabi/9.2.1/../../../../arm-none-eabi/lib/thumb/v7e-m+fp/softfp\libc.a(lib_a-writer.o)
 .ARM.attributes
                0x00000a7c       0x32 c:/maximsdk/tools/gnutools/bin/../lib/gcc/arm-none-eabi/9.2.1/../../../../arm-none-eabi/lib/thumb/v7e-m+fp/softfp\libc.a(lib_a-__atexit.o)
 .ARM.attributes
                0x00000aae       0x32 c:/maximsdk/tools/gnutools/bin/../lib/gcc/arm-none-eabi/9.2.1/../../../../arm-none-eabi/lib/thumb/v7e-m+fp/softfp\libc.a(lib_a-callocr.o)
 .ARM.attributes
                0x00000ae0       0x32 c:/maximsdk/tools/gnutools/bin/../lib/gcc/arm-none-eabi/9.2.1/../../../../arm-none-eabi/lib/thumb/v7e-m+fp/softfp\libc.a(lib_a-closer.o)
 .ARM.attributes
                0x00000b12       0x32 c:/maximsdk/tools/gnutools/bin/../lib/gcc/arm-none-eabi/9.2.1/../../../../arm-none-eabi/lib/thumb/v7e-m+fp/softfp\libc.a(lib_a-fclose.o)
 .ARM.attributes
                0x00000b44       0x32 c:/maximsdk/tools/gnutools/bin/../lib/gcc/arm-none-eabi/9.2.1/../../../../arm-none-eabi/lib/thumb/v7e-m+fp/softfp\libc.a(lib_a-fputwc.o)
 .ARM.attributes
                0x00000b76       0x32 c:/maximsdk/tools/gnutools/bin/../lib/gcc/arm-none-eabi/9.2.1/../../../../arm-none-eabi/lib/thumb/v7e-m+fp/softfp\libc.a(lib_a-fstatr.o)
 .ARM.attributes
                0x00000ba8       0x32 c:/maximsdk/tools/gnutools/bin/../lib/gcc/arm-none-eabi/9.2.1/../../../../arm-none-eabi/lib/thumb/v7e-m+fp/softfp\libc.a(lib_a-isattyr.o)
 .ARM.attributes
                0x00000bda       0x32 c:/maximsdk/tools/gnutools/bin/../lib/gcc/arm-none-eabi/9.2.1/../../../../arm-none-eabi/lib/thumb/v7e-m+fp/softfp\libc.a(lib_a-locale.o)
 .ARM.attributes
                0x00000c0c       0x32 c:/maximsdk/tools/gnutools/bin/../lib/gcc/arm-none-eabi/9.2.1/../../../../arm-none-eabi/lib/thumb/v7e-m+fp/softfp\libc.a(lib_a-lseekr.o)
 .ARM.attributes
                0x00000c3e       0x32 c:/maximsdk/tools/gnutools/bin/../lib/gcc/arm-none-eabi/9.2.1/../../../../arm-none-eabi/lib/thumb/v7e-m+fp/softfp\libc.a(lib_a-mbtowc_r.o)
 .ARM.attributes
                0x00000c70       0x32 c:/maximsdk/tools/gnutools/bin/../lib/gcc/arm-none-eabi/9.2.1/../../../../arm-none-eabi/lib/thumb/v7e-m+fp/softfp\libc.a(lib_a-readr.o)
 .ARM.attributes
                0x00000ca2       0x32 c:/maximsdk/tools/gnutools/bin/../lib/gcc/arm-none-eabi/9.2.1/../../../../arm-none-eabi/lib/thumb/v7e-m+fp/softfp\libc.a(lib_a-wbuf.o)
 .ARM.attributes
                0x00000cd4       0x32 c:/maximsdk/tools/gnutools/bin/../lib/gcc/arm-none-eabi/9.2.1/../../../../arm-none-eabi/lib/thumb/v7e-m+fp/softfp\libc.a(lib_a-wcrtomb.o)
 .ARM.attributes
                0x00000d06       0x32 c:/maximsdk/tools/gnutools/bin/../lib/gcc/arm-none-eabi/9.2.1/../../../../arm-none-eabi/lib/thumb/v7e-m+fp/softfp\libc.a(lib_a-wctomb_r.o)
 .ARM.attributes
                0x00000d38       0x30 c:/maximsdk/tools/gnutools/bin/../lib/gcc/arm-none-eabi/9.2.1/../../../../arm-none-eabi/lib/thumb/v7e-m+fp/softfp\libc.a(lib_a-ctype_.o)
 .ARM.attributes
                0x00000d68       0x1e c:/maximsdk/tools/gnutools/bin/../lib/gcc/arm-none-eabi/9.2.1/thumb/v7e-m+fp/softfp\libgcc.a(_arm_addsubdf3.o)
 .ARM.attributes
                0x00000d86       0x1e c:/maximsdk/tools/gnutools/bin/../lib/gcc/arm-none-eabi/9.2.1/thumb/v7e-m+fp/softfp\libgcc.a(_arm_muldivdf3.o)
 .ARM.attributes
                0x00000da4       0x1e c:/maximsdk/tools/gnutools/bin/../lib/gcc/arm-none-eabi/9.2.1/thumb/v7e-m+fp/softfp\libgcc.a(_arm_cmpdf2.o)
 .ARM.attributes
                0x00000dc2       0x1e c:/maximsdk/tools/gnutools/bin/../lib/gcc/arm-none-eabi/9.2.1/thumb/v7e-m+fp/softfp\libgcc.a(_arm_unorddf2.o)
 .ARM.attributes
                0x00000de0       0x1e c:/maximsdk/tools/gnutools/bin/../lib/gcc/arm-none-eabi/9.2.1/thumb/v7e-m+fp/softfp\libgcc.a(_arm_fixdfsi.o)
 .ARM.attributes
                0x00000dfe       0x1e c:/maximsdk/tools/gnutools/bin/../lib/gcc/arm-none-eabi/9.2.1/thumb/v7e-m+fp/softfp\libgcc.a(_aeabi_uldivmod.o)
 .ARM.attributes
                0x00000e1c       0x32 c:/maximsdk/tools/gnutools/bin/../lib/gcc/arm-none-eabi/9.2.1/thumb/v7e-m+fp/softfp\libgcc.a(_udivmoddi4.o)
 .ARM.attributes
                0x00000e4e       0x1e c:/maximsdk/tools/gnutools/bin/../lib/gcc/arm-none-eabi/9.2.1/thumb/v7e-m+fp/softfp\libgcc.a(_dvmd_tls.o)
 .ARM.attributes
                0x00000e6c       0x30 c:/maximsdk/tools/gnutools/bin/../lib/gcc/arm-none-eabi/9.2.1/thumb/v7e-m+fp/softfp/crtend.o
 .ARM.attributes
                0x00000e9c       0x1e c:/maximsdk/tools/gnutools/bin/../lib/gcc/arm-none-eabi/9.2.1/thumb/v7e-m+fp/softfp/crtn.o

.comment        0x00000000       0xf8
 .comment       0x00000000       0x79 c:/Users/user/eclipse-workspace/HelloWorld/build/main.o
                                 0x7a (size before relaxing)
 .comment       0x00000079       0x7a c:/Users/user/eclipse-workspace/HelloWorld/build/utils.o
 .comment       0x00000079       0x7a c:/Users/user/eclipse-workspace/HelloWorld/build/board.o
 .comment       0x00000079       0x7a c:/Users/user/eclipse-workspace/HelloWorld/build/stdio.o
 .comment       0x00000079       0x7a c:/Users/user/eclipse-workspace/HelloWorld/build/led.o
 .comment       0x00000079       0x7a c:/Users/user/eclipse-workspace/HelloWorld/build/pb.o
 .comment       0x00000079       0x7a c:/Users/user/eclipse-workspace/HelloWorld/build/heap.o
 .comment       0x00000079       0x7a c:/Users/user/eclipse-workspace/HelloWorld/build/system_max78000.o
 .comment       0x00000079       0x7f c:/MaximSDK/Libraries/PeriphDrivers/bin/MAX78000/softfp/libPeriphDriver_softfp.a(mxc_delay.o)
                                 0x80 (size before relaxing)
 .comment       0x000000f8       0x80 c:/MaximSDK/Libraries/PeriphDrivers/bin/MAX78000/softfp/libPeriphDriver_softfp.a(pins_ai85.o)
 .comment       0x000000f8       0x80 c:/MaximSDK/Libraries/PeriphDrivers/bin/MAX78000/softfp/libPeriphDriver_softfp.a(sys_ai85.o)
 .comment       0x000000f8       0x80 c:/MaximSDK/Libraries/PeriphDrivers/bin/MAX78000/softfp/libPeriphDriver_softfp.a(gpio_ai85.o)
 .comment       0x000000f8       0x80 c:/MaximSDK/Libraries/PeriphDrivers/bin/MAX78000/softfp/libPeriphDriver_softfp.a(gpio_reva.o)
 .comment       0x000000f8       0x80 c:/MaximSDK/Libraries/PeriphDrivers/bin/MAX78000/softfp/libPeriphDriver_softfp.a(uart_ai85.o)
 .comment       0x000000f8       0x80 c:/MaximSDK/Libraries/PeriphDrivers/bin/MAX78000/softfp/libPeriphDriver_softfp.a(uart_common.o)
 .comment       0x000000f8       0x80 c:/MaximSDK/Libraries/PeriphDrivers/bin/MAX78000/softfp/libPeriphDriver_softfp.a(uart_revb.o)
 .comment       0x000000f8       0x80 c:/MaximSDK/Libraries/PeriphDrivers/bin/MAX78000/softfp/libPeriphDriver_softfp.a(gpio_common.o)

.debug_info     0x00000000    0x10983
 .debug_info    0x00000000     0x103f c:/Users/user/eclipse-workspace/HelloWorld/build/main.o
 .debug_info    0x0000103f     0x16e5 c:/Users/user/eclipse-workspace/HelloWorld/build/board.o
 .debug_info    0x00002724     0x1511 c:/Users/user/eclipse-workspace/HelloWorld/build/stdio.o
 .debug_info    0x00003c35     0x10fb c:/Users/user/eclipse-workspace/HelloWorld/build/led.o
 .debug_info    0x00004d30      0xee2 c:/Users/user/eclipse-workspace/HelloWorld/build/pb.o
 .debug_info    0x00005c12      0xa22 c:/Users/user/eclipse-workspace/HelloWorld/build/heap.o
 .debug_info    0x00006634     0x1390 c:/Users/user/eclipse-workspace/HelloWorld/build/system_max78000.o
 .debug_info    0x000079c4      0x859 c:/MaximSDK/Libraries/PeriphDrivers/bin/MAX78000/softfp/libPeriphDriver_softfp.a(mxc_delay.o)
 .debug_info    0x0000821d      0x83f c:/MaximSDK/Libraries/PeriphDrivers/bin/MAX78000/softfp/libPeriphDriver_softfp.a(pins_ai85.o)
 .debug_info    0x00008a5c      0xd17 c:/MaximSDK/Libraries/PeriphDrivers/bin/MAX78000/softfp/libPeriphDriver_softfp.a(sys_ai85.o)
 .debug_info    0x00009773     0x119b c:/MaximSDK/Libraries/PeriphDrivers/bin/MAX78000/softfp/libPeriphDriver_softfp.a(gpio_ai85.o)
 .debug_info    0x0000a90e      0xafe c:/MaximSDK/Libraries/PeriphDrivers/bin/MAX78000/softfp/libPeriphDriver_softfp.a(gpio_reva.o)
 .debug_info    0x0000b40c     0x1c52 c:/MaximSDK/Libraries/PeriphDrivers/bin/MAX78000/softfp/libPeriphDriver_softfp.a(uart_ai85.o)
 .debug_info    0x0000d05e      0x7bf c:/MaximSDK/Libraries/PeriphDrivers/bin/MAX78000/softfp/libPeriphDriver_softfp.a(uart_common.o)
 .debug_info    0x0000d81d     0x2961 c:/MaximSDK/Libraries/PeriphDrivers/bin/MAX78000/softfp/libPeriphDriver_softfp.a(uart_revb.o)
 .debug_info    0x0001017e      0x805 c:/MaximSDK/Libraries/PeriphDrivers/bin/MAX78000/softfp/libPeriphDriver_softfp.a(gpio_common.o)

.debug_abbrev   0x00000000     0x2464
 .debug_abbrev  0x00000000      0x265 c:/Users/user/eclipse-workspace/HelloWorld/build/main.o
 .debug_abbrev  0x00000265      0x30c c:/Users/user/eclipse-workspace/HelloWorld/build/board.o
 .debug_abbrev  0x00000571      0x2ff c:/Users/user/eclipse-workspace/HelloWorld/build/stdio.o
 .debug_abbrev  0x00000870      0x2ae c:/Users/user/eclipse-workspace/HelloWorld/build/led.o
 .debug_abbrev  0x00000b1e      0x298 c:/Users/user/eclipse-workspace/HelloWorld/build/pb.o
 .debug_abbrev  0x00000db6      0x232 c:/Users/user/eclipse-workspace/HelloWorld/build/heap.o
 .debug_abbrev  0x00000fe8      0x2c1 c:/Users/user/eclipse-workspace/HelloWorld/build/system_max78000.o
 .debug_abbrev  0x000012a9      0x203 c:/MaximSDK/Libraries/PeriphDrivers/bin/MAX78000/softfp/libPeriphDriver_softfp.a(mxc_delay.o)
 .debug_abbrev  0x000014ac       0xd3 c:/MaximSDK/Libraries/PeriphDrivers/bin/MAX78000/softfp/libPeriphDriver_softfp.a(pins_ai85.o)
 .debug_abbrev  0x0000157f      0x201 c:/MaximSDK/Libraries/PeriphDrivers/bin/MAX78000/softfp/libPeriphDriver_softfp.a(sys_ai85.o)
 .debug_abbrev  0x00001780      0x251 c:/MaximSDK/Libraries/PeriphDrivers/bin/MAX78000/softfp/libPeriphDriver_softfp.a(gpio_ai85.o)
 .debug_abbrev  0x000019d1      0x156 c:/MaximSDK/Libraries/PeriphDrivers/bin/MAX78000/softfp/libPeriphDriver_softfp.a(gpio_reva.o)
 .debug_abbrev  0x00001b27      0x26f c:/MaximSDK/Libraries/PeriphDrivers/bin/MAX78000/softfp/libPeriphDriver_softfp.a(uart_ai85.o)
 .debug_abbrev  0x00001d96      0x12d c:/MaximSDK/Libraries/PeriphDrivers/bin/MAX78000/softfp/libPeriphDriver_softfp.a(uart_common.o)
 .debug_abbrev  0x00001ec3      0x3ba c:/MaximSDK/Libraries/PeriphDrivers/bin/MAX78000/softfp/libPeriphDriver_softfp.a(uart_revb.o)
 .debug_abbrev  0x0000227d      0x1e7 c:/MaximSDK/Libraries/PeriphDrivers/bin/MAX78000/softfp/libPeriphDriver_softfp.a(gpio_common.o)

.debug_loc      0x00000000     0x35c9
 .debug_loc     0x00000000       0x30 c:/Users/user/eclipse-workspace/HelloWorld/build/main.o
 .debug_loc     0x00000030      0x1db c:/Users/user/eclipse-workspace/HelloWorld/build/board.o
 .debug_loc     0x0000020b      0x324 c:/Users/user/eclipse-workspace/HelloWorld/build/stdio.o
 .debug_loc     0x0000052f       0xdc c:/Users/user/eclipse-workspace/HelloWorld/build/led.o
 .debug_loc     0x0000060b      0x184 c:/Users/user/eclipse-workspace/HelloWorld/build/pb.o
 .debug_loc     0x0000078f       0x54 c:/Users/user/eclipse-workspace/HelloWorld/build/heap.o
 .debug_loc     0x000007e3       0x52 c:/Users/user/eclipse-workspace/HelloWorld/build/system_max78000.o
 .debug_loc     0x00000835      0x155 c:/MaximSDK/Libraries/PeriphDrivers/bin/MAX78000/softfp/libPeriphDriver_softfp.a(mxc_delay.o)
 .debug_loc     0x0000098a      0x30a c:/MaximSDK/Libraries/PeriphDrivers/bin/MAX78000/softfp/libPeriphDriver_softfp.a(sys_ai85.o)
 .debug_loc     0x00000c94      0x6e9 c:/MaximSDK/Libraries/PeriphDrivers/bin/MAX78000/softfp/libPeriphDriver_softfp.a(gpio_ai85.o)
 .debug_loc     0x0000137d      0x241 c:/MaximSDK/Libraries/PeriphDrivers/bin/MAX78000/softfp/libPeriphDriver_softfp.a(gpio_reva.o)
 .debug_loc     0x000015be      0xcdf c:/MaximSDK/Libraries/PeriphDrivers/bin/MAX78000/softfp/libPeriphDriver_softfp.a(uart_ai85.o)
 .debug_loc     0x0000229d       0x8f c:/MaximSDK/Libraries/PeriphDrivers/bin/MAX78000/softfp/libPeriphDriver_softfp.a(uart_common.o)
 .debug_loc     0x0000232c     0x1193 c:/MaximSDK/Libraries/PeriphDrivers/bin/MAX78000/softfp/libPeriphDriver_softfp.a(uart_revb.o)
 .debug_loc     0x000034bf      0x10a c:/MaximSDK/Libraries/PeriphDrivers/bin/MAX78000/softfp/libPeriphDriver_softfp.a(gpio_common.o)

.debug_aranges  0x00000000      0x6c0
 .debug_aranges
                0x00000000       0x20 c:/Users/user/eclipse-workspace/HelloWorld/build/main.o
 .debug_aranges
                0x00000020       0x50 c:/Users/user/eclipse-workspace/HelloWorld/build/board.o
 .debug_aranges
                0x00000070       0x48 c:/Users/user/eclipse-workspace/HelloWorld/build/stdio.o
 .debug_aranges
                0x000000b8       0x38 c:/Users/user/eclipse-workspace/HelloWorld/build/led.o
 .debug_aranges
                0x000000f0       0x60 c:/Users/user/eclipse-workspace/HelloWorld/build/pb.o
 .debug_aranges
                0x00000150       0x20 c:/Users/user/eclipse-workspace/HelloWorld/build/heap.o
 .debug_aranges
                0x00000170       0x30 c:/Users/user/eclipse-workspace/HelloWorld/build/system_max78000.o
 .debug_aranges
                0x000001a0       0x50 c:/MaximSDK/Libraries/PeriphDrivers/bin/MAX78000/softfp/libPeriphDriver_softfp.a(mxc_delay.o)
 .debug_aranges
                0x000001f0       0x18 c:/MaximSDK/Libraries/PeriphDrivers/bin/MAX78000/softfp/libPeriphDriver_softfp.a(pins_ai85.o)
 .debug_aranges
                0x00000208       0x70 c:/MaximSDK/Libraries/PeriphDrivers/bin/MAX78000/softfp/libPeriphDriver_softfp.a(sys_ai85.o)
 .debug_aranges
                0x00000278       0xa8 c:/MaximSDK/Libraries/PeriphDrivers/bin/MAX78000/softfp/libPeriphDriver_softfp.a(gpio_ai85.o)
 .debug_aranges
                0x00000320       0x80 c:/MaximSDK/Libraries/PeriphDrivers/bin/MAX78000/softfp/libPeriphDriver_softfp.a(gpio_reva.o)
 .debug_aranges
                0x000003a0      0x168 c:/MaximSDK/Libraries/PeriphDrivers/bin/MAX78000/softfp/libPeriphDriver_softfp.a(uart_ai85.o)
 .debug_aranges
                0x00000508       0x28 c:/MaximSDK/Libraries/PeriphDrivers/bin/MAX78000/softfp/libPeriphDriver_softfp.a(uart_common.o)
 .debug_aranges
                0x00000530      0x160 c:/MaximSDK/Libraries/PeriphDrivers/bin/MAX78000/softfp/libPeriphDriver_softfp.a(uart_revb.o)
 .debug_aranges
                0x00000690       0x30 c:/MaximSDK/Libraries/PeriphDrivers/bin/MAX78000/softfp/libPeriphDriver_softfp.a(gpio_common.o)

.debug_ranges   0x00000000      0x5d0
 .debug_ranges  0x00000000       0x10 c:/Users/user/eclipse-workspace/HelloWorld/build/main.o
 .debug_ranges  0x00000010       0x40 c:/Users/user/eclipse-workspace/HelloWorld/build/board.o
 .debug_ranges  0x00000050       0x38 c:/Users/user/eclipse-workspace/HelloWorld/build/stdio.o
 .debug_ranges  0x00000088       0x28 c:/Users/user/eclipse-workspace/HelloWorld/build/led.o
 .debug_ranges  0x000000b0       0x50 c:/Users/user/eclipse-workspace/HelloWorld/build/pb.o
 .debug_ranges  0x00000100       0x10 c:/Users/user/eclipse-workspace/HelloWorld/build/heap.o
 .debug_ranges  0x00000110       0x20 c:/Users/user/eclipse-workspace/HelloWorld/build/system_max78000.o
 .debug_ranges  0x00000130       0x40 c:/MaximSDK/Libraries/PeriphDrivers/bin/MAX78000/softfp/libPeriphDriver_softfp.a(mxc_delay.o)
 .debug_ranges  0x00000170       0x60 c:/MaximSDK/Libraries/PeriphDrivers/bin/MAX78000/softfp/libPeriphDriver_softfp.a(sys_ai85.o)
 .debug_ranges  0x000001d0       0xb0 c:/MaximSDK/Libraries/PeriphDrivers/bin/MAX78000/softfp/libPeriphDriver_softfp.a(gpio_ai85.o)
 .debug_ranges  0x00000280       0x70 c:/MaximSDK/Libraries/PeriphDrivers/bin/MAX78000/softfp/libPeriphDriver_softfp.a(gpio_reva.o)
 .debug_ranges  0x000002f0      0x158 c:/MaximSDK/Libraries/PeriphDrivers/bin/MAX78000/softfp/libPeriphDriver_softfp.a(uart_ai85.o)
 .debug_ranges  0x00000448       0x18 c:/MaximSDK/Libraries/PeriphDrivers/bin/MAX78000/softfp/libPeriphDriver_softfp.a(uart_common.o)
 .debug_ranges  0x00000460      0x150 c:/MaximSDK/Libraries/PeriphDrivers/bin/MAX78000/softfp/libPeriphDriver_softfp.a(uart_revb.o)
 .debug_ranges  0x000005b0       0x20 c:/MaximSDK/Libraries/PeriphDrivers/bin/MAX78000/softfp/libPeriphDriver_softfp.a(gpio_common.o)

.debug_macro    0x00000000     0x9cb0
 .debug_macro   0x00000000      0x26f c:/Users/user/eclipse-workspace/HelloWorld/build/main.o
 .debug_macro   0x0000026f      0xaba c:/Users/user/eclipse-workspace/HelloWorld/build/main.o
 .debug_macro   0x00000d29       0x22 c:/Users/user/eclipse-workspace/HelloWorld/build/main.o
 .debug_macro   0x00000d4b       0x58 c:/Users/user/eclipse-workspace/HelloWorld/build/main.o
 .debug_macro   0x00000da3       0x18 c:/Users/user/eclipse-workspace/HelloWorld/build/main.o
 .debug_macro   0x00000dbb       0x94 c:/Users/user/eclipse-workspace/HelloWorld/build/main.o
 .debug_macro   0x00000e4f       0x35 c:/Users/user/eclipse-workspace/HelloWorld/build/main.o
 .debug_macro   0x00000e84       0x34 c:/Users/user/eclipse-workspace/HelloWorld/build/main.o
 .debug_macro   0x00000eb8       0x16 c:/Users/user/eclipse-workspace/HelloWorld/build/main.o
 .debug_macro   0x00000ece       0x57 c:/Users/user/eclipse-workspace/HelloWorld/build/main.o
 .debug_macro   0x00000f25       0x97 c:/Users/user/eclipse-workspace/HelloWorld/build/main.o
 .debug_macro   0x00000fbc      0x339 c:/Users/user/eclipse-workspace/HelloWorld/build/main.o
 .debug_macro   0x000012f5       0xfd c:/Users/user/eclipse-workspace/HelloWorld/build/main.o
 .debug_macro   0x000013f2       0x10 c:/Users/user/eclipse-workspace/HelloWorld/build/main.o
 .debug_macro   0x00001402       0x58 c:/Users/user/eclipse-workspace/HelloWorld/build/main.o
 .debug_macro   0x0000145a       0x1f c:/Users/user/eclipse-workspace/HelloWorld/build/main.o
 .debug_macro   0x00001479       0x43 c:/Users/user/eclipse-workspace/HelloWorld/build/main.o
 .debug_macro   0x000014bc       0x20 c:/Users/user/eclipse-workspace/HelloWorld/build/main.o
 .debug_macro   0x000014dc      0x18e c:/Users/user/eclipse-workspace/HelloWorld/build/main.o
 .debug_macro   0x0000166a       0x10 c:/Users/user/eclipse-workspace/HelloWorld/build/main.o
 .debug_macro   0x0000167a       0x6a c:/Users/user/eclipse-workspace/HelloWorld/build/main.o
 .debug_macro   0x000016e4       0x1c c:/Users/user/eclipse-workspace/HelloWorld/build/main.o
 .debug_macro   0x00001700       0x52 c:/Users/user/eclipse-workspace/HelloWorld/build/main.o
 .debug_macro   0x00001752       0x40 c:/Users/user/eclipse-workspace/HelloWorld/build/main.o
 .debug_macro   0x00001792       0x10 c:/Users/user/eclipse-workspace/HelloWorld/build/main.o
 .debug_macro   0x000017a2       0x40 c:/Users/user/eclipse-workspace/HelloWorld/build/main.o
 .debug_macro   0x000017e2       0xd7 c:/Users/user/eclipse-workspace/HelloWorld/build/main.o
 .debug_macro   0x000018b9       0x1c c:/Users/user/eclipse-workspace/HelloWorld/build/main.o
 .debug_macro   0x000018d5       0x3d c:/Users/user/eclipse-workspace/HelloWorld/build/main.o
 .debug_macro   0x00001912       0x16 c:/Users/user/eclipse-workspace/HelloWorld/build/main.o
 .debug_macro   0x00001928      0x16f c:/Users/user/eclipse-workspace/HelloWorld/build/main.o
 .debug_macro   0x00001a97       0xef c:/Users/user/eclipse-workspace/HelloWorld/build/main.o
 .debug_macro   0x00001b86      0x1df c:/Users/user/eclipse-workspace/HelloWorld/build/main.o
 .debug_macro   0x00001d65       0x52 c:/Users/user/eclipse-workspace/HelloWorld/build/main.o
 .debug_macro   0x00001db7       0x3b c:/Users/user/eclipse-workspace/HelloWorld/build/main.o
 .debug_macro   0x00001df2       0x2d c:/Users/user/eclipse-workspace/HelloWorld/build/main.o
 .debug_macro   0x00001e1f       0x42 c:/Users/user/eclipse-workspace/HelloWorld/build/main.o
 .debug_macro   0x00001e61      0xd39 c:/Users/user/eclipse-workspace/HelloWorld/build/main.o
 .debug_macro   0x00002b9a       0x3a c:/Users/user/eclipse-workspace/HelloWorld/build/main.o
 .debug_macro   0x00002bd4      0x5d7 c:/Users/user/eclipse-workspace/HelloWorld/build/main.o
 .debug_macro   0x000031ab       0x7c c:/Users/user/eclipse-workspace/HelloWorld/build/main.o
 .debug_macro   0x00003227      0x50a c:/Users/user/eclipse-workspace/HelloWorld/build/main.o
 .debug_macro   0x00003731       0xdc c:/Users/user/eclipse-workspace/HelloWorld/build/main.o
 .debug_macro   0x0000380d       0x22 c:/Users/user/eclipse-workspace/HelloWorld/build/main.o
 .debug_macro   0x0000382f       0x16 c:/Users/user/eclipse-workspace/HelloWorld/build/main.o
 .debug_macro   0x00003845       0x72 c:/Users/user/eclipse-workspace/HelloWorld/build/main.o
 .debug_macro   0x000038b7       0x1c c:/Users/user/eclipse-workspace/HelloWorld/build/main.o
 .debug_macro   0x000038d3      0x2d1 c:/Users/user/eclipse-workspace/HelloWorld/build/board.o
 .debug_macro   0x00003ba4       0x16 c:/Users/user/eclipse-workspace/HelloWorld/build/board.o
 .debug_macro   0x00003bba       0x40 c:/Users/user/eclipse-workspace/HelloWorld/build/board.o
 .debug_macro   0x00003bfa       0xb2 c:/Users/user/eclipse-workspace/HelloWorld/build/board.o
 .debug_macro   0x00003cac      0x823 c:/Users/user/eclipse-workspace/HelloWorld/build/board.o
 .debug_macro   0x000044cf      0x3c4 c:/Users/user/eclipse-workspace/HelloWorld/build/board.o
 .debug_macro   0x00004893      0x223 c:/Users/user/eclipse-workspace/HelloWorld/build/board.o